Archive member included to satisfy reference by file (symbol)

C:/ST/STM32CubeIDE_1.16.1/STM32CubeIDE/plugins/com.st.stm32cube.ide.mcu.externaltools.gnu-tools-for-stm32.12.3.rel1.win32_1.0.200.202406191623/tools/bin/../lib/gcc/arm-none-eabi/12.3.1/../../../../arm-none-eabi/lib/thumb/v7e-m+fp/hard\libc_nano.a(libc_a-exit.o)
                              C:/ST/STM32CubeIDE_1.16.1/STM32CubeIDE/plugins/com.st.stm32cube.ide.mcu.externaltools.gnu-tools-for-stm32.12.3.rel1.win32_1.0.200.202406191623/tools/bin/../lib/gcc/arm-none-eabi/12.3.1/../../../../arm-none-eabi/lib/thumb/v7e-m+fp/hard/crt0.o (exit)
C:/ST/STM32CubeIDE_1.16.1/STM32CubeIDE/plugins/com.st.stm32cube.ide.mcu.externaltools.gnu-tools-for-stm32.12.3.rel1.win32_1.0.200.202406191623/tools/bin/../lib/gcc/arm-none-eabi/12.3.1/../../../../arm-none-eabi/lib/thumb/v7e-m+fp/hard\libc_nano.a(libc_a-malloc.o)
                              ./Middlewares/ST/STM32_USB_Host_Library/Class/MSC/Src/usbh_msc.o (malloc)
C:/ST/STM32CubeIDE_1.16.1/STM32CubeIDE/plugins/com.st.stm32cube.ide.mcu.externaltools.gnu-tools-for-stm32.12.3.rel1.win32_1.0.200.202406191623/tools/bin/../lib/gcc/arm-none-eabi/12.3.1/../../../../arm-none-eabi/lib/thumb/v7e-m+fp/hard\libc_nano.a(libc_a-mallocr.o)
                              C:/ST/STM32CubeIDE_1.16.1/STM32CubeIDE/plugins/com.st.stm32cube.ide.mcu.externaltools.gnu-tools-for-stm32.12.3.rel1.win32_1.0.200.202406191623/tools/bin/../lib/gcc/arm-none-eabi/12.3.1/../../../../arm-none-eabi/lib/thumb/v7e-m+fp/hard\libc_nano.a(libc_a-malloc.o) (_malloc_r)
C:/ST/STM32CubeIDE_1.16.1/STM32CubeIDE/plugins/com.st.stm32cube.ide.mcu.externaltools.gnu-tools-for-stm32.12.3.rel1.win32_1.0.200.202406191623/tools/bin/../lib/gcc/arm-none-eabi/12.3.1/../../../../arm-none-eabi/lib/thumb/v7e-m+fp/hard\libc_nano.a(libc_a-mlock.o)
                              C:/ST/STM32CubeIDE_1.16.1/STM32CubeIDE/plugins/com.st.stm32cube.ide.mcu.externaltools.gnu-tools-for-stm32.12.3.rel1.win32_1.0.200.202406191623/tools/bin/../lib/gcc/arm-none-eabi/12.3.1/../../../../arm-none-eabi/lib/thumb/v7e-m+fp/hard\libc_nano.a(libc_a-mallocr.o) (__malloc_lock)
C:/ST/STM32CubeIDE_1.16.1/STM32CubeIDE/plugins/com.st.stm32cube.ide.mcu.externaltools.gnu-tools-for-stm32.12.3.rel1.win32_1.0.200.202406191623/tools/bin/../lib/gcc/arm-none-eabi/12.3.1/../../../../arm-none-eabi/lib/thumb/v7e-m+fp/hard\libc_nano.a(libc_a-findfp.o)
                              C:/ST/STM32CubeIDE_1.16.1/STM32CubeIDE/plugins/com.st.stm32cube.ide.mcu.externaltools.gnu-tools-for-stm32.12.3.rel1.win32_1.0.200.202406191623/tools/bin/../lib/gcc/arm-none-eabi/12.3.1/../../../../arm-none-eabi/lib/thumb/v7e-m+fp/hard\libc_nano.a(libc_a-exit.o) (__stdio_exit_handler)
C:/ST/STM32CubeIDE_1.16.1/STM32CubeIDE/plugins/com.st.stm32cube.ide.mcu.externaltools.gnu-tools-for-stm32.12.3.rel1.win32_1.0.200.202406191623/tools/bin/../lib/gcc/arm-none-eabi/12.3.1/../../../../arm-none-eabi/lib/thumb/v7e-m+fp/hard\libc_nano.a(libc_a-fwalk.o)
                              C:/ST/STM32CubeIDE_1.16.1/STM32CubeIDE/plugins/com.st.stm32cube.ide.mcu.externaltools.gnu-tools-for-stm32.12.3.rel1.win32_1.0.200.202406191623/tools/bin/../lib/gcc/arm-none-eabi/12.3.1/../../../../arm-none-eabi/lib/thumb/v7e-m+fp/hard\libc_nano.a(libc_a-findfp.o) (_fwalk_sglue)
C:/ST/STM32CubeIDE_1.16.1/STM32CubeIDE/plugins/com.st.stm32cube.ide.mcu.externaltools.gnu-tools-for-stm32.12.3.rel1.win32_1.0.200.202406191623/tools/bin/../lib/gcc/arm-none-eabi/12.3.1/../../../../arm-none-eabi/lib/thumb/v7e-m+fp/hard\libc_nano.a(libc_a-stdio.o)
                              C:/ST/STM32CubeIDE_1.16.1/STM32CubeIDE/plugins/com.st.stm32cube.ide.mcu.externaltools.gnu-tools-for-stm32.12.3.rel1.win32_1.0.200.202406191623/tools/bin/../lib/gcc/arm-none-eabi/12.3.1/../../../../arm-none-eabi/lib/thumb/v7e-m+fp/hard\libc_nano.a(libc_a-findfp.o) (__sread)
C:/ST/STM32CubeIDE_1.16.1/STM32CubeIDE/plugins/com.st.stm32cube.ide.mcu.externaltools.gnu-tools-for-stm32.12.3.rel1.win32_1.0.200.202406191623/tools/bin/../lib/gcc/arm-none-eabi/12.3.1/../../../../arm-none-eabi/lib/thumb/v7e-m+fp/hard\libc_nano.a(libc_a-memset.o)
                              C:/ST/STM32CubeIDE_1.16.1/STM32CubeIDE/plugins/com.st.stm32cube.ide.mcu.externaltools.gnu-tools-for-stm32.12.3.rel1.win32_1.0.200.202406191623/tools/bin/../lib/gcc/arm-none-eabi/12.3.1/../../../../arm-none-eabi/lib/thumb/v7e-m+fp/hard/crt0.o (memset)
C:/ST/STM32CubeIDE_1.16.1/STM32CubeIDE/plugins/com.st.stm32cube.ide.mcu.externaltools.gnu-tools-for-stm32.12.3.rel1.win32_1.0.200.202406191623/tools/bin/../lib/gcc/arm-none-eabi/12.3.1/../../../../arm-none-eabi/lib/thumb/v7e-m+fp/hard\libc_nano.a(libc_a-strncpy.o)
                              ./Core/Src/File_Handling.o (strncpy)
C:/ST/STM32CubeIDE_1.16.1/STM32CubeIDE/plugins/com.st.stm32cube.ide.mcu.externaltools.gnu-tools-for-stm32.12.3.rel1.win32_1.0.200.202406191623/tools/bin/../lib/gcc/arm-none-eabi/12.3.1/../../../../arm-none-eabi/lib/thumb/v7e-m+fp/hard\libc_nano.a(libc_a-strstr.o)
[...]
Memory Configuration

Name             Origin             Length             Attributes
RAM              0x20000000         0x00020000         xrw
FLASH            0x08000000         0x00080000         xr
*default*        0x00000000         0xffffffff

Linker script and memory map

LOAD C:/ST/STM32CubeIDE_1.16.1/STM32CubeIDE/plugins/com.st.stm32cube.ide.mcu.externaltools.gnu-tools-for-stm32.12.3.rel1.win32_1.0.200.202406191623/tools/bin/../lib/gcc/arm-none-eabi/12.3.1/thumb/v7e-m+fp/hard/crti.o
LOAD C:/ST/STM32CubeIDE_1.16.1/STM32CubeIDE/plugins/com.st.stm32cube.ide.mcu.externaltools.gnu-tools-for-stm32.12.3.rel1.win32_1.0.200.202406191623/tools/bin/../lib/gcc/arm-none-eabi/12.3.1/thumb/v7e-m+fp/hard/crtbegin.o
LOAD C:/ST/STM32CubeIDE_1.16.1/STM32CubeIDE/plugins/com.st.stm32cube.ide.mcu.externaltools.gnu-tools-for-stm32.12.3.rel1.win32_1.0.200.202406191623/tools/bin/../lib/gcc/arm-none-eabi/12.3.1/../../../../arm-none-eabi/lib/thumb/v7e-m+fp/hard/crt0.o
LOAD ./Core/Src/AUDIO.o
LOAD ./Core/Src/AUDIO_LINK.o
LOAD ./Core/Src/File_Handling.o
LOAD ./Core/Src/cs43l22.o
LOAD ./Core/Src/main.o
LOAD ./Core/Src/stm32f4xx_hal_msp.o
LOAD ./Core/Src/stm32f4xx_it.o
LOAD ./Core/Src/syscalls.o
LOAD ./Core/Src/sysmem.o
LOAD ./Core/Src/system_stm32f4xx.o
LOAD ./Core/Src/waveplayer.o
LOAD ./Core/Startup/startup_stm32f411vetx.o
LOAD ./Drivers/STM32F4xx_HAL_Driver/Src/stm32f4xx_hal.o
LOAD ./Drivers/STM32F4xx_HAL_Driver/Src/stm32f4xx_hal_adc.o
LOAD ./Drivers/STM32F4xx_HAL_Driver/Src/stm32f4xx_hal_adc_ex.o
LOAD ./Drivers/STM32F4xx_HAL_Driver/Src/stm32f4xx_hal_cortex.o
LOAD ./Drivers/STM32F4xx_HAL_Driver/Src/stm32f4xx_hal_dma.o
LOAD ./Drivers/STM32F4xx_HAL_Driver/Src/stm32f4xx_hal_dma_ex.o
LOAD ./Drivers/STM32F4xx_HAL_Driver/Src/stm32f4xx_hal_exti.o
LOAD ./Drivers/STM32F4xx_HAL_Driver/Src/stm32f4xx_hal_flash.o
LOAD ./Drivers/STM32F4xx_HAL_Driver/Src/stm32f4xx_hal_flash_ex.o
LOAD ./Drivers/STM32F4xx_HAL_Driver/Src/stm32f4xx_hal_flash_ramfunc.o
LOAD ./Drivers/STM32F4xx_HAL_Driver/Src/stm32f4xx_hal_gpio.o
LOAD ./Drivers/STM32F4xx_HAL_Driver/Src/stm32f4xx_hal_hcd.o
LOAD ./Drivers/STM32F4xx_HAL_Driver/Src/stm32f4xx_hal_i2c.o
LOAD ./Drivers/STM32F4xx_HAL_Driver/Src/stm32f4xx_hal_i2c_ex.o
LOAD ./Drivers/STM32F4xx_HAL_Driver/Src/stm32f4xx_hal_i2s.o
LOAD ./Drivers/STM32F4xx_HAL_Driver/Src/stm32f4xx_hal_i2s_ex.o
LOAD ./Drivers/STM32F4xx_HAL_Driver/Src/stm32f4xx_hal_pwr.o
LOAD ./Drivers/STM32F4xx_HAL_Driver/Src/stm32f4xx_hal_pwr_ex.o
LOAD ./Drivers/STM32F4xx_HAL_Driver/Src/stm32f4xx_hal_rcc.o
LOAD ./Drivers/STM32F4xx_HAL_Driver/Src/stm32f4xx_hal_rcc_ex.o
LOAD ./Drivers/STM32F4xx_HAL_Driver/Src/stm32f4xx_hal_tim.o
LOAD ./Drivers/STM32F4xx_HAL_Driver/Src/stm32f4xx_hal_tim_ex.o
LOAD ./Drivers/STM32F4xx_HAL_Driver/Src/stm32f4xx_ll_usb.o
LOAD ./FATFS/App/fatfs.o
LOAD ./FATFS/Target/usbh_diskio.o
LOAD ./Middlewares/ST/STM32_USB_Host_Library/Class/MSC/Src/usbh_msc.o
LOAD ./Middlewares/ST/STM32_USB_Host_Library/Class/MSC/Src/usbh_msc_bot.o
LOAD ./Middlewares/ST/STM32_USB_Host_Library/Class/MSC/Src/usbh_msc_scsi.o
LOAD ./Middlewares/ST/STM32_USB_Host_Library/Core/Src/usbh_core.o
LOAD ./Middlewares/ST/STM32_USB_Host_Library/Core/Src/usbh_ctlreq.o
LOAD ./Middlewares/ST/STM32_USB_Host_Library/Core/Src/usbh_ioreq.o
LOAD ./Middlewares/ST/STM32_USB_Host_Library/Core/Src/usbh_pipes.o
LOAD ./Middlewares/Third_Party/FatFs/src/diskio.o
LOAD ./Middlewares/Third_Party/FatFs/src/ff.o
LOAD ./Middlewares/Third_Party/FatFs/src/ff_gen_drv.o
LOAD ./Middlewares/Third_Party/FatFs/src/option/ccsbcs.o
LOAD ./Middlewares/Third_Party/FatFs/src/option/syscall.o
LOAD ./USB_HOST/App/usb_host.o
LOAD ./USB_HOST/Target/usbh_conf.o
LOAD ./USB_HOST/Target/usbh_platform.o
START GROUP
LOAD C:/ST/STM32CubeIDE_1.16.1/STM32CubeIDE/plugins/com.st.stm32cube.ide.mcu.externaltools.gnu-tools-for-stm32.12.3.rel1.win32_1.0.200.202406191623/tools/bin/../lib/gcc/arm-none-eabi/12.3.1/../../../../arm-none-eabi/lib/thumb/v7e-m+fp/hard\libc_nano.a
LOAD C:/ST/STM32CubeIDE_1.16.1/STM32CubeIDE/plugins/com.st.stm32cube.ide.mcu.externaltools.gnu-tools-for-stm32.12.3.rel1.win32_1.0.200.202406191623/tools/bin/../lib/gcc/arm-none-eabi/12.3.1/../../../../arm-none-eabi/lib/thumb/v7e-m+fp/hard\libm.a
END GROUP
START GROUP
LOAD C:/ST/STM32CubeIDE_1.16.1/STM32CubeIDE/plugins/com.st.stm32cube.ide.mcu.externaltools.gnu-tools-for-stm32.12.3.rel1.win32_1.0.200.202406191623/tools/bin/../lib/gcc/arm-none-eabi/12.3.1/thumb/v7e-m+fp/hard\libgcc.a
LOAD C:/ST/STM32CubeIDE_1.16.1/STM32CubeIDE/plugins/com.st.stm32cube.ide.mcu.externaltools.gnu-tools-for-stm32.12.3.rel1.win32_1.0.200.202406191623/tools/bin/../lib/gcc/arm-none-eabi/12.3.1/../../../../arm-none-eabi/lib/thumb/v7e-m+fp/hard\libc_nano.a
END GROUP
START GROUP
LOAD C:/ST/STM32CubeIDE_1.16.1/STM32CubeIDE/plugins/com.st.stm32cube.ide.mcu.externaltools.gnu-tools-for-stm32.12.3.rel1.win32_1.0.200.202406191623/tools/bin/../lib/gcc/arm-none-eabi/12.3.1/thumb/v7e-m+fp/hard\libgcc.a
LOAD C:/ST/STM32CubeIDE_1.16.1/STM32CubeIDE/plugins/com.st.stm32cube.ide.mcu.externaltools.gnu-tools-for-stm32.12.3.rel1.win32_1.0.200.202406191623/tools/bin/../lib/gcc/arm-none-eabi/12.3.1/../../../../arm-none-eabi/lib/thumb/v7e-m+fp/hard\libc_nano.a
LOAD C:/ST/STM32CubeIDE_1.16.1/STM32CubeIDE/plugins/com.st.stm32cube.ide.mcu.externaltools.gnu-tools-for-stm32.12.3.rel1.win32_1.0.200.202406191623/tools/bin/../lib/gcc/arm-none-eabi/12.3.1/../../../../arm-none-eabi/lib/thumb/v7e-m+fp/hard\libnosys.a
END GROUP
START GROUP
LOAD C:/ST/STM32CubeIDE_1.16.1/STM32CubeIDE/plugins/com.st.stm32cube.ide.mcu.externaltools.gnu-tools-for-stm32.12.3.rel1.win32_1.0.200.202406191623/tools/bin/../lib/gcc/arm-none-eabi/12.3.1/thumb/v7e-m+fp/hard\libgcc.a
LOAD C:/ST/STM32CubeIDE_1.16.1/STM32CubeIDE/plugins/com.st.stm32cube.ide.mcu.externaltools.gnu-tools-for-stm32.12.3.rel1.win32_1.0.200.202406191623/tools/bin/../lib/gcc/arm-none-eabi/12.3.1/../../../../arm-none-eabi/lib/thumb/v7e-m+fp/hard\libc_nano.a
LOAD C:/ST/STM32CubeIDE_1.16.1/STM32CubeIDE/plugins/com.st.stm32cube.ide.mcu.externaltools.gnu-tools-for-stm32.12.3.rel1.win32_1.0.200.202406191623/tools/bin/../lib/gcc/arm-none-eabi/12.3.1/../../../../arm-none-eabi/lib/thumb/v7e-m+fp/hard\libnosys.a
END GROUP
LOAD C:/ST/STM32CubeIDE_1.16.1/STM32CubeIDE/plugins/com.st.stm32cube.ide.mcu.externaltools.gnu-tools-for-stm32.12.3.rel1.win32_1.0.200.202406191623/tools/bin/../lib/gcc/arm-none-eabi/12.3.1/thumb/v7e-m+fp/hard/crtend.o
LOAD C:/ST/STM32CubeIDE_1.16.1/STM32CubeIDE/plugins/com.st.stm32cube.ide.mcu.externaltools.gnu-tools-for-stm32.12.3.rel1.win32_1.0.200.202406191623/tools/bin/../lib/gcc/arm-none-eabi/12.3.1/thumb/v7e-m+fp/hard/crtn.o
                0x20020000                        _estack = (ORIGIN (RAM) + LENGTH (RAM))
                0x00000200                        _Min_Heap_Size = 0x200
                0x00000400                        _Min_Stack_Size = 0x400

.isr_vector     0x08000000      0x198
                0x08000000                        . = ALIGN (0x4)
 *(.isr_vector)
 .isr_vector    0x08000000      0x198 ./Core/Startup/startup_stm32f411vetx.o
                0x08000000                g_pfnVectors
                0x08000198                        . = ALIGN (0x4)

.text           0x08000198     0xfe94
                0x08000198                        . = ALIGN (0x4)
 *(.text)
 .text          0x08000198       0x40 C:/ST/STM32CubeIDE_1.16.1/STM32CubeIDE/plugins/com.st.stm32cube.ide.mcu.externaltools.gnu-tools-for-stm32.12.3.rel1.win32_1.0.200.202406191623/tools/bin/../lib/gcc/arm-none-eabi/12.3.1/thumb/v7e-m+fp/hard/crtbegin.o
 .text          0x080001d8       0x30 C:/ST/STM32CubeIDE_1.16.1/STM32CubeIDE/plugins/com.st.stm32cube.ide.mcu.externaltools.gnu-tools-for-stm32.12.3.rel1.win32_1.0.200.202406191623/tools/bin/../lib/gcc/arm-none-eabi/12.3.1/thumb/v7e-m+fp/hard\libgcc.a(_aeabi_uldivmod.o)
                0x080001d8                __aeabi_uldivmod
 .text          0x08000208      0x2bc C:/ST/STM32CubeIDE_1.16.1/STM32CubeIDE/plugins/com.st.stm32cube.ide.mcu.externaltools.gnu-tools-for-stm32.12.3.rel1.win32_1.0.200.202406191623/tools/bin/../lib/gcc/arm-none-eabi/12.3.1/thumb/v7e-m+fp/hard\libgcc.a(_udivmoddi4.o)
                0x08000208                __udivmoddi4
 .text          0x080004c4        0x4 C:/ST/STM32CubeIDE_1.16.1/STM32CubeIDE/plugins/com.st.stm32cube.ide.mcu.externaltools.gnu-tools-for-stm32.12.3.rel1.win32_1.0.200.202406191623/tools/bin/../lib/gcc/arm-none-eabi/12.3.1/thumb/v7e-m+fp/hard\libgcc.a(_dvmd_tls.o)
                0x080004c4                __aeabi_idiv0
                0x080004c4                __aeabi_ldiv0
 *(.text*)
 .text.AUDIO_OUT_Init
                0x080004c8       0x9c ./Core/Src/AUDIO.o
                0x080004c8                AUDIO_OUT_Init
 .text.AUDIO_OUT_Play
                0x08000564       0x54 ./Core/Src/AUDIO.o
                0x08000564                AUDIO_OUT_Play
 .text.AUDIO_OUT_Pause
                0x080005b8       0x2c ./Core/Src/AUDIO.o
                0x080005b8                AUDIO_OUT_Pause
 .text.AUDIO_OUT_Resume
                0x080005e4       0x2c ./Core/Src/AUDIO.o
                0x080005e4                AUDIO_OUT_Resume
 .text.AUDIO_OUT_Stop
                0x08000610       0x50 ./Core/Src/AUDIO.o
                0x08000610                AUDIO_OUT_Stop
 .text.AUDIO_OUT_SetVolume
                0x08000660       0x30 ./Core/Src/AUDIO.o
                0x08000660                AUDIO_OUT_SetVolume
 .text.HAL_I2S_TxCpltCallback
                0x08000690       0x24 ./Core/Src/AUDIO.o
                0x08000690                HAL_I2S_TxCpltCallback
 .text.HAL_I2S_TxHalfCpltCallback
                0x080006b4       0x24 ./Core/Src/AUDIO.o
                0x080006b4                HAL_I2S_TxHalfCpltCallback
 .text.AUDIO_OUT_ClockConfig
                0x080006d8       0xbc ./Core/Src/AUDIO.o
                0x080006d8                AUDIO_OUT_ClockConfig
 .text.AUDIO_OUT_MspInit
                0x08000794      0x180 ./Core/Src/AUDIO.o
                0x08000794                AUDIO_OUT_MspInit
 .text.AUDIO_OUT_Error_CallBack
                0x08000914        0xe ./Core/Src/AUDIO.o
                0x08000914                AUDIO_OUT_Error_CallBack
 *fill*         0x08000922        0x2 
 .text.I2S3_Init
                0x08000924       0x70 ./Core/Src/AUDIO.o
 .text.HAL_I2S_ErrorCallback
                0x08000994       0x24 ./Core/Src/AUDIO.o
                0x08000994                HAL_I2S_ErrorCallback
 .text.I2Cx_Init
                0x080009b8       0x64 ./Core/Src/AUDIO_LINK.o
 .text.I2Cx_WriteData
                0x08000a1c       0x50 ./Core/Src/AUDIO_LINK.o
 .text.I2Cx_ReadData
                0x08000a6c       0x58 ./Core/Src/AUDIO_LINK.o
 .text.I2Cx_Error
                0x08000ac4       0x18 ./Core/Src/AUDIO_LINK.o
 .text.I2Cx_MspInit
                0x08000adc       0xac ./Core/Src/AUDIO_LINK.o
 .text.AUDIO_IO_Init
                0x08000b88       0x70 ./Core/Src/AUDIO_LINK.o
                0x08000b88                AUDIO_IO_Init
 .text.AUDIO_IO_DeInit
                0x08000bf8        0xe ./Core/Src/AUDIO_LINK.o
                0x08000bf8                AUDIO_IO_DeInit
 .text.AUDIO_IO_Write
                0x08000c06       0x28 ./Core/Src/AUDIO_LINK.o
                0x08000c06                AUDIO_IO_Write
 .text.AUDIO_IO_Read
                0x08000c2e       0x28 ./Core/Src/AUDIO_LINK.o
                0x08000c2e                AUDIO_IO_Read
 *fill*         0x08000c56        0x2 
 .text.AUDIO_StorageParse
                0x08000c58      0x140 ./Core/Src/File_Handling.o
                0x08000c58                AUDIO_StorageParse
 .text.AUDIO_GetWavObjectNumber
                0x08000d98       0x1c ./Core/Src/File_Handling.o
                0x08000d98                AUDIO_GetWavObjectNumber
 .text.Mount_USB
                0x08000db4       0x28 ./Core/Src/File_Handling.o
                0x08000db4                Mount_USB
 .text.cs43l22_Init
                0x08000ddc      0x1c8 ./Core/Src/cs43l22.o
                0x08000ddc                cs43l22_Init
 .text.cs43l22_DeInit
                0x08000fa4        0xc ./Core/Src/cs43l22.o
                0x08000fa4                cs43l22_DeInit
 .text.cs43l22_ReadID
                0x08000fb0       0x30 ./Core/Src/cs43l22.o
                0x08000fb0                cs43l22_ReadID
 .text.cs43l22_Play
                0x08000fe0       0x74 ./Core/Src/cs43l22.o
                0x08000fe0                cs43l22_Play
 .text.cs43l22_Pause
                0x08001054       0x42 ./Core/Src/cs43l22.o
                0x08001054                cs43l22_Pause
 *fill*         0x08001096        0x2 
 .text.cs43l22_Resume
                0x08001098       0x78 ./Core/Src/cs43l22.o
                0x08001098                cs43l22_Resume
 .text.cs43l22_Stop
                0x08001110       0x68 ./Core/Src/cs43l22.o
                0x08001110                cs43l22_Stop
 .text.cs43l22_SetVolume
                0x08001178       0xbc ./Core/Src/cs43l22.o
                0x08001178                cs43l22_SetVolume
 .text.cs43l22_SetFrequency
                0x08001234       0x1a ./Core/Src/cs43l22.o
                0x08001234                cs43l22_SetFrequency
 *fill*         0x0800124e        0x2 
 .text.cs43l22_SetMute
                0x08001250       0xbc ./Core/Src/cs43l22.o
                0x08001250                cs43l22_SetMute
 .text.cs43l22_SetOutputMode
                0x0800130c       0xe4 ./Core/Src/cs43l22.o
                0x0800130c                cs43l22_SetOutputMode
 .text.cs43l22_Reset
                0x080013f0       0x18 ./Core/Src/cs43l22.o
                0x080013f0                cs43l22_Reset
 .text.CODEC_IO_Write
                0x08001408       0x2e ./Core/Src/cs43l22.o
 *fill*         0x08001436        0x2 
 .text.HAL_GPIO_EXTI_Callback
                0x08001438       0x3c ./Core/Src/main.o
                0x08001438                HAL_GPIO_EXTI_Callback
 .text.HAL_ADC_ConvCpltCallback
                0x08001474       0x34 ./Core/Src/main.o
                0x08001474                HAL_ADC_ConvCpltCallback
 .text.main     0x080014a8       0x74 ./Core/Src/main.o
                0x080014a8                main
 .text.SystemClock_Config
                0x0800151c      0x108 ./Core/Src/main.o
                0x0800151c                SystemClock_Config
 .text.MX_ADC1_Init
                0x08001624       0xa4 ./Core/Src/main.o
 .text.MX_I2C1_Init
                0x080016c8       0x5c ./Core/Src/main.o
 .text.MX_I2S3_Init
                0x08001724       0x5c ./Core/Src/main.o
 .text.MX_DMA_Init
                0x08001780       0x40 ./Core/Src/main.o
 .text.MX_GPIO_Init
                0x080017c0       0xec ./Core/Src/main.o
 .text.Error_Handler
                0x080018ac        0xc ./Core/Src/main.o
                0x080018ac                Error_Handler
 .text.HAL_MspInit
                0x080018b8       0x50 ./Core/Src/stm32f4xx_hal_msp.o
                0x080018b8                HAL_MspInit
 .text.HAL_ADC_MspInit
                0x08001908       0x98 ./Core/Src/stm32f4xx_hal_msp.o
                0x08001908                HAL_ADC_MspInit
 .text.HAL_I2C_MspInit
                0x080019a0       0x90 ./Core/Src/stm32f4xx_hal_msp.o
                0x080019a0                HAL_I2C_MspInit
 .text.HAL_I2C_MspDeInit
                0x08001a30       0x44 ./Core/Src/stm32f4xx_hal_msp.o
                0x08001a30                HAL_I2C_MspDeInit
 .text.HAL_I2S_MspInit
                0x08001a74      0x14c ./Core/Src/stm32f4xx_hal_msp.o
                0x08001a74                HAL_I2S_MspInit
 .text.NMI_Handler
                0x08001bc0        0x8 ./Core/Src/stm32f4xx_it.o
                0x08001bc0                NMI_Handler
 .text.HardFault_Handler
                0x08001bc8        0x8 ./Core/Src/stm32f4xx_it.o
                0x08001bc8                HardFault_Handler
 .text.MemManage_Handler
                0x08001bd0        0x8 ./Core/Src/stm32f4xx_it.o
                0x08001bd0                MemManage_Handler
 .text.BusFault_Handler
                0x08001bd8        0x8 ./Core/Src/stm32f4xx_it.o
                0x08001bd8                BusFault_Handler
 .text.UsageFault_Handler
                0x08001be0        0x8 ./Core/Src/stm32f4xx_it.o
                0x08001be0                UsageFault_Handler
 .text.SVC_Handler
                0x08001be8        0xe ./Core/Src/stm32f4xx_it.o
                0x08001be8                SVC_Handler
 .text.DebugMon_Handler
                0x08001bf6        0xe ./Core/Src/stm32f4xx_it.o
                0x08001bf6                DebugMon_Handler
 .text.PendSV_Handler
                0x08001c04        0xe ./Core/Src/stm32f4xx_it.o
                0x08001c04                PendSV_Handler
 .text.SysTick_Handler
                0x08001c12        0xc ./Core/Src/stm32f4xx_it.o
                0x08001c12                SysTick_Handler
 .text.EXTI0_IRQHandler
                0x08001c1e        0xe ./Core/Src/stm32f4xx_it.o
                0x08001c1e                EXTI0_IRQHandler
 .text.DMA1_Stream5_IRQHandler
                0x08001c2c       0x14 ./Core/Src/stm32f4xx_it.o
                0x08001c2c                DMA1_Stream5_IRQHandler
 .text.ADC_IRQHandler
                0x08001c40       0x14 ./Core/Src/stm32f4xx_it.o
                0x08001c40                ADC_IRQHandler
 .text.OTG_FS_IRQHandler
                0x08001c54       0x14 ./Core/Src/stm32f4xx_it.o
                0x08001c54                OTG_FS_IRQHandler
 .text._sbrk    0x08001c68       0x6c ./Core/Src/sysmem.o
                0x08001c68                _sbrk
 .text.SystemInit
                0x08001cd4       0x2c ./Core/Src/system_stm32f4xx.o
                0x08001cd4                SystemInit
 .text.PlayerInit
                0x08001d00       0x30 ./Core/Src/waveplayer.o
                0x08001d00                PlayerInit
 .text.AUDIO_PLAYER_Start
                0x08001d30       0xc0 ./Core/Src/waveplayer.o
                0x08001d30                AUDIO_PLAYER_Start
 .text.AUDIO_PLAYER_Process
                0x08001df0      0x234 ./Core/Src/waveplayer.o
                0x08001df0                AUDIO_PLAYER_Process
 .text.AUDIO_OUT_TransferComplete_CallBack
                0x08002024       0x28 ./Core/Src/waveplayer.o
                0x08002024                AUDIO_OUT_TransferComplete_CallBack
 .text.AUDIO_OUT_HalfTransfer_CallBack
                0x0800204c       0x28 ./Core/Src/waveplayer.o
                0x0800204c                AUDIO_OUT_HalfTransfer_CallBack
 .text.Reset_Handler
                0x08002074       0x50 ./Core/Startup/startup_stm32f411vetx.o
                0x08002074                Reset_Handler
 .text.Default_Handler
                0x080020c4        0x2 ./Core/Startup/startup_stm32f411vetx.o
                0x080020c4                RTC_Alarm_IRQHandler
                0x080020c4                EXTI2_IRQHandler
                0x080020c4                SPI4_IRQHandler
                0x080020c4                TIM1_CC_IRQHandler
                0x080020c4                DMA2_Stream5_IRQHandler
                0x080020c4                PVD_IRQHandler
                0x080020c4                SDIO_IRQHandler
                0x080020c4                TAMP_STAMP_IRQHandler
                0x080020c4                EXTI3_IRQHandler
                0x080020c4                TIM1_UP_TIM10_IRQHandler
                0x080020c4                I2C3_ER_IRQHandler
                0x080020c4                I2C2_EV_IRQHandler
                0x080020c4                DMA1_Stream2_IRQHandler
                0x080020c4                FPU_IRQHandler
                0x080020c4                DMA2_Stream2_IRQHandler
                0x080020c4                SPI1_IRQHandler
                0x080020c4                TIM1_BRK_TIM9_IRQHandler
                0x080020c4                DMA2_Stream3_IRQHandler
                0x080020c4                USART6_IRQHandler
                0x080020c4                DMA2_Stream0_IRQHandler
                0x080020c4                TIM4_IRQHandler
                0x080020c4                I2C1_EV_IRQHandler
                0x080020c4                DMA1_Stream6_IRQHandler
                0x080020c4                DMA1_Stream1_IRQHandler
                0x080020c4                TIM3_IRQHandler
                0x080020c4                RCC_IRQHandler
                0x080020c4                Default_Handler
                0x080020c4                EXTI15_10_IRQHandler
                0x080020c4                DMA1_Stream7_IRQHandler
                0x080020c4                SPI5_IRQHandler
                0x080020c4                TIM5_IRQHandler
                0x080020c4                DMA2_Stream7_IRQHandler
                0x080020c4                I2C3_EV_IRQHandler
                0x080020c4                EXTI9_5_IRQHandler
                0x080020c4                RTC_WKUP_IRQHandler
                0x080020c4                SPI2_IRQHandler
                0x080020c4                DMA1_Stream0_IRQHandler
                0x080020c4                EXTI4_IRQHandler
                0x080020c4                WWDG_IRQHandler
                0x080020c4                TIM2_IRQHandler
                0x080020c4                OTG_FS_WKUP_IRQHandler
                0x080020c4                TIM1_TRG_COM_TIM11_IRQHandler
                0x080020c4                EXTI1_IRQHandler
                0x080020c4                USART2_IRQHandler
                0x080020c4                I2C2_ER_IRQHandler
                0x080020c4                DMA2_Stream1_IRQHandler
                0x080020c4                FLASH_IRQHandler
                0x080020c4                DMA2_Stream4_IRQHandler
                0x080020c4                USART1_IRQHandler
                0x080020c4                SPI3_IRQHandler
                0x080020c4                DMA1_Stream4_IRQHandler
                0x080020c4                I2C1_ER_IRQHandler
                0x080020c4                DMA2_Stream6_IRQHandler
                0x080020c4                DMA1_Stream3_IRQHandler
 *fill*         0x080020c6        0x2 
 .text.HAL_Init
                0x080020c8       0x44 ./Drivers/STM32F4xx_HAL_Driver/Src/stm32f4xx_hal.o
                0x080020c8                HAL_Init
 .text.HAL_InitTick
                0x0800210c       0x60 ./Drivers/STM32F4xx_HAL_Driver/Src/stm32f4xx_hal.o
                0x0800210c                HAL_InitTick
 .text.HAL_IncTick
                0x0800216c       0x28 ./Drivers/STM32F4xx_HAL_Driver/Src/stm32f4xx_hal.o
                0x0800216c                HAL_IncTick
 .text.HAL_GetTick
                0x08002194       0x18 ./Drivers/STM32F4xx_HAL_Driver/Src/stm32f4xx_hal.o
                0x08002194                HAL_GetTick
 .text.HAL_Delay
                0x080021ac       0x48 ./Drivers/STM32F4xx_HAL_Driver/Src/stm32f4xx_hal.o
                0x080021ac                HAL_Delay
 .text.HAL_ADC_Init
                0x080021f4       0x86 ./Drivers/STM32F4xx_HAL_Driver/Src/stm32f4xx_hal_adc.o
                0x080021f4                HAL_ADC_Init
 *fill*         0x0800227a        0x2 
 .text.HAL_ADC_Start_IT
                0x0800227c      0x160 ./Drivers/STM32F4xx_HAL_Driver/Src/stm32f4xx_hal_adc.o
                0x0800227c                HAL_ADC_Start_IT
 .text.HAL_ADC_IRQHandler
                0x080023dc      0x282 ./Drivers/STM32F4xx_HAL_Driver/Src/stm32f4xx_hal_adc.o
                0x080023dc                HAL_ADC_IRQHandler
 .text.HAL_ADC_GetValue
                0x0800265e       0x1a ./Drivers/STM32F4xx_HAL_Driver/Src/stm32f4xx_hal_adc.o
                0x0800265e                HAL_ADC_GetValue
 .text.HAL_ADC_LevelOutOfWindowCallback
                0x08002678       0x14 ./Drivers/STM32F4xx_HAL_Driver/Src/stm32f4xx_hal_adc.o
                0x08002678                HAL_ADC_LevelOutOfWindowCallback
 .text.HAL_ADC_ErrorCallback
                0x0800268c       0x14 ./Drivers/STM32F4xx_HAL_Driver/Src/stm32f4xx_hal_adc.o
                0x0800268c                HAL_ADC_ErrorCallback
 .text.HAL_ADC_ConfigChannel
                0x080026a0      0x264 ./Drivers/STM32F4xx_HAL_Driver/Src/stm32f4xx_hal_adc.o
                0x080026a0                HAL_ADC_ConfigChannel
 .text.ADC_Init
                0x08002904      0x1f8 ./Drivers/STM32F4xx_HAL_Driver/Src/stm32f4xx_hal_adc.o
 .text.HAL_ADCEx_InjectedConvCpltCallback
                0x08002afc       0x14 ./Drivers/STM32F4xx_HAL_Driver/Src/stm32f4xx_hal_adc_ex.o
                0x08002afc                HAL_ADCEx_InjectedConvCpltCallback
 .text.__NVIC_SetPriorityGrouping
                0x08002b10       0x48 ./Drivers/STM32F4xx_HAL_Driver/Src/stm32f4xx_hal_cortex.o
 .text.__NVIC_GetPriorityGrouping
                0x08002b58       0x1c ./Drivers/STM32F4xx_HAL_Driver/Src/stm32f4xx_hal_cortex.o
 .text.__NVIC_EnableIRQ
                0x08002b74       0x3c ./Drivers/STM32F4xx_HAL_Driver/Src/stm32f4xx_hal_cortex.o
 .text.__NVIC_SetPriority
                0x08002bb0       0x54 ./Drivers/STM32F4xx_HAL_Driver/Src/stm32f4xx_hal_cortex.o
 .text.NVIC_EncodePriority
                0x08002c04       0x66 ./Drivers/STM32F4xx_HAL_Driver/Src/stm32f4xx_hal_cortex.o
 *fill*         0x08002c6a        0x2 
 .text.SysTick_Config
                0x08002c6c       0x44 ./Drivers/STM32F4xx_HAL_Driver/Src/stm32f4xx_hal_cortex.o
 .text.HAL_NVIC_SetPriorityGrouping
                0x08002cb0       0x16 ./Drivers/STM32F4xx_HAL_Driver/Src/stm32f4xx_hal_cortex.o
                0x08002cb0                HAL_NVIC_SetPriorityGrouping
 .text.HAL_NVIC_SetPriority
                0x08002cc6       0x38 ./Drivers/STM32F4xx_HAL_Driver/Src/stm32f4xx_hal_cortex.o
                0x08002cc6                HAL_NVIC_SetPriority
 .text.HAL_NVIC_EnableIRQ
                0x08002cfe       0x1c ./Drivers/STM32F4xx_HAL_Driver/Src/stm32f4xx_hal_cortex.o
                0x08002cfe                HAL_NVIC_EnableIRQ
 .text.HAL_SYSTICK_Config
                0x08002d1a       0x18 ./Drivers/STM32F4xx_HAL_Driver/Src/stm32f4xx_hal_cortex.o
                0x08002d1a                HAL_SYSTICK_Config
 *fill*         0x08002d32        0x2 
 .text.HAL_DMA_Init
                0x08002d34      0x15c ./Drivers/STM32F4xx_HAL_Driver/Src/stm32f4xx_hal_dma.o
                0x08002d34                HAL_DMA_Init
 .text.HAL_DMA_DeInit
                0x08002e90       0xbc ./Drivers/STM32F4xx_HAL_Driver/Src/stm32f4xx_hal_dma.o
                0x08002e90                HAL_DMA_DeInit
 .text.HAL_DMA_Start_IT
                0x08002f4c       0xb0 ./Drivers/STM32F4xx_HAL_Driver/Src/stm32f4xx_hal_dma.o
                0x08002f4c                HAL_DMA_Start_IT
 .text.HAL_DMA_Abort
                0x08002ffc       0xe0 ./Drivers/STM32F4xx_HAL_Driver/Src/stm32f4xx_hal_dma.o
                0x08002ffc                HAL_DMA_Abort
 .text.HAL_DMA_IRQHandler
                0x080030dc      0x314 ./Drivers/STM32F4xx_HAL_Driver/Src/stm32f4xx_hal_dma.o
                0x080030dc                HAL_DMA_IRQHandler
 .text.DMA_SetConfig
                0x080033f0       0x5c ./Drivers/STM32F4xx_HAL_Driver/Src/stm32f4xx_hal_dma.o
 .text.DMA_CalcBaseAndBitshift
                0x0800344c       0x6c ./Drivers/STM32F4xx_HAL_Driver/Src/stm32f4xx_hal_dma.o
 .text.DMA_CheckFifoParam
                0x080034b8       0xf8 ./Drivers/STM32F4xx_HAL_Driver/Src/stm32f4xx_hal_dma.o
 .text.HAL_GPIO_Init
                0x080035b0      0x308 ./Drivers/STM32F4xx_HAL_Driver/Src/stm32f4xx_hal_gpio.o
                0x080035b0                HAL_GPIO_Init
 .text.HAL_GPIO_DeInit
                0x080038b8      0x1c8 ./Drivers/STM32F4xx_HAL_Driver/Src/stm32f4xx_hal_gpio.o
                0x080038b8                HAL_GPIO_DeInit
 .text.HAL_GPIO_WritePin
                0x08003a80       0x32 ./Drivers/STM32F4xx_HAL_Driver/Src/stm32f4xx_hal_gpio.o
                0x08003a80                HAL_GPIO_WritePin
 *fill*         0x08003ab2        0x2 
 .text.HAL_GPIO_EXTI_IRQHandler
                0x08003ab4       0x30 ./Drivers/STM32F4xx_HAL_Driver/Src/stm32f4xx_hal_gpio.o
                0x08003ab4                HAL_GPIO_EXTI_IRQHandler
 .text.HAL_HCD_Init
                0x08003ae4       0xc4 ./Drivers/STM32F4xx_HAL_Driver/Src/stm32f4xx_hal_hcd.o
                0x08003ae4                HAL_HCD_Init
 .text.HAL_HCD_HC_Init
                0x08003ba8      0x130 ./Drivers/STM32F4xx_HAL_Driver/Src/stm32f4xx_hal_hcd.o
                0x08003ba8                HAL_HCD_HC_Init
 .text.HAL_HCD_HC_Halt
                0x08003cd8       0x46 ./Drivers/STM32F4xx_HAL_Driver/Src/stm32f4xx_hal_hcd.o
                0x08003cd8                HAL_HCD_HC_Halt
 *fill*         0x08003d1e        0x2 
 .text.HAL_HCD_HC_SubmitRequest
                0x08003d20      0x2e4 ./Drivers/STM32F4xx_HAL_Driver/Src/stm32f4xx_hal_hcd.o
                0x08003d20                HAL_HCD_HC_SubmitRequest
 .text.HAL_HCD_IRQHandler
                0x08004004      0x208 ./Drivers/STM32F4xx_HAL_Driver/Src/stm32f4xx_hal_hcd.o
                0x08004004                HAL_HCD_IRQHandler
 .text.HAL_HCD_Start
                0x0800420c       0x46 ./Drivers/STM32F4xx_HAL_Driver/Src/stm32f4xx_hal_hcd.o
                0x0800420c                HAL_HCD_Start
 .text.HAL_HCD_Stop
                0x08004252       0x3a ./Drivers/STM32F4xx_HAL_Driver/Src/stm32f4xx_hal_hcd.o
                0x08004252                HAL_HCD_Stop
 .text.HAL_HCD_ResetPort
                0x0800428c       0x1c ./Drivers/STM32F4xx_HAL_Driver/Src/stm32f4xx_hal_hcd.o
                0x0800428c                HAL_HCD_ResetPort
 .text.HAL_HCD_HC_GetURBState
                0x080042a8       0x2a ./Drivers/STM32F4xx_HAL_Driver/Src/stm32f4xx_hal_hcd.o
                0x080042a8                HAL_HCD_HC_GetURBState
 .text.HAL_HCD_HC_GetXferCount
                0x080042d2       0x2a ./Drivers/STM32F4xx_HAL_Driver/Src/stm32f4xx_hal_hcd.o
                0x080042d2                HAL_HCD_HC_GetXferCount
 .text.HAL_HCD_GetCurrentFrame
                0x080042fc       0x1c ./Drivers/STM32F4xx_HAL_Driver/Src/stm32f4xx_hal_hcd.o
                0x080042fc                HAL_HCD_GetCurrentFrame
 .text.HAL_HCD_GetCurrentSpeed
                0x08004318       0x1c ./Drivers/STM32F4xx_HAL_Driver/Src/stm32f4xx_hal_hcd.o
                0x08004318                HAL_HCD_GetCurrentSpeed
 .text.HCD_HC_IN_IRQHandler
                0x08004334      0x86a ./Drivers/STM32F4xx_HAL_Driver/Src/stm32f4xx_hal_hcd.o
 .text.HCD_HC_OUT_IRQHandler
                0x08004b9e      0x6ea ./Drivers/STM32F4xx_HAL_Driver/Src/stm32f4xx_hal_hcd.o
 .text.HCD_RXQLVL_IRQHandler
                0x08005288      0x15c ./Drivers/STM32F4xx_HAL_Driver/Src/stm32f4xx_hal_hcd.o
 .text.HCD_Port_IRQHandler
                0x080053e4       0xe6 ./Drivers/STM32F4xx_HAL_Driver/Src/stm32f4xx_hal_hcd.o
 *fill*         0x080054ca        0x2 
 .text.HAL_I2C_Init
                0x080054cc      0x288 ./Drivers/STM32F4xx_HAL_Driver/Src/stm32f4xx_hal_i2c.o
                0x080054cc                HAL_I2C_Init
 .text.HAL_I2C_DeInit
                0x08005754       0x5e ./Drivers/STM32F4xx_HAL_Driver/Src/stm32f4xx_hal_i2c.o
                0x08005754                HAL_I2C_DeInit
 *fill*         0x080057b2        0x2 
 .text.HAL_I2C_Mem_Write
                0x080057b4      0x1f4 ./Drivers/STM32F4xx_HAL_Driver/Src/stm32f4xx_hal_i2c.o
                0x080057b4                HAL_I2C_Mem_Write
 .text.HAL_I2C_Mem_Read
                0x080059a8      0x44c ./Drivers/STM32F4xx_HAL_Driver/Src/stm32f4xx_hal_i2c.o
                0x080059a8                HAL_I2C_Mem_Read
 .text.HAL_I2C_GetState
                0x08005df4       0x1c ./Drivers/STM32F4xx_HAL_Driver/Src/stm32f4xx_hal_i2c.o
                0x08005df4                HAL_I2C_GetState
 .text.I2C_RequestMemoryWrite
                0x08005e10      0x12c ./Drivers/STM32F4xx_HAL_Driver/Src/stm32f4xx_hal_i2c.o
 .text.I2C_RequestMemoryRead
                0x08005f3c      0x1d0 ./Drivers/STM32F4xx_HAL_Driver/Src/stm32f4xx_hal_i2c.o
 .text.I2C_WaitOnFlagUntilTimeout
                0x0800610c       0xae ./Drivers/STM32F4xx_HAL_Driver/Src/stm32f4xx_hal_i2c.o
 .text.I2C_WaitOnMasterAddressFlagUntilTimeout
                0x080061ba       0xfe ./Drivers/STM32F4xx_HAL_Driver/Src/stm32f4xx_hal_i2c.o
 .text.I2C_WaitOnTXEFlagUntilTimeout
                0x080062b8       0x82 ./Drivers/STM32F4xx_HAL_Driver/Src/stm32f4xx_hal_i2c.o
 .text.I2C_WaitOnBTFFlagUntilTimeout
                0x0800633a       0x82 ./Drivers/STM32F4xx_HAL_Driver/Src/stm32f4xx_hal_i2c.o
 .text.I2C_WaitOnRXNEFlagUntilTimeout
                0x080063bc       0xac ./Drivers/STM32F4xx_HAL_Driver/Src/stm32f4xx_hal_i2c.o
 .text.I2C_IsAcknowledgeFailed
                0x08006468       0x5e ./Drivers/STM32F4xx_HAL_Driver/Src/stm32f4xx_hal_i2c.o
 *fill*         0x080064c6        0x2 
 .text.HAL_I2S_Init
                0x080064c8      0x280 ./Drivers/STM32F4xx_HAL_Driver/Src/stm32f4xx_hal_i2s.o
                0x080064c8                HAL_I2S_Init
 .text.HAL_I2S_Transmit_DMA
                0x08006748      0x150 ./Drivers/STM32F4xx_HAL_Driver/Src/stm32f4xx_hal_i2s.o
                0x08006748                HAL_I2S_Transmit_DMA
 .text.HAL_I2S_DMAPause
                0x08006898       0xc4 ./Drivers/STM32F4xx_HAL_Driver/Src/stm32f4xx_hal_i2s.o
                0x08006898                HAL_I2S_DMAPause
 .text.HAL_I2S_DMAResume
                0x0800695c      0x128 ./Drivers/STM32F4xx_HAL_Driver/Src/stm32f4xx_hal_i2s.o
                0x0800695c                HAL_I2S_DMAResume
 .text.HAL_I2S_DMAStop
                0x08006a84      0x3b4 ./Drivers/STM32F4xx_HAL_Driver/Src/stm32f4xx_hal_i2s.o
                0x08006a84                HAL_I2S_DMAStop
 .text.HAL_I2S_RxCpltCallback
                0x08006e38       0x14 ./Drivers/STM32F4xx_HAL_Driver/Src/stm32f4xx_hal_i2s.o
                0x08006e38                HAL_I2S_RxCpltCallback
 .text.HAL_I2S_GetState
                0x08006e4c       0x1c ./Drivers/STM32F4xx_HAL_Driver/Src/stm32f4xx_hal_i2s.o
                0x08006e4c                HAL_I2S_GetState
 .text.I2S_DMATxCplt
                0x08006e68       0x42 ./Drivers/STM32F4xx_HAL_Driver/Src/stm32f4xx_hal_i2s.o
 .text.I2S_DMATxHalfCplt
                0x08006eaa       0x1c ./Drivers/STM32F4xx_HAL_Driver/Src/stm32f4xx_hal_i2s.o
 .text.I2S_DMAError
                0x08006ec6       0x4c ./Drivers/STM32F4xx_HAL_Driver/Src/stm32f4xx_hal_i2s.o
 .text.I2S_Transmit_IT
                0x08006f12       0x5c ./Drivers/STM32F4xx_HAL_Driver/Src/stm32f4xx_hal_i2s.o
 .text.I2S_Receive_IT
                0x08006f6e       0x5e ./Drivers/STM32F4xx_HAL_Driver/Src/stm32f4xx_hal_i2s.o
 .text.I2S_IRQHandler
                0x08006fcc      0x114 ./Drivers/STM32F4xx_HAL_Driver/Src/stm32f4xx_hal_i2s.o
 .text.I2S_WaitFlagStateUntilTimeout
                0x080070e0       0x72 ./Drivers/STM32F4xx_HAL_Driver/Src/stm32f4xx_hal_i2s.o
 *fill*         0x08007152        0x2 
 .text.HAL_I2SEx_FullDuplex_IRQHandler
                0x08007154      0x2a8 ./Drivers/STM32F4xx_HAL_Driver/Src/stm32f4xx_hal_i2s_ex.o
                0x08007154                HAL_I2SEx_FullDuplex_IRQHandler
 .text.HAL_I2SEx_TxRxCpltCallback
                0x080073fc       0x14 ./Drivers/STM32F4xx_HAL_Driver/Src/stm32f4xx_hal_i2s_ex.o
                0x080073fc                HAL_I2SEx_TxRxCpltCallback
 .text.I2SEx_TxISR_I2S
                0x08007410       0x62 ./Drivers/STM32F4xx_HAL_Driver/Src/stm32f4xx_hal_i2s_ex.o
 *fill*         0x08007472        0x2 
 .text.I2SEx_TxISR_I2SExt
                0x08007474       0x98 ./Drivers/STM32F4xx_HAL_Driver/Src/stm32f4xx_hal_i2s_ex.o
 .text.I2SEx_RxISR_I2S
                0x0800750c       0x64 ./Drivers/STM32F4xx_HAL_Driver/Src/stm32f4xx_hal_i2s_ex.o
 .text.I2SEx_RxISR_I2SExt
                0x08007570       0x98 ./Drivers/STM32F4xx_HAL_Driver/Src/stm32f4xx_hal_i2s_ex.o
 .text.HAL_RCC_OscConfig
                0x08007608      0x4dc ./Drivers/STM32F4xx_HAL_Driver/Src/stm32f4xx_hal_rcc.o
                0x08007608                HAL_RCC_OscConfig
 .text.HAL_RCC_ClockConfig
                0x08007ae4      0x1cc ./Drivers/STM32F4xx_HAL_Driver/Src/stm32f4xx_hal_rcc.o
                0x08007ae4                HAL_RCC_ClockConfig
 .text.HAL_RCC_GetSysClockFreq
                0x08007cb0      0x20c ./Drivers/STM32F4xx_HAL_Driver/Src/stm32f4xx_hal_rcc.o
                0x08007cb0                HAL_RCC_GetSysClockFreq
 .text.HAL_RCC_GetHCLKFreq
                0x08007ebc       0x18 ./Drivers/STM32F4xx_HAL_Driver/Src/stm32f4xx_hal_rcc.o
                0x08007ebc                HAL_RCC_GetHCLKFreq
 .text.HAL_RCC_GetPCLK1Freq
                0x08007ed4       0x28 ./Drivers/STM32F4xx_HAL_Driver/Src/stm32f4xx_hal_rcc.o
                0x08007ed4                HAL_RCC_GetPCLK1Freq
 .text.HAL_RCCEx_PeriphCLKConfig
                0x08007efc      0x1e0 ./Drivers/STM32F4xx_HAL_Driver/Src/stm32f4xx_hal_rcc_ex.o
                0x08007efc                HAL_RCCEx_PeriphCLKConfig
 .text.HAL_RCCEx_GetPeriphCLKConfig
                0x080080dc       0x84 ./Drivers/STM32F4xx_HAL_Driver/Src/stm32f4xx_hal_rcc_ex.o
                0x080080dc                HAL_RCCEx_GetPeriphCLKConfig
 .text.HAL_RCCEx_GetPeriphCLKFreq
                0x08008160       0xc0 ./Drivers/STM32F4xx_HAL_Driver/Src/stm32f4xx_hal_rcc_ex.o
                0x08008160                HAL_RCCEx_GetPeriphCLKFreq
 .text.USB_CoreInit
                0x08008220       0xc2 ./Drivers/STM32F4xx_HAL_Driver/Src/stm32f4xx_ll_usb.o
                0x08008220                USB_CoreInit
 .text.USB_EnableGlobalInt
                0x080082e2       0x22 ./Drivers/STM32F4xx_HAL_Driver/Src/stm32f4xx_ll_usb.o
                0x080082e2                USB_EnableGlobalInt
 .text.USB_DisableGlobalInt
                0x08008304       0x22 ./Drivers/STM32F4xx_HAL_Driver/Src/stm32f4xx_ll_usb.o
                0x08008304                USB_DisableGlobalInt
 .text.USB_SetCurrentMode
                0x08008326       0x54 ./Drivers/STM32F4xx_HAL_Driver/Src/stm32f4xx_ll_usb.o
                0x08008326                USB_SetCurrentMode
 *fill*         0x0800837a        0x2 
 .text.USB_FlushTxFifo
                0x0800837c       0x4c ./Drivers/STM32F4xx_HAL_Driver/Src/stm32f4xx_ll_usb.o
                0x0800837c                USB_FlushTxFifo
 .text.USB_FlushRxFifo
                0x080083c8       0x44 ./Drivers/STM32F4xx_HAL_Driver/Src/stm32f4xx_ll_usb.o
                0x080083c8                USB_FlushRxFifo
 .text.USB_WritePacket
                0x0800840c       0x6a ./Drivers/STM32F4xx_HAL_Driver/Src/stm32f4xx_ll_usb.o
                0x0800840c                USB_WritePacket
 .text.USB_ReadPacket
                0x08008476       0x52 ./Drivers/STM32F4xx_HAL_Driver/Src/stm32f4xx_ll_usb.o
                0x08008476                USB_ReadPacket
 .text.USB_ReadInterrupts
                0x080084c8       0x26 ./Drivers/STM32F4xx_HAL_Driver/Src/stm32f4xx_ll_usb.o
                0x080084c8                USB_ReadInterrupts
 .text.USB_GetMode
                0x080084ee       0x1c ./Drivers/STM32F4xx_HAL_Driver/Src/stm32f4xx_ll_usb.o
                0x080084ee                USB_GetMode
 *fill*         0x0800850a        0x2 
 .text.USB_CoreReset
                0x0800850c       0x68 ./Drivers/STM32F4xx_HAL_Driver/Src/stm32f4xx_ll_usb.o
 .text.USB_HostInit
                0x08008574      0x178 ./Drivers/STM32F4xx_HAL_Driver/Src/stm32f4xx_ll_usb.o
                0x08008574                USB_HostInit
 .text.USB_InitFSLSPClkSel
                0x080086ec       0x74 ./Drivers/STM32F4xx_HAL_Driver/Src/stm32f4xx_ll_usb.o
                0x080086ec                USB_InitFSLSPClkSel
 .text.USB_ResetPort
                0x08008760       0x54 ./Drivers/STM32F4xx_HAL_Driver/Src/stm32f4xx_ll_usb.o
                0x08008760                USB_ResetPort
 .text.USB_DriveVbus
                0x080087b4       0x72 ./Drivers/STM32F4xx_HAL_Driver/Src/stm32f4xx_ll_usb.o
                0x080087b4                USB_DriveVbus
 .text.USB_GetHostSpeed
                0x08008826       0x2e ./Drivers/STM32F4xx_HAL_Driver/Src/stm32f4xx_ll_usb.o
                0x08008826                USB_GetHostSpeed
 .text.USB_GetCurrentFrame
                0x08008854       0x22 ./Drivers/STM32F4xx_HAL_Driver/Src/stm32f4xx_ll_usb.o
                0x08008854                USB_GetCurrentFrame
 *fill*         0x08008876        0x2 
 .text.USB_HC_Init
                0x08008878      0x214 ./Drivers/STM32F4xx_HAL_Driver/Src/stm32f4xx_ll_usb.o
                0x08008878                USB_HC_Init
 .text.USB_HC_StartXfer
                0x08008a8c      0x288 ./Drivers/STM32F4xx_HAL_Driver/Src/stm32f4xx_ll_usb.o
                0x08008a8c                USB_HC_StartXfer
 .text.USB_HC_ReadInterrupt
                0x08008d14       0x22 ./Drivers/STM32F4xx_HAL_Driver/Src/stm32f4xx_ll_usb.o
                0x08008d14                USB_HC_ReadInterrupt
 .text.USB_HC_Halt
                0x08008d36      0x1fe ./Drivers/STM32F4xx_HAL_Driver/Src/stm32f4xx_ll_usb.o
                0x08008d36                USB_HC_Halt
 .text.USB_DoPing
                0x08008f34       0x78 ./Drivers/STM32F4xx_HAL_Driver/Src/stm32f4xx_ll_usb.o
                0x08008f34                USB_DoPing
 .text.USB_StopHost
                0x08008fac      0x10c ./Drivers/STM32F4xx_HAL_Driver/Src/stm32f4xx_ll_usb.o
                0x08008fac                USB_StopHost
 .text.MX_FATFS_Init
                0x080090b8       0x24 ./FATFS/App/fatfs.o
                0x080090b8                MX_FATFS_Init
 .text.get_fattime
                0x080090dc       0x10 ./FATFS/App/fatfs.o
                0x080090dc                get_fattime
 .text.USBH_initialize
                0x080090ec       0x18 ./FATFS/Target/usbh_diskio.o
                0x080090ec                USBH_initialize
 .text.USBH_status
                0x08009104       0x38 ./FATFS/Target/usbh_diskio.o
                0x08009104                USBH_status
 .text.USBH_read
                0x0800913c       0x74 ./FATFS/Target/usbh_diskio.o
                0x0800913c                USBH_read
 .text.USBH_write
                0x080091b0       0x84 ./FATFS/Target/usbh_diskio.o
                0x080091b0                USBH_write
 .text.USBH_ioctl
                0x08009234       0xd8 ./FATFS/Target/usbh_diskio.o
                0x08009234                USBH_ioctl
 .text.USBH_MSC_InterfaceInit
                0x0800930c      0x216 ./Middlewares/ST/STM32_USB_Host_Library/Class/MSC/Src/usbh_msc.o
 .text.USBH_MSC_InterfaceDeInit
                0x08009522       0x8c ./Middlewares/ST/STM32_USB_Host_Library/Class/MSC/Src/usbh_msc.o
 .text.USBH_MSC_ClassRequest
                0x080095ae       0xce ./Middlewares/ST/STM32_USB_Host_Library/Class/MSC/Src/usbh_msc.o
 .text.USBH_MSC_Process
                0x0800967c      0x51c ./Middlewares/ST/STM32_USB_Host_Library/Class/MSC/Src/usbh_msc.o
 .text.USBH_MSC_SOFProcess
                0x08009b98       0x16 ./Middlewares/ST/STM32_USB_Host_Library/Class/MSC/Src/usbh_msc.o
 .text.USBH_MSC_RdWrProcess
                0x08009bae      0x19e ./Middlewares/ST/STM32_USB_Host_Library/Class/MSC/Src/usbh_msc.o
 .text.USBH_MSC_UnitIsReady
                0x08009d4c       0x4c ./Middlewares/ST/STM32_USB_Host_Library/Class/MSC/Src/usbh_msc.o
                0x08009d4c                USBH_MSC_UnitIsReady
 .text.USBH_MSC_GetLUNInfo
                0x08009d98       0x48 ./Middlewares/ST/STM32_USB_Host_Library/Class/MSC/Src/usbh_msc.o
                0x08009d98                USBH_MSC_GetLUNInfo
 .text.USBH_MSC_Read
                0x08009de0       0xd2 ./Middlewares/ST/STM32_USB_Host_Library/Class/MSC/Src/usbh_msc.o
                0x08009de0                USBH_MSC_Read
 .text.USBH_MSC_Write
                0x08009eb2       0xd2 ./Middlewares/ST/STM32_USB_Host_Library/Class/MSC/Src/usbh_msc.o
                0x08009eb2                USBH_MSC_Write
 .text.USBH_MSC_BOT_REQ_Reset
                0x08009f84       0x3a ./Middlewares/ST/STM32_USB_Host_Library/Class/MSC/Src/usbh_msc_bot.o
                0x08009f84                USBH_MSC_BOT_REQ_Reset
 .text.USBH_MSC_BOT_REQ_GetMaxLUN
                0x08009fbe       0x3c ./Middlewares/ST/STM32_USB_Host_Library/Class/MSC/Src/usbh_msc_bot.o
                0x08009fbe                USBH_MSC_BOT_REQ_GetMaxLUN
 *fill*         0x08009ffa        0x2 
 .text.USBH_MSC_BOT_Init
                0x08009ffc       0x44 ./Middlewares/ST/STM32_USB_Host_Library/Class/MSC/Src/usbh_msc_bot.o
                0x08009ffc                USBH_MSC_BOT_Init
 .text.USBH_MSC_BOT_Process
                0x0800a040      0x39c ./Middlewares/ST/STM32_USB_Host_Library/Class/MSC/Src/usbh_msc_bot.o
                0x0800a040                USBH_MSC_BOT_Process
 .text.USBH_MSC_BOT_Abort
                0x0800a3dc       0x58 ./Middlewares/ST/STM32_USB_Host_Library/Class/MSC/Src/usbh_msc_bot.o
 .text.USBH_MSC_DecodeCSW
                0x0800a434       0x88 ./Middlewares/ST/STM32_USB_Host_Library/Class/MSC/Src/usbh_msc_bot.o
 .text.USBH_MSC_SCSI_TestUnitReady
                0x0800a4bc       0x86 ./Middlewares/ST/STM32_USB_Host_Library/Class/MSC/Src/usbh_msc_scsi.o
                0x0800a4bc                USBH_MSC_SCSI_TestUnitReady
 .text.USBH_MSC_SCSI_ReadCapacity
                0x0800a542       0xf4 ./Middlewares/ST/STM32_USB_Host_Library/Class/MSC/Src/usbh_msc_scsi.o
                0x0800a542                USBH_MSC_SCSI_ReadCapacity
 .text.USBH_MSC_SCSI_Inquiry
                0x0800a636      0x14a ./Middlewares/ST/STM32_USB_Host_Library/Class/MSC/Src/usbh_msc_scsi.o
                0x0800a636                USBH_MSC_SCSI_Inquiry
 .text.USBH_MSC_SCSI_RequestSense
                0x0800a780       0xf2 ./Middlewares/ST/STM32_USB_Host_Library/Class/MSC/Src/usbh_msc_scsi.o
                0x0800a780                USBH_MSC_SCSI_RequestSense
 .text.USBH_MSC_SCSI_Write
                0x0800a872       0xd6 ./Middlewares/ST/STM32_USB_Host_Library/Class/MSC/Src/usbh_msc_scsi.o
                0x0800a872                USBH_MSC_SCSI_Write
 .text.USBH_MSC_SCSI_Read
                0x0800a948       0xd6 ./Middlewares/ST/STM32_USB_Host_Library/Class/MSC/Src/usbh_msc_scsi.o
                0x0800a948                USBH_MSC_SCSI_Read
 .text.USBH_Init
                0x0800aa1e       0x74 ./Middlewares/ST/STM32_USB_Host_Library/Core/Src/usbh_core.o
                0x0800aa1e                USBH_Init
 .text.DeInitStateMachine
                0x0800aa92       0xa8 ./Middlewares/ST/STM32_USB_Host_Library/Core/Src/usbh_core.o
 .text.USBH_RegisterClass
                0x0800ab3a       0x54 ./Middlewares/ST/STM32_USB_Host_Library/Core/Src/usbh_core.o
                0x0800ab3a                USBH_RegisterClass
 .text.USBH_SelectInterface
                0x0800ab8e       0x38 ./Middlewares/ST/STM32_USB_Host_Library/Core/Src/usbh_core.o
                0x0800ab8e                USBH_SelectInterface
 .text.USBH_FindInterface
                0x0800abc6       0x8c ./Middlewares/ST/STM32_USB_Host_Library/Core/Src/usbh_core.o
                0x0800abc6                USBH_FindInterface
 .text.USBH_Start
                0x0800ac52       0x20 ./Middlewares/ST/STM32_USB_Host_Library/Core/Src/usbh_core.o
                0x0800ac52                USBH_Start
 *fill*         0x0800ac72        0x2 
 .text.USBH_Process
                0x0800ac74      0x3bc ./Middlewares/ST/STM32_USB_Host_Library/Core/Src/usbh_core.o
                0x0800ac74                USBH_Process
 .text.USBH_HandleEnum
                0x0800b030      0x3c0 ./Middlewares/ST/STM32_USB_Host_Library/Core/Src/usbh_core.o
 .text.USBH_LL_SetTimer
                0x0800b3f0       0x1e ./Middlewares/ST/STM32_USB_Host_Library/Core/Src/usbh_core.o
                0x0800b3f0                USBH_LL_SetTimer
 .text.USBH_LL_IncTimer
                0x0800b40e       0x24 ./Middlewares/ST/STM32_USB_Host_Library/Core/Src/usbh_core.o
                0x0800b40e                USBH_LL_IncTimer
 .text.USBH_HandleSof
                0x0800b432       0x30 ./Middlewares/ST/STM32_USB_Host_Library/Core/Src/usbh_core.o
 .text.USBH_LL_PortEnabled
                0x0800b462       0x1c ./Middlewares/ST/STM32_USB_Host_Library/Core/Src/usbh_core.o
                0x0800b462                USBH_LL_PortEnabled
 .text.USBH_LL_PortDisabled
                0x0800b47e       0x1c ./Middlewares/ST/STM32_USB_Host_Library/Core/Src/usbh_core.o
                0x0800b47e                USBH_LL_PortDisabled
 .text.USBH_LL_Connect
                0x0800b49a       0x2e ./Middlewares/ST/STM32_USB_Host_Library/Core/Src/usbh_core.o
                0x0800b49a                USBH_LL_Connect
 .text.USBH_LL_Disconnect
                0x0800b4c8       0x48 ./Middlewares/ST/STM32_USB_Host_Library/Core/Src/usbh_core.o
                0x0800b4c8                USBH_LL_Disconnect
 .text.USBH_Get_DevDesc
                0x0800b510       0x50 ./Middlewares/ST/STM32_USB_Host_Library/Core/Src/usbh_ctlreq.o
                0x0800b510                USBH_Get_DevDesc
 .text.USBH_Get_CfgDesc
                0x0800b560       0x48 ./Middlewares/ST/STM32_USB_Host_Library/Core/Src/usbh_ctlreq.o
                0x0800b560                USBH_Get_CfgDesc
 .text.USBH_Get_StringDesc
                0x0800b5a8       0x56 ./Middlewares/ST/STM32_USB_Host_Library/Core/Src/usbh_ctlreq.o
                0x0800b5a8                USBH_Get_StringDesc
 .text.USBH_GetDescriptor
                0x0800b5fe       0x6a ./Middlewares/ST/STM32_USB_Host_Library/Core/Src/usbh_ctlreq.o
                0x0800b5fe                USBH_GetDescriptor
 .text.USBH_SetAddress
                0x0800b668       0x48 ./Middlewares/ST/STM32_USB_Host_Library/Core/Src/usbh_ctlreq.o
                0x0800b668                USBH_SetAddress
 .text.USBH_SetCfg
                0x0800b6b0       0x46 ./Middlewares/ST/STM32_USB_Host_Library/Core/Src/usbh_ctlreq.o
                0x0800b6b0                USBH_SetCfg
 .text.USBH_SetFeature
                0x0800b6f6       0x48 ./Middlewares/ST/STM32_USB_Host_Library/Core/Src/usbh_ctlreq.o
                0x0800b6f6                USBH_SetFeature
 .text.USBH_ClrFeature
                0x0800b73e       0x48 ./Middlewares/ST/STM32_USB_Host_Library/Core/Src/usbh_ctlreq.o
                0x0800b73e                USBH_ClrFeature
 .text.USBH_ParseDevDesc
                0x0800b786       0xd8 ./Middlewares/ST/STM32_USB_Host_Library/Core/Src/usbh_ctlreq.o
 .text.USBH_ParseCfgDesc
                0x0800b85e      0x142 ./Middlewares/ST/STM32_USB_Host_Library/Core/Src/usbh_ctlreq.o
 .text.USBH_ParseInterfaceDesc
                0x0800b9a0       0x5e ./Middlewares/ST/STM32_USB_Host_Library/Core/Src/usbh_ctlreq.o
 .text.USBH_ParseEPDesc
                0x0800b9fe       0x58 ./Middlewares/ST/STM32_USB_Host_Library/Core/Src/usbh_ctlreq.o
 .text.USBH_ParseStringDesc
                0x0800ba56       0x66 ./Middlewares/ST/STM32_USB_Host_Library/Core/Src/usbh_ctlreq.o
 .text.USBH_GetNextDesc
                0x0800babc       0x34 ./Middlewares/ST/STM32_USB_Host_Library/Core/Src/usbh_ctlreq.o
                0x0800babc                USBH_GetNextDesc
 .text.USBH_CtlReq
                0x0800baf0       0x7a ./Middlewares/ST/STM32_USB_Host_Library/Core/Src/usbh_ctlreq.o
                0x0800baf0                USBH_CtlReq
 *fill*         0x0800bb6a        0x2 
 .text.USBH_HandleControl
                0x0800bb6c      0x2e8 ./Middlewares/ST/STM32_USB_Host_Library/Core/Src/usbh_ctlreq.o
 .text.USBH_CtlSendSetup
                0x0800be54       0x34 ./Middlewares/ST/STM32_USB_Host_Library/Core/Src/usbh_ioreq.o
                0x0800be54                USBH_CtlSendSetup
 .text.USBH_CtlSendData
                0x0800be88       0x4a ./Middlewares/ST/STM32_USB_Host_Library/Core/Src/usbh_ioreq.o
                0x0800be88                USBH_CtlSendData
 .text.USBH_CtlReceiveData
                0x0800bed2       0x3c ./Middlewares/ST/STM32_USB_Host_Library/Core/Src/usbh_ioreq.o
                0x0800bed2                USBH_CtlReceiveData
 .text.USBH_BulkSendData
                0x0800bf0e       0x4a ./Middlewares/ST/STM32_USB_Host_Library/Core/Src/usbh_ioreq.o
                0x0800bf0e                USBH_BulkSendData
 .text.USBH_BulkReceiveData
                0x0800bf58       0x3c ./Middlewares/ST/STM32_USB_Host_Library/Core/Src/usbh_ioreq.o
                0x0800bf58                USBH_BulkReceiveData
 .text.USBH_OpenPipe
                0x0800bf94       0x3e ./Middlewares/ST/STM32_USB_Host_Library/Core/Src/usbh_pipes.o
                0x0800bf94                USBH_OpenPipe
 .text.USBH_ClosePipe
                0x0800bfd2       0x20 ./Middlewares/ST/STM32_USB_Host_Library/Core/Src/usbh_pipes.o
                0x0800bfd2                USBH_ClosePipe
 .text.USBH_AllocPipe
                0x0800bff2       0x42 ./Middlewares/ST/STM32_USB_Host_Library/Core/Src/usbh_pipes.o
                0x0800bff2                USBH_AllocPipe
 .text.USBH_FreePipe
                0x0800c034       0x3c ./Middlewares/ST/STM32_USB_Host_Library/Core/Src/usbh_pipes.o
                0x0800c034                USBH_FreePipe
 .text.USBH_GetFreePipe
                0x0800c070       0x48 ./Middlewares/ST/STM32_USB_Host_Library/Core/Src/usbh_pipes.o
 .text.disk_status
                0x0800c0b8       0x34 ./Middlewares/Third_Party/FatFs/src/diskio.o
                0x0800c0b8                disk_status
 .text.disk_initialize
                0x0800c0ec       0x4c ./Middlewares/Third_Party/FatFs/src/diskio.o
                0x0800c0ec                disk_initialize
 .text.disk_read
                0x0800c138       0x40 ./Middlewares/Third_Party/FatFs/src/diskio.o
                0x0800c138                disk_read
 .text.disk_write
                0x0800c178       0x40 ./Middlewares/Third_Party/FatFs/src/diskio.o
                0x0800c178                disk_write
 .text.disk_ioctl
                0x0800c1b8       0x3c ./Middlewares/Third_Party/FatFs/src/diskio.o
                0x0800c1b8                disk_ioctl
 .text.ld_word  0x0800c1f4       0x30 ./Middlewares/Third_Party/FatFs/src/ff.o
 .text.ld_dword
                0x0800c224       0x46 ./Middlewares/Third_Party/FatFs/src/ff.o
 .text.st_word  0x0800c26a       0x36 ./Middlewares/Third_Party/FatFs/src/ff.o
 .text.st_dword
                0x0800c2a0       0x58 ./Middlewares/Third_Party/FatFs/src/ff.o
 .text.mem_cpy  0x0800c2f8       0x42 ./Middlewares/Third_Party/FatFs/src/ff.o
 .text.mem_set  0x0800c33a       0x36 ./Middlewares/Third_Party/FatFs/src/ff.o
 .text.mem_cmp  0x0800c370       0x4e ./Middlewares/Third_Party/FatFs/src/ff.o
 .text.chk_chr  0x0800c3be       0x36 ./Middlewares/Third_Party/FatFs/src/ff.o
 .text.chk_lock
                0x0800c3f4       0xb8 ./Middlewares/Third_Party/FatFs/src/ff.o
 .text.enq_lock
                0x0800c4ac       0x44 ./Middlewares/Third_Party/FatFs/src/ff.o
 .text.inc_lock
                0x0800c4f0      0x11c ./Middlewares/Third_Party/FatFs/src/ff.o
 .text.dec_lock
                0x0800c60c       0x78 ./Middlewares/Third_Party/FatFs/src/ff.o
 .text.clear_lock
                0x0800c684       0x48 ./Middlewares/Third_Party/FatFs/src/ff.o
 .text.sync_window
                0x0800c6cc       0x88 ./Middlewares/Third_Party/FatFs/src/ff.o
 .text.move_window
                0x0800c754       0x5a ./Middlewares/Third_Party/FatFs/src/ff.o
 *fill*         0x0800c7ae        0x2 
 .text.sync_fs  0x0800c7b0       0xdc ./Middlewares/Third_Party/FatFs/src/ff.o
 .text.clust2sect
                0x0800c88c       0x3e ./Middlewares/Third_Party/FatFs/src/ff.o
 .text.get_fat  0x0800c8ca      0x14e ./Middlewares/Third_Party/FatFs/src/ff.o
 .text.put_fat  0x0800ca18      0x1d4 ./Middlewares/Third_Party/FatFs/src/ff.o
 .text.remove_chain
                0x0800cbec       0xca ./Middlewares/Third_Party/FatFs/src/ff.o
 .text.create_chain
                0x0800ccb6      0x130 ./Middlewares/Third_Party/FatFs/src/ff.o
 .text.clmt_clust
                0x0800cde6       0x68 ./Middlewares/Third_Party/FatFs/src/ff.o
 .text.dir_sdi  0x0800ce4e       0xf6 ./Middlewares/Third_Party/FatFs/src/ff.o
 .text.dir_next
                0x0800cf44      0x18a ./Middlewares/Third_Party/FatFs/src/ff.o
 .text.dir_alloc
                0x0800d0ce       0x8e ./Middlewares/Third_Party/FatFs/src/ff.o
 .text.ld_clust
                0x0800d15c       0x3e ./Middlewares/Third_Party/FatFs/src/ff.o
 .text.st_clust
                0x0800d19a       0x40 ./Middlewares/Third_Party/FatFs/src/ff.o
 *fill*         0x0800d1da        0x2 
 .text.cmp_lfn  0x0800d1dc       0xe0 ./Middlewares/Third_Party/FatFs/src/ff.o
 .text.pick_lfn
                0x0800d2bc       0xc8 ./Middlewares/Third_Party/FatFs/src/ff.o
 .text.put_lfn  0x0800d384       0xd0 ./Middlewares/Third_Party/FatFs/src/ff.o
 .text.gen_numname
                0x0800d454      0x11c ./Middlewares/Third_Party/FatFs/src/ff.o
 .text.sum_sfn  0x0800d570       0x42 ./Middlewares/Third_Party/FatFs/src/ff.o
 .text.dir_read
                0x0800d5b2      0x14e ./Middlewares/Third_Party/FatFs/src/ff.o
 .text.dir_find
                0x0800d700      0x180 ./Middlewares/Third_Party/FatFs/src/ff.o
 .text.dir_register
                0x0800d880      0x1f0 ./Middlewares/Third_Party/FatFs/src/ff.o
 .text.get_fileinfo
                0x0800da70      0x1bc ./Middlewares/Third_Party/FatFs/src/ff.o
 .text.create_name
                0x0800dc2c      0x370 ./Middlewares/Third_Party/FatFs/src/ff.o
 .text.follow_path
                0x0800df9c       0xe2 ./Middlewares/Third_Party/FatFs/src/ff.o
 .text.get_ldnumber
                0x0800e07e       0x88 ./Middlewares/Third_Party/FatFs/src/ff.o
 *fill*         0x0800e106        0x2 
 .text.check_fs
                0x0800e108       0xac ./Middlewares/Third_Party/FatFs/src/ff.o
 .text.find_volume
                0x0800e1b4      0x4a0 ./Middlewares/Third_Party/FatFs/src/ff.o
 .text.validate
                0x0800e654       0x6a ./Middlewares/Third_Party/FatFs/src/ff.o
 *fill*         0x0800e6be        0x2 
 .text.f_mount  0x0800e6c0       0x8c ./Middlewares/Third_Party/FatFs/src/ff.o
                0x0800e6c0                f_mount
 .text.f_open   0x0800e74c      0x374 ./Middlewares/Third_Party/FatFs/src/ff.o
                0x0800e74c                f_open
 .text.f_read   0x0800eac0      0x27e ./Middlewares/Third_Party/FatFs/src/ff.o
                0x0800eac0                f_read
 .text.f_sync   0x0800ed3e       0xfc ./Middlewares/Third_Party/FatFs/src/ff.o
                0x0800ed3e                f_sync
 .text.f_close  0x0800ee3a       0x54 ./Middlewares/Third_Party/FatFs/src/ff.o
                0x0800ee3a                f_close
 .text.f_lseek  0x0800ee8e      0x412 ./Middlewares/Third_Party/FatFs/src/ff.o
                0x0800ee8e                f_lseek
 .text.f_opendir
                0x0800f2a0       0xe6 ./Middlewares/Third_Party/FatFs/src/ff.o
                0x0800f2a0                f_opendir
 .text.f_closedir
                0x0800f386       0x4c ./Middlewares/Third_Party/FatFs/src/ff.o
                0x0800f386                f_closedir
 .text.f_readdir
                0x0800f3d2       0x7a ./Middlewares/Third_Party/FatFs/src/ff.o
                0x0800f3d2                f_readdir
 .text.FATFS_LinkDriverEx
                0x0800f44c       0x98 ./Middlewares/Third_Party/FatFs/src/ff_gen_drv.o
                0x0800f44c                FATFS_LinkDriverEx
 .text.FATFS_LinkDriver
                0x0800f4e4       0x1e ./Middlewares/Third_Party/FatFs/src/ff_gen_drv.o
                0x0800f4e4                FATFS_LinkDriver
 *fill*         0x0800f502        0x2 
 .text.ff_convert
                0x0800f504       0x78 ./Middlewares/Third_Party/FatFs/src/option/ccsbcs.o
                0x0800f504                ff_convert
 .text.ff_wtoupper
                0x0800f57c      0x114 ./Middlewares/Third_Party/FatFs/src/option/ccsbcs.o
                0x0800f57c                ff_wtoupper
 .text.MX_USB_HOST_Init
                0x0800f690       0x4c ./USB_HOST/App/usb_host.o
                0x0800f690                MX_USB_HOST_Init
 .text.MX_USB_HOST_Process
                0x0800f6dc       0x14 ./USB_HOST/App/usb_host.o
                0x0800f6dc                MX_USB_HOST_Process
 .text.USBH_UserProcess
                0x0800f6f0       0x5c ./USB_HOST/App/usb_host.o
 .text.HAL_HCD_MspInit
                0x0800f74c       0xc4 ./USB_HOST/Target/usbh_conf.o
                0x0800f74c                HAL_HCD_MspInit
 .text.HAL_HCD_SOF_Callback
                0x0800f810       0x1c ./USB_HOST/Target/usbh_conf.o
                0x0800f810                HAL_HCD_SOF_Callback
 .text.HAL_HCD_Connect_Callback
                0x0800f82c       0x1c ./USB_HOST/Target/usbh_conf.o
                0x0800f82c                HAL_HCD_Connect_Callback
 .text.HAL_HCD_Disconnect_Callback
                0x0800f848       0x1c ./USB_HOST/Target/usbh_conf.o
                0x0800f848                HAL_HCD_Disconnect_Callback
 .text.HAL_HCD_HC_NotifyURBChange_Callback
                0x0800f864       0x1c ./USB_HOST/Target/usbh_conf.o
                0x0800f864                HAL_HCD_HC_NotifyURBChange_Callback
 .text.HAL_HCD_PortEnabled_Callback
                0x0800f880       0x1c ./USB_HOST/Target/usbh_conf.o
                0x0800f880                HAL_HCD_PortEnabled_Callback
 .text.HAL_HCD_PortDisabled_Callback
                0x0800f89c       0x1c ./USB_HOST/Target/usbh_conf.o
                0x0800f89c                HAL_HCD_PortDisabled_Callback
 .text.USBH_LL_Init
                0x0800f8b8       0x78 ./USB_HOST/Target/usbh_conf.o
                0x0800f8b8                USBH_LL_Init
 .text.USBH_LL_Start
                0x0800f930       0x36 ./USB_HOST/Target/usbh_conf.o
                0x0800f930                USBH_LL_Start
 .text.USBH_LL_Stop
                0x0800f966       0x36 ./USB_HOST/Target/usbh_conf.o
                0x0800f966                USBH_LL_Stop
 .text.USBH_LL_GetSpeed
                0x0800f99c       0x4e ./USB_HOST/Target/usbh_conf.o
                0x0800f99c                USBH_LL_GetSpeed
 .text.USBH_LL_ResetPort
                0x0800f9ea       0x36 ./USB_HOST/Target/usbh_conf.o
                0x0800f9ea                USBH_LL_ResetPort
 .text.USBH_LL_GetLastXferSize
                0x0800fa20       0x26 ./USB_HOST/Target/usbh_conf.o
                0x0800fa20                USBH_LL_GetLastXferSize
 .text.USBH_LL_OpenPipe
                0x0800fa46       0x5e ./USB_HOST/Target/usbh_conf.o
                0x0800fa46                USBH_LL_OpenPipe
 .text.USBH_LL_ClosePipe
                0x0800faa4       0x3e ./USB_HOST/Target/usbh_conf.o
                0x0800faa4                USBH_LL_ClosePipe
 .text.USBH_LL_SubmitURB
                0x0800fae2       0x62 ./USB_HOST/Target/usbh_conf.o
                0x0800fae2                USBH_LL_SubmitURB
 .text.USBH_LL_GetURBState
                0x0800fb44       0x26 ./USB_HOST/Target/usbh_conf.o
                0x0800fb44                USBH_LL_GetURBState
 .text.USBH_LL_DriverVBUS
                0x0800fb6a       0x2e ./USB_HOST/Target/usbh_conf.o
                0x0800fb6a                USBH_LL_DriverVBUS
 .text.USBH_LL_SetToggle
                0x0800fb98       0x66 ./USB_HOST/Target/usbh_conf.o
                0x0800fb98                USBH_LL_SetToggle
 .text.USBH_LL_GetToggle
                0x0800fbfe       0x66 ./USB_HOST/Target/usbh_conf.o
                0x0800fbfe                USBH_LL_GetToggle
 .text.USBH_Delay
                0x0800fc64       0x16 ./USB_HOST/Target/usbh_conf.o
                0x0800fc64                USBH_Delay
 *fill*         0x0800fc7a        0x2 
 .text.USBH_Get_USB_Status
                0x0800fc7c       0x58 ./USB_HOST/Target/usbh_conf.o
                0x0800fc7c                USBH_Get_USB_Status
 .text.MX_DriverVbusFS
                0x0800fcd4       0x38 ./USB_HOST/Target/usbh_platform.o
                0x0800fcd4                MX_DriverVbusFS
 .text.malloc   0x0800fd0c       0x10 C:/ST/STM32CubeIDE_1.16.1/STM32CubeIDE/plugins/com.st.stm32cube.ide.mcu.externaltools.gnu-tools-for-stm32.12.3.rel1.win32_1.0.200.202406191623/tools/bin/../lib/gcc/arm-none-eabi/12.3.1/../../../../arm-none-eabi/lib/thumb/v7e-m+fp/hard\libc_nano.a(libc_a-malloc.o)
                0x0800fd0c                malloc
 .text.free     0x0800fd1c       0x10 C:/ST/STM32CubeIDE_1.16.1/STM32CubeIDE/plugins/com.st.stm32cube.ide.mcu.externaltools.gnu-tools-for-stm32.12.3.rel1.win32_1.0.200.202406191623/tools/bin/../lib/gcc/arm-none-eabi/12.3.1/../../../../arm-none-eabi/lib/thumb/v7e-m+fp/hard\libc_nano.a(libc_a-malloc.o)
                0x0800fd1c                free
 .text.sbrk_aligned
                0x0800fd2c       0x44 C:/ST/STM32CubeIDE_1.16.1/STM32CubeIDE/plugins/com.st.stm32cube.ide.mcu.externaltools.gnu-tools-for-stm32.12.3.rel1.win32_1.0.200.202406191623/tools/bin/../lib/gcc/arm-none-eabi/12.3.1/../../../../arm-none-eabi/lib/thumb/v7e-m+fp/hard\libc_nano.a(libc_a-mallocr.o)
 .text._malloc_r
                0x0800fd70      0x100 C:/ST/STM32CubeIDE_1.16.1/STM32CubeIDE/plugins/com.st.stm32cube.ide.mcu.externaltools.gnu-tools-for-stm32.12.3.rel1.win32_1.0.200.202406191623/tools/bin/../lib/gcc/arm-none-eabi/12.3.1/../../../../arm-none-eabi/lib/thumb/v7e-m+fp/hard\libc_nano.a(libc_a-mallocr.o)
                0x0800fd70                _malloc_r
 .text.__malloc_lock
                0x0800fe70        0xc C:/ST/STM32CubeIDE_1.16.1/STM32CubeIDE/plugins/com.st.stm32cube.ide.mcu.externaltools.gnu-tools-for-stm32.12.3.rel1.win32_1.0.200.202406191623/tools/bin/../lib/gcc/arm-none-eabi/12.3.1/../../../../arm-none-eabi/lib/thumb/v7e-m+fp/hard\libc_nano.a(libc_a-mlock.o)
                0x0800fe70                __malloc_lock
 .text.__malloc_unlock
                0x0800fe7c        0xc C:/ST/STM32CubeIDE_1.16.1/STM32CubeIDE/plugins/com.st.stm32cube.ide.mcu.externaltools.gnu-tools-for-stm32.12.3.rel1.win32_1.0.200.202406191623/tools/bin/../lib/gcc/arm-none-eabi/12.3.1/../../../../arm-none-eabi/lib/thumb/v7e-m+fp/hard\libc_nano.a(libc_a-mlock.o)
                0x0800fe7c                __malloc_unlock
 .text.memset   0x0800fe88       0x10 C:/ST/STM32CubeIDE_1.16.1/STM32CubeIDE/plugins/com.st.stm32cube.ide.mcu.externaltools.gnu-tools-for-stm32.12.3.rel1.win32_1.0.200.202406191623/tools/bin/../lib/gcc/arm-none-eabi/12.3.1/../../../../arm-none-eabi/lib/thumb/v7e-m+fp/hard\libc_nano.a(libc_a-memset.o)
                0x0800fe88                memset
 .text.strncpy  0x0800fe98       0x26 C:/ST/STM32CubeIDE_1.16.1/STM32CubeIDE/plugins/com.st.stm32cube.ide.mcu.externaltools.gnu-tools-for-stm32.12.3.rel1.win32_1.0.200.202406191623/tools/bin/../lib/gcc/arm-none-eabi/12.3.1/../../../../arm-none-eabi/lib/thumb/v7e-m+fp/hard\libc_nano.a(libc_a-strncpy.o)
                0x0800fe98                strncpy
 .text.strstr   0x0800febe       0x2c C:/ST/STM32CubeIDE_1.16.1/STM32CubeIDE/plugins/com.st.stm32cube.ide.mcu.externaltools.gnu-tools-for-stm32.12.3.rel1.win32_1.0.200.202406191623/tools/bin/../lib/gcc/arm-none-eabi/12.3.1/../../../../arm-none-eabi/lib/thumb/v7e-m+fp/hard\libc_nano.a(libc_a-strstr.o)
                0x0800febe                strstr
 *fill*         0x0800feea        0x2 
 .text._sbrk_r  0x0800feec       0x20 C:/ST/STM32CubeIDE_1.16.1/STM32CubeIDE/plugins/com.st.stm32cube.ide.mcu.externaltools.gnu-tools-for-stm32.12.3.rel1.win32_1.0.200.202406191623/tools/bin/../lib/gcc/arm-none-eabi/12.3.1/../../../../arm-none-eabi/lib/thumb/v7e-m+fp/hard\libc_nano.a(libc_a-sbrkr.o)
                0x0800feec                _sbrk_r
 .text.__errno  0x0800ff0c        0xc C:/ST/STM32CubeIDE_1.16.1/STM32CubeIDE/plugins/com.st.stm32cube.ide.mcu.externaltools.gnu-tools-for-stm32.12.3.rel1.win32_1.0.200.202406191623/tools/bin/../lib/gcc/arm-none-eabi/12.3.1/../../../../arm-none-eabi/lib/thumb/v7e-m+fp/hard\libc_nano.a(libc_a-errno.o)
                0x0800ff0c                __errno
 .text.__libc_init_array
                0x0800ff18       0x48 C:/ST/STM32CubeIDE_1.16.1/STM32CubeIDE/plugins/com.st.stm32cube.ide.mcu.externaltools.gnu-tools-for-stm32.12.3.rel1.win32_1.0.200.202406191623/tools/bin/../lib/gcc/arm-none-eabi/12.3.1/../../../../arm-none-eabi/lib/thumb/v7e-m+fp/hard\libc_nano.a(libc_a-init.o)
                0x0800ff18                __libc_init_array
 .text.__retarget_lock_acquire_recursive
                0x0800ff60        0x2 C:/ST/STM32CubeIDE_1.16.1/STM32CubeIDE/plugins/com.st.stm32cube.ide.mcu.externaltools.gnu-tools-for-stm32.12.3.rel1.win32_1.0.200.202406191623/tools/bin/../lib/gcc/arm-none-eabi/12.3.1/../../../../arm-none-eabi/lib/thumb/v7e-m+fp/hard\libc_nano.a(libc_a-lock.o)
                0x0800ff60                __retarget_lock_acquire_recursive
 .text.__retarget_lock_release_recursive
                0x0800ff62        0x2 C:/ST/STM32CubeIDE_1.16.1/STM32CubeIDE/plugins/com.st.stm32cube.ide.mcu.externaltools.gnu-tools-for-stm32.12.3.rel1.win32_1.0.200.202406191623/tools/bin/../lib/gcc/arm-none-eabi/12.3.1/../../../../arm-none-eabi/lib/thumb/v7e-m+fp/hard\libc_nano.a(libc_a-lock.o)
                0x0800ff62                __retarget_lock_release_recursive
 .text.memcpy   0x0800ff64       0x1c C:/ST/STM32CubeIDE_1.16.1/STM32CubeIDE/plugins/com.st.stm32cube.ide.mcu.externaltools.gnu-tools-for-stm32.12.3.rel1.win32_1.0.200.202406191623/tools/bin/../lib/gcc/arm-none-eabi/12.3.1/../../../../arm-none-eabi/lib/thumb/v7e-m+fp/hard\libc_nano.a(libc_a-memcpy-stub.o)
                0x0800ff64                memcpy
 .text._free_r  0x0800ff80       0x94 C:/ST/STM32CubeIDE_1.16.1/STM32CubeIDE/plugins/com.st.stm32cube.ide.mcu.externaltools.gnu-tools-for-stm32.12.3.rel1.win32_1.0.200.202406191623/tools/bin/../lib/gcc/arm-none-eabi/12.3.1/../../../../arm-none-eabi/lib/thumb/v7e-m+fp/hard\libc_nano.a(libc_a-freer.o)
                0x0800ff80                _free_r
 *(.glue_7)
 .glue_7        0x08010014        0x0 linker stubs
 *(.glue_7t)
 .glue_7t       0x08010014        0x0 linker stubs
 *(.eh_frame)
 .eh_frame      0x08010014        0x0 C:/ST/STM32CubeIDE_1.16.1/STM32CubeIDE/plugins/com.st.stm32cube.ide.mcu.externaltools.gnu-tools-for-stm32.12.3.rel1.win32_1.0.200.202406191623/tools/bin/../lib/gcc/arm-none-eabi/12.3.1/thumb/v7e-m+fp/hard/crtbegin.o
 *(.init)
 .init          0x08010014        0x4 C:/ST/STM32CubeIDE_1.16.1/STM32CubeIDE/plugins/com.st.stm32cube.ide.mcu.externaltools.gnu-tools-for-stm32.12.3.rel1.win32_1.0.200.202406191623/tools/bin/../lib/gcc/arm-none-eabi/12.3.1/thumb/v7e-m+fp/hard/crti.o
                0x08010014                _init
 .init          0x08010018        0x8 C:/ST/STM32CubeIDE_1.16.1/STM32CubeIDE/plugins/com.st.stm32cube.ide.mcu.externaltools.gnu-tools-for-stm32.12.3.rel1.win32_1.0.200.202406191623/tools/bin/../lib/gcc/arm-none-eabi/12.3.1/thumb/v7e-m+fp/hard/crtn.o
 *(.fini)
 .fini          0x08010020        0x4 C:/ST/STM32CubeIDE_1.16.1/STM32CubeIDE/plugins/com.st.stm32cube.ide.mcu.externaltools.gnu-tools-for-stm32.12.3.rel1.win32_1.0.200.202406191623/tools/bin/../lib/gcc/arm-none-eabi/12.3.1/thumb/v7e-m+fp/hard/crti.o
                0x08010020                _fini
 .fini          0x08010024        0x8 C:/ST/STM32CubeIDE_1.16.1/STM32CubeIDE/plugins/com.st.stm32cube.ide.mcu.externaltools.gnu-tools-for-stm32.12.3.rel1.win32_1.0.200.202406191623/tools/bin/../lib/gcc/arm-none-eabi/12.3.1/thumb/v7e-m+fp/hard/crtn.o
                0x0801002c                        . = ALIGN (0x4)
                0x0801002c                        _etext = .

.vfp11_veneer   0x0801002c        0x0
 .vfp11_veneer  0x0801002c        0x0 linker stubs

.v4_bx          0x0801002c        0x0
 .v4_bx         0x0801002c        0x0 linker stubs

.iplt           0x0801002c        0x0
 .iplt          0x0801002c        0x0 C:/ST/STM32CubeIDE_1.16.1/STM32CubeIDE/plugins/com.st.stm32cube.ide.mcu.externaltools.gnu-tools-for-stm32.12.3.rel1.win32_1.0.200.202406191623/tools/bin/../lib/gcc/arm-none-eabi/12.3.1/thumb/v7e-m+fp/hard/crtbegin.o

.rodata         0x0801002c      0x528
                0x0801002c                        . = ALIGN (0x4)
 *(.rodata)
 .rodata        0x0801002c        0x8 ./Core/Src/File_Handling.o
 .rodata        0x08010034        0x4 ./Middlewares/ST/STM32_USB_Host_Library/Class/MSC/Src/usbh_msc.o
 .rodata        0x08010038       0x48 ./Middlewares/Third_Party/FatFs/src/ff.o
 *(.rodata*)
 .rodata.I2SFreq
                0x08010080       0x20 ./Core/Src/AUDIO.o
                0x08010080                I2SFreq
 .rodata.I2SPLLN
                0x080100a0       0x20 ./Core/Src/AUDIO.o
                0x080100a0                I2SPLLN
 .rodata.I2SPLLR
                0x080100c0       0x20 ./Core/Src/AUDIO.o
                0x080100c0                I2SPLLR
 .rodata.AHBPrescTable
                0x080100e0       0x10 ./Core/Src/system_stm32f4xx.o
                0x080100e0                AHBPrescTable
 .rodata.APBPrescTable
                0x080100f0        0x8 ./Core/Src/system_stm32f4xx.o
                0x080100f0                APBPrescTable
 .rodata.flagBitshiftOffset.0
                0x080100f8        0x8 ./Drivers/STM32F4xx_HAL_Driver/Src/stm32f4xx_hal_dma.o
 .rodata.USBH_Driver
                0x08010100       0x14 ./FATFS/Target/usbh_diskio.o
                0x08010100                USBH_Driver
 .rodata.ExCvt  0x08010114       0x80 ./Middlewares/Third_Party/FatFs/src/ff.o
 .rodata.LfnOfs
                0x08010194        0xd ./Middlewares/Third_Party/FatFs/src/ff.o
 *fill*         0x080101a1        0x3 
 .rodata.Tbl    0x080101a4      0x100 ./Middlewares/Third_Party/FatFs/src/option/ccsbcs.o
 .rodata.cvt1.1
                0x080102a4      0x1f2 ./Middlewares/Third_Party/FatFs/src/option/ccsbcs.o
 *fill*         0x08010496        0x2 
 .rodata.cvt2.0
                0x08010498       0xbc ./Middlewares/Third_Party/FatFs/src/option/ccsbcs.o
                0x08010554                        . = ALIGN (0x4)

.ARM.extab      0x08010554        0x0
                0x08010554                        . = ALIGN (0x4)
 *(.ARM.extab* .gnu.linkonce.armextab.*)
                0x08010554                        . = ALIGN (0x4)

.ARM            0x08010554        0x8
                0x08010554                        . = ALIGN (0x4)
                0x08010554                        __exidx_start = .
 *(.ARM.exidx*)
 .ARM.exidx     0x08010554        0x8 C:/ST/STM32CubeIDE_1.16.1/STM32CubeIDE/plugins/com.st.stm32cube.ide.mcu.externaltools.gnu-tools-for-stm32.12.3.rel1.win32_1.0.200.202406191623/tools/bin/../lib/gcc/arm-none-eabi/12.3.1/thumb/v7e-m+fp/hard\libgcc.a(_udivmoddi4.o)
                0x0801055c                        __exidx_end = .
                0x0801055c                        . = ALIGN (0x4)

.rel.dyn        0x0801055c        0x0
 .rel.iplt      0x0801055c        0x0 C:/ST/STM32CubeIDE_1.16.1/STM32CubeIDE/plugins/com.st.stm32cube.ide.mcu.externaltools.gnu-tools-for-stm32.12.3.rel1.win32_1.0.200.202406191623/tools/bin/../lib/gcc/arm-none-eabi/12.3.1/thumb/v7e-m+fp/hard/crtbegin.o

.preinit_array  0x0801055c        0x0
                0x0801055c                        . = ALIGN (0x4)
                0x0801055c                        PROVIDE (__preinit_array_start = .)
 *(.preinit_array*)
                0x0801055c                        PROVIDE (__preinit_array_end = .)
                0x0801055c                        . = ALIGN (0x4)

.init_array     0x0801055c        0x4
                0x0801055c                        . = ALIGN (0x4)
                0x0801055c                        PROVIDE (__init_array_start = .)
 *(SORT_BY_NAME(.init_array.*))
 *(.init_array*)
 .init_array    0x0801055c        0x4 C:/ST/STM32CubeIDE_1.16.1/STM32CubeIDE/plugins/com.st.stm32cube.ide.mcu.externaltools.gnu-tools-for-stm32.12.3.rel1.win32_1.0.200.202406191623/tools/bin/../lib/gcc/arm-none-eabi/12.3.1/thumb/v7e-m+fp/hard/crtbegin.o
                0x08010560                        PROVIDE (__init_array_end = .)
                0x08010560                        . = ALIGN (0x4)

.fini_array     0x08010560        0x4
                0x08010560                        . = ALIGN (0x4)
                [!provide]                        PROVIDE (__fini_array_start = .)
 *(SORT_BY_NAME(.fini_array.*))
 *(.fini_array*)
 .fini_array    0x08010560        0x4 C:/ST/STM32CubeIDE_1.16.1/STM32CubeIDE/plugins/com.st.stm32cube.ide.mcu.externaltools.gnu-tools-for-stm32.12.3.rel1.win32_1.0.200.202406191623/tools/bin/../lib/gcc/arm-none-eabi/12.3.1/thumb/v7e-m+fp/hard/crtbegin.o
                [!provide]                        PROVIDE (__fini_array_end = .)
                0x08010564                        . = ALIGN (0x4)
                0x08010564                        _sidata = LOADADDR (.data)

.data           0x20000000       0xb8 load address 0x08010564
                0x20000000                        . = ALIGN (0x4)
                0x20000000                        _sdata = .
 *(.data)
 *(.data*)
 .data.I2cxTimeout
                0x20000000        0x4 ./Core/Src/AUDIO_LINK.o
                0x20000000                I2cxTimeout
 .data.cs43l22_drv
                0x20000004       0x30 ./Core/Src/cs43l22.o
                0x20000004                cs43l22_drv
 .data.Is_cs43l22_Stop
                0x20000034        0x1 ./Core/Src/cs43l22.o
 *fill*         0x20000035        0x3 
 .data.SystemCoreClock
                0x20000038        0x4 ./Core/Src/system_stm32f4xx.o
                0x20000038                SystemCoreClock
 .data.uwVolume
                0x2000003c        0x4 ./Core/Src/waveplayer.o
 .data.uwTickPrio
                0x20000040        0x4 ./Drivers/STM32F4xx_HAL_Driver/Src/stm32f4xx_hal.o
                0x20000040                uwTickPrio
 .data.uwTickFreq
                0x20000044        0x1 ./Drivers/STM32F4xx_HAL_Driver/Src/stm32f4xx_hal.o
                0x20000044                uwTickFreq
 *fill*         0x20000045        0x3 
 .data.USBH_msc
                0x20000048       0x20 ./Middlewares/ST/STM32_USB_Host_Library/Class/MSC/Src/usbh_msc.o
                0x20000048                USBH_msc
 .data._impure_ptr
                0x20000068        0x4 C:/ST/STM32CubeIDE_1.16.1/STM32CubeIDE/plugins/com.st.stm32cube.ide.mcu.externaltools.gnu-tools-for-stm32.12.3.rel1.win32_1.0.200.202406191623/tools/bin/../lib/gcc/arm-none-eabi/12.3.1/../../../../arm-none-eabi/lib/thumb/v7e-m+fp/hard\libc_nano.a(libc_a-impure.o)
                0x20000068                _impure_ptr
 .data._impure_data
                0x2000006c       0x4c C:/ST/STM32CubeIDE_1.16.1/STM32CubeIDE/plugins/com.st.stm32cube.ide.mcu.externaltools.gnu-tools-for-stm32.12.3.rel1.win32_1.0.200.202406191623/tools/bin/../lib/gcc/arm-none-eabi/12.3.1/../../../../arm-none-eabi/lib/thumb/v7e-m+fp/hard\libc_nano.a(libc_a-impure.o)
                0x2000006c                _impure_data
 *(.RamFunc)
 *(.RamFunc*)
                0x200000b8                        . = ALIGN (0x4)
                0x200000b8                        _edata = .

.igot.plt       0x200000b8        0x0 load address 0x0801061c
 .igot.plt      0x200000b8        0x0 C:/ST/STM32CubeIDE_1.16.1/STM32CubeIDE/plugins/com.st.stm32cube.ide.mcu.externaltools.gnu-tools-for-stm32.12.3.rel1.win32_1.0.200.202406191623/tools/bin/../lib/gcc/arm-none-eabi/12.3.1/thumb/v7e-m+fp/hard/crtbegin.o
                0x200000b8                        . = ALIGN (0x4)

.bss            0x200000b8     0x2518 load address 0x0801061c
                0x200000b8                        _sbss = .
                0x200000b8                        __bss_start__ = _sbss
 *(.bss)
 .bss           0x200000b8       0x1c C:/ST/STM32CubeIDE_1.16.1/STM32CubeIDE/plugins/com.st.stm32cube.ide.mcu.externaltools.gnu-tools-for-stm32.12.3.rel1.win32_1.0.200.202406191623/tools/bin/../lib/gcc/arm-none-eabi/12.3.1/thumb/v7e-m+fp/hard/crtbegin.o
 *(.bss*)
 .bss.pAudioDrv
                0x200000d4        0x4 ./Core/Src/AUDIO.o
 .bss.hAudioOutI2s
                0x200000d8       0x48 ./Core/Src/AUDIO.o
                0x200000d8                hAudioOutI2s
 .bss.hdma_i2sTx.0
                0x20000120       0x60 ./Core/Src/AUDIO.o
 .bss.I2cHandle
                0x20000180       0x54 ./Core/Src/AUDIO_LINK.o
 .bss.fresult   0x200001d4        0x1 ./Core/Src/File_Handling.o
                0x200001d4                fresult
 *fill*         0x200001d5        0x1 
 .bss.NumObs    0x200001d6        0x2 ./Core/Src/File_Handling.o
                0x200001d6                NumObs
 .bss.OutputDev
                0x200001d8        0x1 ./Core/Src/cs43l22.o
                0x200001d8                OutputDev
 *fill*         0x200001d9        0x3 
 .bss.hadc1     0x200001dc       0x48 ./Core/Src/main.o
                0x200001dc                hadc1
 .bss.hi2c1     0x20000224       0x54 ./Core/Src/main.o
                0x20000224                hi2c1
 .bss.hi2s3     0x20000278       0x48 ./Core/Src/main.o
                0x20000278                hi2s3
 .bss.hdma_spi3_tx
                0x200002c0       0x60 ./Core/Src/main.o
                0x200002c0                hdma_spi3_tx
 .bss.adc1_raw  0x20000320        0x2 ./Core/Src/main.o
                0x20000320                adc1_raw
 *fill*         0x20000322        0x2 
 .bss.IsFinished
                0x20000324        0x4 ./Core/Src/main.o
                0x20000324                IsFinished
 .bss.__sbrk_heap_end
                0x20000328        0x4 ./Core/Src/sysmem.o
 .bss.BufferCtl
                0x2000032c     0x1008 ./Core/Src/waveplayer.o
 .bss.AudioState
                0x20001334        0x1 ./Core/Src/waveplayer.o
                0x20001334                AudioState
 *fill*         0x20001335        0x1 
 .bss.FilePos   0x20001336        0x2 ./Core/Src/waveplayer.o
 .bss.FileList  0x20001338      0x3da ./Core/Src/waveplayer.o
                0x20001338                FileList
 *fill*         0x20001712        0x2 
 .bss.WaveFormat
                0x20001714       0x2c ./Core/Src/waveplayer.o
                0x20001714                WaveFormat
 .bss.WavFile   0x20001740      0x230 ./Core/Src/waveplayer.o
                0x20001740                WavFile
 .bss.uwTick    0x20001970        0x4 ./Drivers/STM32F4xx_HAL_Driver/Src/stm32f4xx_hal.o
                0x20001970                uwTick
 .bss.tmpreg.0  0x20001974        0x4 ./Drivers/STM32F4xx_HAL_Driver/Src/stm32f4xx_ll_usb.o
 .bss.retUSBH   0x20001978        0x1 ./FATFS/App/fatfs.o
                0x20001978                retUSBH
 *fill*         0x20001979        0x3 
 .bss.USBHPath  0x2000197c        0x4 ./FATFS/App/fatfs.o
                0x2000197c                USBHPath
 .bss.USBHFatFS
                0x20001980      0x234 ./FATFS/App/fatfs.o
                0x20001980                USBHFatFS
 .bss.FatFs     0x20001bb4        0x4 ./Middlewares/Third_Party/FatFs/src/ff.o
 .bss.Fsid      0x20001bb8        0x2 ./Middlewares/Third_Party/FatFs/src/ff.o
 *fill*         0x20001bba        0x2 
 .bss.Files     0x20001bbc       0x20 ./Middlewares/Third_Party/FatFs/src/ff.o
 .bss.LfnBuf    0x20001bdc      0x200 ./Middlewares/Third_Party/FatFs/src/ff.o
 .bss.disk      0x20001ddc        0xc ./Middlewares/Third_Party/FatFs/src/ff_gen_drv.o
                0x20001ddc                disk
 .bss.hUsbHostFS
                0x20001de8      0x3d8 ./USB_HOST/App/usb_host.o
                0x20001de8                hUsbHostFS
 .bss.Appli_state
                0x200021c0        0x1 ./USB_HOST/App/usb_host.o
                0x200021c0                Appli_state
 *fill*         0x200021c1        0x3 
 .bss.hhcd_USB_OTG_FS
                0x200021c4      0x2c4 ./USB_HOST/Target/usbh_conf.o
                0x200021c4                hhcd_USB_OTG_FS
 .bss.__malloc_sbrk_start
                0x20002488        0x4 C:/ST/STM32CubeIDE_1.16.1/STM32CubeIDE/plugins/com.st.stm32cube.ide.mcu.externaltools.gnu-tools-for-stm32.12.3.rel1.win32_1.0.200.202406191623/tools/bin/../lib/gcc/arm-none-eabi/12.3.1/../../../../arm-none-eabi/lib/thumb/v7e-m+fp/hard\libc_nano.a(libc_a-mallocr.o)
                0x20002488                __malloc_sbrk_start
 .bss.__malloc_free_list
                0x2000248c        0x4 C:/ST/STM32CubeIDE_1.16.1/STM32CubeIDE/plugins/com.st.stm32cube.ide.mcu.externaltools.gnu-tools-for-stm32.12.3.rel1.win32_1.0.200.202406191623/tools/bin/../lib/gcc/arm-none-eabi/12.3.1/../../../../arm-none-eabi/lib/thumb/v7e-m+fp/hard\libc_nano.a(libc_a-mallocr.o)
                0x2000248c                __malloc_free_list
 .bss.__sf      0x20002490      0x138 C:/ST/STM32CubeIDE_1.16.1/STM32CubeIDE/plugins/com.st.stm32cube.ide.mcu.externaltools.gnu-tools-for-stm32.12.3.rel1.win32_1.0.200.202406191623/tools/bin/../lib/gcc/arm-none-eabi/12.3.1/../../../../arm-none-eabi/lib/thumb/v7e-m+fp/hard\libc_nano.a(libc_a-findfp.o)
                0x20002490                __sf
 .bss.errno     0x200025c8        0x4 C:/ST/STM32CubeIDE_1.16.1/STM32CubeIDE/plugins/com.st.stm32cube.ide.mcu.externaltools.gnu-tools-for-stm32.12.3.rel1.win32_1.0.200.202406191623/tools/bin/../lib/gcc/arm-none-eabi/12.3.1/../../../../arm-none-eabi/lib/thumb/v7e-m+fp/hard\libc_nano.a(libc_a-reent.o)
                0x200025c8                errno
 .bss.__lock___malloc_recursive_mutex
                0x200025cc        0x1 C:/ST/STM32CubeIDE_1.16.1/STM32CubeIDE/plugins/com.st.stm32cube.ide.mcu.externaltools.gnu-tools-for-stm32.12.3.rel1.win32_1.0.200.202406191623/tools/bin/../lib/gcc/arm-none-eabi/12.3.1/../../../../arm-none-eabi/lib/thumb/v7e-m+fp/hard\libc_nano.a(libc_a-lock.o)
                0x200025cc                __lock___malloc_recursive_mutex
 *(COMMON)
                0x200025d0                        . = ALIGN (0x4)
 *fill*         0x200025cd        0x3 
                0x200025d0                        _ebss = .
                0x200025d0                        __bss_end__ = _ebss

._user_heap_stack
                0x200025d0      0x600 load address 0x0801061c
                0x200025d0                        . = ALIGN (0x8)
                [!provide]                        PROVIDE (end = .)
                0x200025d0                        PROVIDE (_end = .)
                0x200027d0                        . = (. + _Min_Heap_Size)
 *fill*         0x200025d0      0x200 
                0x20002bd0                        . = (. + _Min_Stack_Size)
 *fill*         0x200027d0      0x400 
                0x20002bd0                        . = ALIGN (0x8)

/DISCARD/
 libc.a(*)
 libm.a(*)
 libgcc.a(*)

.ARM.attributes
                0x00000000       0x30
 *(.ARM.attributes)
 .ARM.attributes
                0x00000000       0x22 C:/ST/STM32CubeIDE_1.16.1/STM32CubeIDE/plugins/com.st.stm32cube.ide.mcu.externaltools.gnu-tools-for-stm32.12.3.rel1.win32_1.0.200.202406191623/tools/bin/../lib/gcc/arm-none-eabi/12.3.1/thumb/v7e-m+fp/hard/crti.o
 .ARM.attributes
                0x00000022       0x34 C:/ST/STM32CubeIDE_1.16.1/STM32CubeIDE/plugins/com.st.stm32cube.ide.mcu.externaltools.gnu-tools-for-stm32.12.3.rel1.win32_1.0.200.202406191623/tools/bin/../lib/gcc/arm-none-eabi/12.3.1/thumb/v7e-m+fp/hard/crtbegin.o
 .ARM.attributes
                0x00000056       0x34 ./Core/Src/AUDIO.o
 .ARM.attributes
                0x0000008a       0x34 ./Core/Src/AUDIO_LINK.o
 .ARM.attributes
                0x000000be       0x34 ./Core/Src/File_Handling.o
 .ARM.attributes
                0x000000f2       0x34 ./Core/Src/cs43l22.o
 .ARM.attributes
                0x00000126       0x34 ./Core/Src/main.o
 .ARM.attributes
                0x0000015a       0x34 ./Core/Src/stm32f4xx_hal_msp.o
 .ARM.attributes
                0x0000018e       0x34 ./Core/Src/stm32f4xx_it.o
 .ARM.attributes
                0x000001c2       0x34 ./Core/Src/sysmem.o
 .ARM.attributes
                0x000001f6       0x34 ./Core/Src/system_stm32f4xx.o
 .ARM.attributes
                0x0000022a       0x34 ./Core/Src/waveplayer.o
 .ARM.attributes
                0x0000025e       0x21 ./Core/Startup/startup_stm32f411vetx.o
 .ARM.attributes
                0x0000027f       0x34 ./Drivers/STM32F4xx_HAL_Driver/Src/stm32f4xx_hal.o
 .ARM.attributes
                0x000002b3       0x34 ./Drivers/STM32F4xx_HAL_Driver/Src/stm32f4xx_hal_adc.o
 .ARM.attributes
                0x000002e7       0x34 ./Drivers/STM32F4xx_HAL_Driver/Src/stm32f4xx_hal_adc_ex.o
 .ARM.attributes
                0x0000031b       0x34 ./Drivers/STM32F4xx_HAL_Driver/Src/stm32f4xx_hal_cortex.o
 .ARM.attributes
                0x0000034f       0x34 ./Drivers/STM32F4xx_HAL_Driver/Src/stm32f4xx_hal_dma.o
 .ARM.attributes
                0x00000383       0x34 ./Drivers/STM32F4xx_HAL_Driver/Src/stm32f4xx_hal_gpio.o
 .ARM.attributes
                0x000003b7       0x34 ./Drivers/STM32F4xx_HAL_Driver/Src/stm32f4xx_hal_hcd.o
 .ARM.attributes
                0x000003eb       0x34 ./Drivers/STM32F4xx_HAL_Driver/Src/stm32f4xx_hal_i2c.o
 .ARM.attributes
                0x0000041f       0x34 ./Drivers/STM32F4xx_HAL_Driver/Src/stm32f4xx_hal_i2s.o
 .ARM.attributes
                0x00000453       0x34 ./Drivers/STM32F4xx_HAL_Driver/Src/stm32f4xx_hal_i2s_ex.o
 .ARM.attributes
                0x00000487       0x34 ./Drivers/STM32F4xx_HAL_Driver/Src/stm32f4xx_hal_rcc.o
 .ARM.attributes
                0x000004bb       0x34 ./Drivers/STM32F4xx_HAL_Driver/Src/stm32f4xx_hal_rcc_ex.o
 .ARM.attributes
                0x000004ef       0x34 ./Drivers/STM32F4xx_HAL_Driver/Src/stm32f4xx_ll_usb.o
 .ARM.attributes
                0x00000523       0x34 ./FATFS/App/fatfs.o
 .ARM.attributes
                0x00000557       0x34 ./FATFS/Target/usbh_diskio.o
 .ARM.attributes
                0x0000058b       0x34 ./Middlewares/ST/STM32_USB_Host_Library/Class/MSC/Src/usbh_msc.o
 .ARM.attributes
                0x000005bf       0x34 ./Middlewares/ST/STM32_USB_Host_Library/Class/MSC/Src/usbh_msc_bot.o
 .ARM.attributes
                0x000005f3       0x34 ./Middlewares/ST/STM32_USB_Host_Library/Class/MSC/Src/usbh_msc_scsi.o
 .ARM.attributes
                0x00000627       0x34 ./Middlewares/ST/STM32_USB_Host_Library/Core/Src/usbh_core.o
 .ARM.attributes
                0x0000065b       0x34 ./Middlewares/ST/STM32_USB_Host_Library/Core/Src/usbh_ctlreq.o
 .ARM.attributes
                0x0000068f       0x34 ./Middlewares/ST/STM32_USB_Host_Library/Core/Src/usbh_ioreq.o
 .ARM.attributes
                0x000006c3       0x34 ./Middlewares/ST/STM32_USB_Host_Library/Core/Src/usbh_pipes.o
 .ARM.attributes
                0x000006f7       0x34 ./Middlewares/Third_Party/FatFs/src/diskio.o
 .ARM.attributes
                0x0000072b       0x34 ./Middlewares/Third_Party/FatFs/src/ff.o
 .ARM.attributes
                0x0000075f       0x34 ./Middlewares/Third_Party/FatFs/src/ff_gen_drv.o
 .ARM.attributes
                0x00000793       0x34 ./Middlewares/Third_Party/FatFs/src/option/ccsbcs.o
 .ARM.attributes
                0x000007c7       0x34 ./USB_HOST/App/usb_host.o
 .ARM.attributes
                0x000007fb       0x34 ./USB_HOST/Target/usbh_conf.o
 .ARM.attributes
                0x0000082f       0x34 ./USB_HOST/Target/usbh_platform.o
 .ARM.attributes
                0x00000863       0x34 C:/ST/STM32CubeIDE_1.16.1/STM32CubeIDE/plugins/com.st.stm32cube.ide.mcu.externaltools.gnu-tools-for-stm32.12.3.rel1.win32_1.0.200.202406191623/tools/bin/../lib/gcc/arm-none-eabi/12.3.1/../../../../arm-none-eabi/lib/thumb/v7e-m+fp/hard\libc_nano.a(libc_a-malloc.o)
 .ARM.attributes
                0x00000897       0x34 C:/ST/STM32CubeIDE_1.16.1/STM32CubeIDE/plugins/com.st.stm32cube.ide.mcu.externaltools.gnu-tools-for-stm32.12.3.rel1.win32_1.0.200.202406191623/tools/bin/../lib/gcc/arm-none-eabi/12.3.1/../../../../arm-none-eabi/lib/thumb/v7e-m+fp/hard\libc_nano.a(libc_a-mallocr.o)
 .ARM.attributes
                0x000008cb       0x34 C:/ST/STM32CubeIDE_1.16.1/STM32CubeIDE/plugins/com.st.stm32cube.ide.mcu.externaltools.gnu-tools-for-stm32.12.3.rel1.win32_1.0.200.202406191623/tools/bin/../lib/gcc/arm-none-eabi/12.3.1/../../../../arm-none-eabi/lib/thumb/v7e-m+fp/hard\libc_nano.a(libc_a-mlock.o)
 .ARM.attributes
                0x000008ff       0x34 C:/ST/STM32CubeIDE_1.16.1/STM32CubeIDE/plugins/com.st.stm32cube.ide.mcu.externaltools.gnu-tools-for-stm32.12.3.rel1.win32_1.0.200.202406191623/tools/bin/../lib/gcc/arm-none-eabi/12.3.1/../../../../arm-none-eabi/lib/thumb/v7e-m+fp/hard\libc_nano.a(libc_a-findfp.o)
 .ARM.attributes
                0x00000933       0x34 C:/ST/STM32CubeIDE_1.16.1/STM32CubeIDE/plugins/com.st.stm32cube.ide.mcu.externaltools.gnu-tools-for-stm32.12.3.rel1.win32_1.0.200.202406191623/tools/bin/../lib/gcc/arm-none-eabi/12.3.1/../../../../arm-none-eabi/lib/thumb/v7e-m+fp/hard\libc_nano.a(libc_a-memset.o)
 .ARM.attributes
                0x00000967       0x34 C:/ST/STM32CubeIDE_1.16.1/STM32CubeIDE/plugins/com.st.stm32cube.ide.mcu.externaltools.gnu-tools-for-stm32.12.3.rel1.win32_1.0.200.202406191623/tools/bin/../lib/gcc/arm-none-eabi/12.3.1/../../../../arm-none-eabi/lib/thumb/v7e-m+fp/hard\libc_nano.a(libc_a-strncpy.o)
 .ARM.attributes
                0x0000099b       0x34 C:/ST/STM32CubeIDE_1.16.1/STM32CubeIDE/plugins/com.st.stm32cube.ide.mcu.externaltools.gnu-tools-for-stm32.12.3.rel1.win32_1.0.200.202406191623/tools/bin/../lib/gcc/arm-none-eabi/12.3.1/../../../../arm-none-eabi/lib/thumb/v7e-m+fp/hard\libc_nano.a(libc_a-strstr.o)
 .ARM.attributes
                0x000009cf       0x34 C:/ST/STM32CubeIDE_1.16.1/STM32CubeIDE/plugins/com.st.stm32cube.ide.mcu.externaltools.gnu-tools-for-stm32.12.3.rel1.win32_1.0.200.202406191623/tools/bin/../lib/gcc/arm-none-eabi/12.3.1/../../../../arm-none-eabi/lib/thumb/v7e-m+fp/hard\libc_nano.a(libc_a-reent.o)
 .ARM.attributes
                0x00000a03       0x34 C:/ST/STM32CubeIDE_1.16.1/STM32CubeIDE/plugins/com.st.stm32cube.ide.mcu.externaltools.gnu-tools-for-stm32.12.3.rel1.win32_1.0.200.202406191623/tools/bin/../lib/gcc/arm-none-eabi/12.3.1/../../../../arm-none-eabi/lib/thumb/v7e-m+fp/hard\libc_nano.a(libc_a-impure.o)
 .ARM.attributes
                0x00000a37       0x34 C:/ST/STM32CubeIDE_1.16.1/STM32CubeIDE/plugins/com.st.stm32cube.ide.mcu.externaltools.gnu-tools-for-stm32.12.3.rel1.win32_1.0.200.202406191623/tools/bin/../lib/gcc/arm-none-eabi/12.3.1/../../../../arm-none-eabi/lib/thumb/v7e-m+fp/hard\libc_nano.a(libc_a-sbrkr.o)
 .ARM.attributes
                0x00000a6b       0x34 C:/ST/STM32CubeIDE_1.16.1/STM32CubeIDE/plugins/com.st.stm32cube.ide.mcu.externaltools.gnu-tools-for-stm32.12.3.rel1.win32_1.0.200.202406191623/tools/bin/../lib/gcc/arm-none-eabi/12.3.1/../../../../arm-none-eabi/lib/thumb/v7e-m+fp/hard\libc_nano.a(libc_a-errno.o)
 .ARM.attributes
                0x00000a9f       0x34 C:/ST/STM32CubeIDE_1.16.1/STM32CubeIDE/plugins/com.st.stm32cube.ide.mcu.externaltools.gnu-tools-for-stm32.12.3.rel1.win32_1.0.200.202406191623/tools/bin/../lib/gcc/arm-none-eabi/12.3.1/../../../../arm-none-eabi/lib/thumb/v7e-m+fp/hard\libc_nano.a(libc_a-init.o)
 .ARM.attributes