Archive member included to satisfy reference by file (symbol)

C:/ST/STM32CubeIDE_1.16.1/STM32CubeIDE/plugins/com.st.stm32cube.ide.mcu.externaltools.gnu-tools-for-stm32.12.3.rel1.win32_1.0.200.202406191623/tools/bin/../lib/gcc/arm-none-eabi/12.3.1/../../../../arm-none-eabi/lib/thumb/v7e-m+fp/hard\libc_nano.a(libc_a-exit.o)
                              C:/ST/STM32CubeIDE_1.16.1/STM32CubeIDE/plugins/com.st.stm32cube.ide.mcu.externaltools.gnu-tools-for-stm32.12.3.rel1.win32_1.0.200.202406191623/tools/bin/../lib/gcc/arm-none-eabi/12.3.1/../../../../arm-none-eabi/lib/thumb/v7e-m+fp/hard/crt0.o (exit)
C:/ST/STM32CubeIDE_1.16.1/STM32CubeIDE/plugins/com.st.stm32cube.ide.mcu.externaltools.gnu-tools-for-stm32.12.3.rel1.win32_1.0.200.202406191623/tools/bin/../lib/gcc/arm-none-eabi/12.3.1/../../../../arm-none-eabi/lib/thumb/v7e-m+fp/hard\libc_nano.a(libc_a-malloc.o)
                              ./Middlewares/ST/STM32_USB_Host_Library/Class/MSC/Src/usbh_msc.o (malloc)
C:/ST/STM32CubeIDE_1.16.1/STM32CubeIDE/plugins/com.st.stm32cube.ide.mcu.externaltools.gnu-tools-for-stm32.12.3.rel1.win32_1.0.200.202406191623/tools/bin/../lib/gcc/arm-none-eabi/12.3.1/../../../../arm-none-eabi/lib/thumb/v7e-m+fp/hard\libc_nano.a(libc_a-mallocr.o)
                              C:/ST/STM32CubeIDE_1.16.1/STM32CubeIDE/plugins/com.st.stm32cube.ide.mcu.externaltools.gnu-tools-for-stm32.12.3.rel1.win32_1.0.200.202406191623/tools/bin/../lib/gcc/arm-none-eabi/12.3.1/../../../../arm-none-eabi/lib/thumb/v7e-m+fp/hard\libc_nano.a(libc_a-malloc.o) (_malloc_r)
C:/ST/STM32CubeIDE_1.16.1/STM32CubeIDE/plugins/com.st.stm32cube.ide.mcu.externaltools.gnu-tools-for-stm32.12.3.rel1.win32_1.0.200.202406191623/tools/bin/../lib/gcc/arm-none-eabi/12.3.1/../../../../arm-none-eabi/lib/thumb/v7e-m+fp/hard\libc_nano.a(libc_a-mlock.o)
                              C:/ST/STM32CubeIDE_1.16.1/STM32CubeIDE/plugins/com.st.stm32cube.ide.mcu.externaltools.gnu-tools-for-stm32.12.3.rel1.win32_1.0.200.202406191623/tools/bin/../lib/gcc/arm-none-eabi/12.3.1/../../../../arm-none-eabi/lib/thumb/v7e-m+fp/hard\libc_nano.a(libc_a-mallocr.o) (__malloc_lock)
C:/ST/STM32CubeIDE_1.16.1/STM32CubeIDE/plugins/com.st.stm32cube.ide.mcu.externaltools.gnu-tools-for-stm32.12.3.rel1.win32_1.0.200.202406191623/tools/bin/../lib/gcc/arm-none-eabi/12.3.1/../../../../arm-none-eabi/lib/thumb/v7e-m+fp/hard\libc_nano.a(libc_a-findfp.o)
                              C:/ST/STM32CubeIDE_1.16.1/STM32CubeIDE/plugins/com.st.stm32cube.ide.mcu.externaltools.gnu-tools-for-stm32.12.3.rel1.win32_1.0.200.202406191623/tools/bin/../lib/gcc/arm-none-eabi/12.3.1/../../../../arm-none-eabi/lib/thumb/v7e-m+fp/hard\libc_nano.a(libc_a-exit.o) (__stdio_exit_handler)
C:/ST/STM32CubeIDE_1.16.1/STM32CubeIDE/plugins/com.st.stm32cube.ide.mcu.externaltools.gnu-tools-for-stm32.12.3.rel1.win32_1.0.200.202406191623/tools/bin/../lib/gcc/arm-none-eabi/12.3.1/../../../../arm-none-eabi/lib/thumb/v7e-m+fp/hard\libc_nano.a(libc_a-fwalk.o)
                              C:/ST/STM32CubeIDE_1.16.1/STM32CubeIDE/plugins/com.st.stm32cube.ide.mcu.externaltools.gnu-tools-for-stm32.12.3.rel1.win32_1.0.200.202406191623/tools/bin/../lib/gcc/arm-none-eabi/12.3.1/../../../../arm-none-eabi/lib/thumb/v7e-m+fp/hard\libc_nano.a(libc_a-findfp.o) (_fwalk_sglue)
C:/ST/STM32CubeIDE_1.16.1/STM32CubeIDE/plugins/com.st.stm32cube.ide.mcu.externaltools.gnu-tools-for-stm32.12.3.rel1.win32_1.0.200.202406191623/tools/bin/../lib/gcc/arm-none-eabi/12.3.1/../../../../arm-none-eabi/lib/thumb/v7e-m+fp/hard\libc_nano.a(libc_a-stdio.o)
                              C:/ST/STM32CubeIDE_1.16.1/STM32CubeIDE/plugins/com.st.stm32cube.ide.mcu.externaltools.gnu-tools-for-stm32.12.3.rel1.win32_1.0.200.202406191623/tools/bin/../lib/gcc/arm-none-eabi/12.3.1/../../../../arm-none-eabi/lib/thumb/v7e-m+fp/hard\libc_nano.a(libc_a-findfp.o) (__sread)
C:/ST/STM32CubeIDE_1.16.1/STM32CubeIDE/plugins/com.st.stm32cube.ide.mcu.externaltools.gnu-tools-for-stm32.12.3.rel1.win32_1.0.200.202406191623/tools/bin/../lib/gcc/arm-none-eabi/12.3.1/../../../../arm-none-eabi/lib/thumb/v7e-m+fp/hard\libc_nano.a(libc_a-memset.o)
                              C:/ST/STM32CubeIDE_1.16.1/STM32CubeIDE/plugins/com.st.stm32cube.ide.mcu.externaltools.gnu-tools-for-stm32.12.3.rel1.win32_1.0.200.202406191623/tools/bin/../lib/gcc/arm-none-eabi/12.3.1/../../../../arm-none-eabi/lib/thumb/v7e-m+fp/hard/crt0.o (memset)
C:/ST/STM32CubeIDE_1.16.1/STM32CubeIDE/plugins/com.st.stm32cube.ide.mcu.externaltools.gnu-tools-for-stm32.12.3.rel1.win32_1.0.200.202406191623/tools/bin/../lib/gcc/arm-none-eabi/12.3.1/../../../../arm-none-eabi/lib/thumb/v7e-m+fp/hard\libc_nano.a(libc_a-strncpy.o)
                              ./Core/Src/File_Handling.o (strncpy)
C:/ST/STM32CubeIDE_1.16.1/STM32CubeIDE/plugins/com.st.stm32cube.ide.mcu.externaltools.gnu-tools-for-stm32.12.3.rel1.win32_1.0.200.202406191623/tools/bin/../lib/gcc/arm-none-eabi/12.3.1/../../../../arm-none-eabi/lib/thumb/v7e-m+fp/hard\libc_nano.a(libc_a-strstr.o)
[...]
Memory Configuration

Name             Origin             Length             Attributes
RAM              0x20000000         0x00020000         xrw
FLASH            0x08000000         0x00080000         xr
*default*        0x00000000         0xffffffff

Linker script and memory map

LOAD C:/ST/STM32CubeIDE_1.16.1/STM32CubeIDE/plugins/com.st.stm32cube.ide.mcu.externaltools.gnu-tools-for-stm32.12.3.rel1.win32_1.0.200.202406191623/tools/bin/../lib/gcc/arm-none-eabi/12.3.1/thumb/v7e-m+fp/hard/crti.o
LOAD C:/ST/STM32CubeIDE_1.16.1/STM32CubeIDE/plugins/com.st.stm32cube.ide.mcu.externaltools.gnu-tools-for-stm32.12.3.rel1.win32_1.0.200.202406191623/tools/bin/../lib/gcc/arm-none-eabi/12.3.1/thumb/v7e-m+fp/hard/crtbegin.o
LOAD C:/ST/STM32CubeIDE_1.16.1/STM32CubeIDE/plugins/com.st.stm32cube.ide.mcu.externaltools.gnu-tools-for-stm32.12.3.rel1.win32_1.0.200.202406191623/tools/bin/../lib/gcc/arm-none-eabi/12.3.1/../../../../arm-none-eabi/lib/thumb/v7e-m+fp/hard/crt0.o
LOAD ./Core/Src/AUDIO.o
LOAD ./Core/Src/AUDIO_LINK.o
LOAD ./Core/Src/File_Handling.o
LOAD ./Core/Src/cs43l22.o
LOAD ./Core/Src/main.o
LOAD ./Core/Src/stm32f4xx_hal_msp.o
LOAD ./Core/Src/stm32f4xx_it.o
LOAD ./Core/Src/syscalls.o
LOAD ./Core/Src/sysmem.o
LOAD ./Core/Src/system_stm32f4xx.o
LOAD ./Core/Src/waveplayer.o
LOAD ./Core/Startup/startup_stm32f411vetx.o
LOAD ./Drivers/STM32F4xx_HAL_Driver/Src/stm32f4xx_hal.o
LOAD ./Drivers/STM32F4xx_HAL_Driver/Src/stm32f4xx_hal_cortex.o
LOAD ./Drivers/STM32F4xx_HAL_Driver/Src/stm32f4xx_hal_dma.o
LOAD ./Drivers/STM32F4xx_HAL_Driver/Src/stm32f4xx_hal_dma_ex.o
LOAD ./Drivers/STM32F4xx_HAL_Driver/Src/stm32f4xx_hal_exti.o
LOAD ./Drivers/STM32F4xx_HAL_Driver/Src/stm32f4xx_hal_flash.o
LOAD ./Drivers/STM32F4xx_HAL_Driver/Src/stm32f4xx_hal_flash_ex.o
LOAD ./Drivers/STM32F4xx_HAL_Driver/Src/stm32f4xx_hal_flash_ramfunc.o
LOAD ./Drivers/STM32F4xx_HAL_Driver/Src/stm32f4xx_hal_gpio.o
LOAD ./Drivers/STM32F4xx_HAL_Driver/Src/stm32f4xx_hal_hcd.o
LOAD ./Drivers/STM32F4xx_HAL_Driver/Src/stm32f4xx_hal_i2c.o
LOAD ./Drivers/STM32F4xx_HAL_Driver/Src/stm32f4xx_hal_i2c_ex.o
LOAD ./Drivers/STM32F4xx_HAL_Driver/Src/stm32f4xx_hal_i2s.o
LOAD ./Drivers/STM32F4xx_HAL_Driver/Src/stm32f4xx_hal_i2s_ex.o
LOAD ./Drivers/STM32F4xx_HAL_Driver/Src/stm32f4xx_hal_pwr.o
LOAD ./Drivers/STM32F4xx_HAL_Driver/Src/stm32f4xx_hal_pwr_ex.o
LOAD ./Drivers/STM32F4xx_HAL_Driver/Src/stm32f4xx_hal_rcc.o
LOAD ./Drivers/STM32F4xx_HAL_Driver/Src/stm32f4xx_hal_rcc_ex.o
LOAD ./Drivers/STM32F4xx_HAL_Driver/Src/stm32f4xx_hal_tim.o
LOAD ./Drivers/STM32F4xx_HAL_Driver/Src/stm32f4xx_hal_tim_ex.o
LOAD ./Drivers/STM32F4xx_HAL_Driver/Src/stm32f4xx_ll_usb.o
LOAD ./FATFS/App/fatfs.o
LOAD ./FATFS/Target/usbh_diskio.o
LOAD ./Middlewares/ST/STM32_USB_Host_Library/Class/MSC/Src/usbh_msc.o
LOAD ./Middlewares/ST/STM32_USB_Host_Library/Class/MSC/Src/usbh_msc_bot.o
LOAD ./Middlewares/ST/STM32_USB_Host_Library/Class/MSC/Src/usbh_msc_scsi.o
LOAD ./Middlewares/ST/STM32_USB_Host_Library/Core/Src/usbh_core.o
LOAD ./Middlewares/ST/STM32_USB_Host_Library/Core/Src/usbh_ctlreq.o
LOAD ./Middlewares/ST/STM32_USB_Host_Library/Core/Src/usbh_ioreq.o
LOAD ./Middlewares/ST/STM32_USB_Host_Library/Core/Src/usbh_pipes.o
LOAD ./Middlewares/Third_Party/FatFs/src/diskio.o
LOAD ./Middlewares/Third_Party/FatFs/src/ff.o
LOAD ./Middlewares/Third_Party/FatFs/src/ff_gen_drv.o
LOAD ./Middlewares/Third_Party/FatFs/src/option/ccsbcs.o
LOAD ./Middlewares/Third_Party/FatFs/src/option/syscall.o
LOAD ./USB_HOST/App/usb_host.o
LOAD ./USB_HOST/Target/usbh_conf.o
LOAD ./USB_HOST/Target/usbh_platform.o
START GROUP
LOAD C:/ST/STM32CubeIDE_1.16.1/STM32CubeIDE/plugins/com.st.stm32cube.ide.mcu.externaltools.gnu-tools-for-stm32.12.3.rel1.win32_1.0.200.202406191623/tools/bin/../lib/gcc/arm-none-eabi/12.3.1/../../../../arm-none-eabi/lib/thumb/v7e-m+fp/hard\libc_nano.a
LOAD C:/ST/STM32CubeIDE_1.16.1/STM32CubeIDE/plugins/com.st.stm32cube.ide.mcu.externaltools.gnu-tools-for-stm32.12.3.rel1.win32_1.0.200.202406191623/tools/bin/../lib/gcc/arm-none-eabi/12.3.1/../../../../arm-none-eabi/lib/thumb/v7e-m+fp/hard\libm.a
END GROUP
START GROUP
LOAD C:/ST/STM32CubeIDE_1.16.1/STM32CubeIDE/plugins/com.st.stm32cube.ide.mcu.externaltools.gnu-tools-for-stm32.12.3.rel1.win32_1.0.200.202406191623/tools/bin/../lib/gcc/arm-none-eabi/12.3.1/thumb/v7e-m+fp/hard\libgcc.a
LOAD C:/ST/STM32CubeIDE_1.16.1/STM32CubeIDE/plugins/com.st.stm32cube.ide.mcu.externaltools.gnu-tools-for-stm32.12.3.rel1.win32_1.0.200.202406191623/tools/bin/../lib/gcc/arm-none-eabi/12.3.1/../../../../arm-none-eabi/lib/thumb/v7e-m+fp/hard\libc_nano.a
END GROUP
START GROUP
LOAD C:/ST/STM32CubeIDE_1.16.1/STM32CubeIDE/plugins/com.st.stm32cube.ide.mcu.externaltools.gnu-tools-for-stm32.12.3.rel1.win32_1.0.200.202406191623/tools/bin/../lib/gcc/arm-none-eabi/12.3.1/thumb/v7e-m+fp/hard\libgcc.a
LOAD C:/ST/STM32CubeIDE_1.16.1/STM32CubeIDE/plugins/com.st.stm32cube.ide.mcu.externaltools.gnu-tools-for-stm32.12.3.rel1.win32_1.0.200.202406191623/tools/bin/../lib/gcc/arm-none-eabi/12.3.1/../../../../arm-none-eabi/lib/thumb/v7e-m+fp/hard\libc_nano.a
LOAD C:/ST/STM32CubeIDE_1.16.1/STM32CubeIDE/plugins/com.st.stm32cube.ide.mcu.externaltools.gnu-tools-for-stm32.12.3.rel1.win32_1.0.200.202406191623/tools/bin/../lib/gcc/arm-none-eabi/12.3.1/../../../../arm-none-eabi/lib/thumb/v7e-m+fp/hard\libnosys.a
END GROUP
START GROUP
LOAD C:/ST/STM32CubeIDE_1.16.1/STM32CubeIDE/plugins/com.st.stm32cube.ide.mcu.externaltools.gnu-tools-for-stm32.12.3.rel1.win32_1.0.200.202406191623/tools/bin/../lib/gcc/arm-none-eabi/12.3.1/thumb/v7e-m+fp/hard\libgcc.a
LOAD C:/ST/STM32CubeIDE_1.16.1/STM32CubeIDE/plugins/com.st.stm32cube.ide.mcu.externaltools.gnu-tools-for-stm32.12.3.rel1.win32_1.0.200.202406191623/tools/bin/../lib/gcc/arm-none-eabi/12.3.1/../../../../arm-none-eabi/lib/thumb/v7e-m+fp/hard\libc_nano.a
LOAD C:/ST/STM32CubeIDE_1.16.1/STM32CubeIDE/plugins/com.st.stm32cube.ide.mcu.externaltools.gnu-tools-for-stm32.12.3.rel1.win32_1.0.200.202406191623/tools/bin/../lib/gcc/arm-none-eabi/12.3.1/../../../../arm-none-eabi/lib/thumb/v7e-m+fp/hard\libnosys.a
END GROUP
LOAD C:/ST/STM32CubeIDE_1.16.1/STM32CubeIDE/plugins/com.st.stm32cube.ide.mcu.externaltools.gnu-tools-for-stm32.12.3.rel1.win32_1.0.200.202406191623/tools/bin/../lib/gcc/arm-none-eabi/12.3.1/thumb/v7e-m+fp/hard/crtend.o
LOAD C:/ST/STM32CubeIDE_1.16.1/STM32CubeIDE/plugins/com.st.stm32cube.ide.mcu.externaltools.gnu-tools-for-stm32.12.3.rel1.win32_1.0.200.202406191623/tools/bin/../lib/gcc/arm-none-eabi/12.3.1/thumb/v7e-m+fp/hard/crtn.o
                0x20020000                        _estack = (ORIGIN (RAM) + LENGTH (RAM))
                0x00000200                        _Min_Heap_Size = 0x200
                0x00000400                        _Min_Stack_Size = 0x400

.isr_vector     0x08000000      0x198
                0x08000000                        . = ALIGN (0x4)
 *(.isr_vector)
 .isr_vector    0x08000000      0x198 ./Core/Startup/startup_stm32f411vetx.o
                0x08000000                g_pfnVectors
                0x08000198                        . = ALIGN (0x4)

.text           0x08000198     0xf3e8
                0x08000198                        . = ALIGN (0x4)
 *(.text)
 .text          0x08000198       0x40 C:/ST/STM32CubeIDE_1.16.1/STM32CubeIDE/plugins/com.st.stm32cube.ide.mcu.externaltools.gnu-tools-for-stm32.12.3.rel1.win32_1.0.200.202406191623/tools/bin/../lib/gcc/arm-none-eabi/12.3.1/thumb/v7e-m+fp/hard/crtbegin.o
 .text          0x080001d8       0x30 C:/ST/STM32CubeIDE_1.16.1/STM32CubeIDE/plugins/com.st.stm32cube.ide.mcu.externaltools.gnu-tools-for-stm32.12.3.rel1.win32_1.0.200.202406191623/tools/bin/../lib/gcc/arm-none-eabi/12.3.1/thumb/v7e-m+fp/hard\libgcc.a(_aeabi_uldivmod.o)
                0x080001d8                __aeabi_uldivmod
 .text          0x08000208      0x2bc C:/ST/STM32CubeIDE_1.16.1/STM32CubeIDE/plugins/com.st.stm32cube.ide.mcu.externaltools.gnu-tools-for-stm32.12.3.rel1.win32_1.0.200.202406191623/tools/bin/../lib/gcc/arm-none-eabi/12.3.1/thumb/v7e-m+fp/hard\libgcc.a(_udivmoddi4.o)
                0x08000208                __udivmoddi4
 .text          0x080004c4        0x4 C:/ST/STM32CubeIDE_1.16.1/STM32CubeIDE/plugins/com.st.stm32cube.ide.mcu.externaltools.gnu-tools-for-stm32.12.3.rel1.win32_1.0.200.202406191623/tools/bin/../lib/gcc/arm-none-eabi/12.3.1/thumb/v7e-m+fp/hard\libgcc.a(_dvmd_tls.o)
                0x080004c4                __aeabi_idiv0
                0x080004c4                __aeabi_ldiv0
 *(.text*)
 .text.AUDIO_OUT_Init
                0x080004c8       0x9c ./Core/Src/AUDIO.o
                0x080004c8                AUDIO_OUT_Init
 .text.AUDIO_OUT_Play
                0x08000564       0x54 ./Core/Src/AUDIO.o
                0x08000564                AUDIO_OUT_Play
 .text.AUDIO_OUT_Pause
                0x080005b8       0x2c ./Core/Src/AUDIO.o
                0x080005b8                AUDIO_OUT_Pause
 .text.AUDIO_OUT_Resume
                0x080005e4       0x2c ./Core/Src/AUDIO.o
                0x080005e4                AUDIO_OUT_Resume
 .text.AUDIO_OUT_Stop
                0x08000610       0x50 ./Core/Src/AUDIO.o
                0x08000610                AUDIO_OUT_Stop
 .text.AUDIO_OUT_SetVolume
                0x08000660       0x30 ./Core/Src/AUDIO.o
                0x08000660                AUDIO_OUT_SetVolume
 .text.HAL_I2S_TxCpltCallback
                0x08000690       0x24 ./Core/Src/AUDIO.o
                0x08000690                HAL_I2S_TxCpltCallback
 .text.HAL_I2S_TxHalfCpltCallback
                0x080006b4       0x24 ./Core/Src/AUDIO.o
                0x080006b4                HAL_I2S_TxHalfCpltCallback
 .text.AUDIO_OUT_ClockConfig
                0x080006d8       0xbc ./Core/Src/AUDIO.o
                0x080006d8                AUDIO_OUT_ClockConfig
 .text.AUDIO_OUT_MspInit
                0x08000794      0x180 ./Core/Src/AUDIO.o
                0x08000794                AUDIO_OUT_MspInit
 .text.AUDIO_OUT_Error_CallBack
                0x08000914        0xe ./Core/Src/AUDIO.o
                0x08000914                AUDIO_OUT_Error_CallBack
 *fill*         0x08000922        0x2 
 .text.I2S3_Init
                0x08000924       0x70 ./Core/Src/AUDIO.o
 .text.HAL_I2S_ErrorCallback
                0x08000994       0x24 ./Core/Src/AUDIO.o
                0x08000994                HAL_I2S_ErrorCallback
 .text.I2Cx_Init
                0x080009b8       0x64 ./Core/Src/AUDIO_LINK.o
 .text.I2Cx_WriteData
                0x08000a1c       0x50 ./Core/Src/AUDIO_LINK.o
 .text.I2Cx_ReadData
                0x08000a6c       0x58 ./Core/Src/AUDIO_LINK.o
 .text.I2Cx_Error
                0x08000ac4       0x18 ./Core/Src/AUDIO_LINK.o
 .text.I2Cx_MspInit
                0x08000adc       0xac ./Core/Src/AUDIO_LINK.o
 .text.AUDIO_IO_Init
                0x08000b88       0x70 ./Core/Src/AUDIO_LINK.o
                0x08000b88                AUDIO_IO_Init
 .text.AUDIO_IO_DeInit
                0x08000bf8        0xe ./Core/Src/AUDIO_LINK.o
                0x08000bf8                AUDIO_IO_DeInit
 .text.AUDIO_IO_Write
                0x08000c06       0x28 ./Core/Src/AUDIO_LINK.o
                0x08000c06                AUDIO_IO_Write
 .text.AUDIO_IO_Read
                0x08000c2e       0x28 ./Core/Src/AUDIO_LINK.o
                0x08000c2e                AUDIO_IO_Read
 *fill*         0x08000c56        0x2 
 .text.AUDIO_StorageParse
                0x08000c58      0x140 ./Core/Src/File_Handling.o
                0x08000c58                AUDIO_StorageParse
 .text.AUDIO_GetWavObjectNumber
                0x08000d98       0x1c ./Core/Src/File_Handling.o
                0x08000d98                AUDIO_GetWavObjectNumber
 .text.Mount_USB
                0x08000db4       0x28 ./Core/Src/File_Handling.o
                0x08000db4                Mount_USB
 .text.cs43l22_Init
                0x08000ddc      0x1c8 ./Core/Src/cs43l22.o
                0x08000ddc                cs43l22_Init
 .text.cs43l22_DeInit
                0x08000fa4        0xc ./Core/Src/cs43l22.o
                0x08000fa4                cs43l22_DeInit
 .text.cs43l22_ReadID
                0x08000fb0       0x30 ./Core/Src/cs43l22.o
                0x08000fb0                cs43l22_ReadID
 .text.cs43l22_Play
                0x08000fe0       0x74 ./Core/Src/cs43l22.o
                0x08000fe0                cs43l22_Play
 .text.cs43l22_Pause
                0x08001054       0x42 ./Core/Src/cs43l22.o
                0x08001054                cs43l22_Pause
 *fill*         0x08001096        0x2 
 .text.cs43l22_Resume
                0x08001098       0x78 ./Core/Src/cs43l22.o
                0x08001098                cs43l22_Resume
 .text.cs43l22_Stop
                0x08001110       0x68 ./Core/Src/cs43l22.o
                0x08001110                cs43l22_Stop
 .text.cs43l22_SetVolume
                0x08001178       0xbc ./Core/Src/cs43l22.o
                0x08001178                cs43l22_SetVolume
 .text.cs43l22_SetFrequency
                0x08001234       0x1a ./Core/Src/cs43l22.o
                0x08001234                cs43l22_SetFrequency
 *fill*         0x0800124e        0x2 
 .text.cs43l22_SetMute
                0x08001250       0xbc ./Core/Src/cs43l22.o
                0x08001250                cs43l22_SetMute
 .text.cs43l22_SetOutputMode
                0x0800130c       0xe4 ./Core/Src/cs43l22.o
                0x0800130c                cs43l22_SetOutputMode
 .text.cs43l22_Reset
                0x080013f0       0x18 ./Core/Src/cs43l22.o
                0x080013f0                cs43l22_Reset
 .text.CODEC_IO_Write
                0x08001408       0x2e ./Core/Src/cs43l22.o
 *fill*         0x08001436        0x2 
 .text.HAL_GPIO_EXTI_Callback
                0x08001438       0x3c ./Core/Src/main.o
                0x08001438                HAL_GPIO_EXTI_Callback
 .text.main     0x08001474       0x68 ./Core/Src/main.o
                0x08001474                main
 .text.SystemClock_Config
                0x080014dc      0x108 ./Core/Src/main.o
                0x080014dc                SystemClock_Config
 .text.MX_I2C1_Init
                0x080015e4       0x5c ./Core/Src/main.o
 .text.MX_I2S3_Init
                0x08001640       0x5c ./Core/Src/main.o
 .text.MX_DMA_Init
                0x0800169c       0x40 ./Core/Src/main.o
 .text.MX_GPIO_Init
                0x080016dc       0xec ./Core/Src/main.o
 .text.Error_Handler
                0x080017c8        0xc ./Core/Src/main.o
                0x080017c8                Error_Handler
 .text.HAL_MspInit
                0x080017d4       0x50 ./Core/Src/stm32f4xx_hal_msp.o
                0x080017d4                HAL_MspInit
 .text.HAL_I2C_MspInit
                0x08001824       0x90 ./Core/Src/stm32f4xx_hal_msp.o
                0x08001824                HAL_I2C_MspInit
 .text.HAL_I2C_MspDeInit
                0x080018b4       0x44 ./Core/Src/stm32f4xx_hal_msp.o
                0x080018b4                HAL_I2C_MspDeInit
 .text.HAL_I2S_MspInit
                0x080018f8      0x14c ./Core/Src/stm32f4xx_hal_msp.o
                0x080018f8                HAL_I2S_MspInit
 .text.NMI_Handler
                0x08001a44        0x8 ./Core/Src/stm32f4xx_it.o
                0x08001a44                NMI_Handler
 .text.HardFault_Handler
                0x08001a4c        0x8 ./Core/Src/stm32f4xx_it.o
                0x08001a4c                HardFault_Handler
 .text.MemManage_Handler
                0x08001a54        0x8 ./Core/Src/stm32f4xx_it.o
                0x08001a54                MemManage_Handler
 .text.BusFault_Handler
                0x08001a5c        0x8 ./Core/Src/stm32f4xx_it.o
                0x08001a5c                BusFault_Handler
 .text.UsageFault_Handler
                0x08001a64        0x8 ./Core/Src/stm32f4xx_it.o
                0x08001a64                UsageFault_Handler
 .text.SVC_Handler
                0x08001a6c        0xe ./Core/Src/stm32f4xx_it.o
                0x08001a6c                SVC_Handler
 .text.DebugMon_Handler
                0x08001a7a        0xe ./Core/Src/stm32f4xx_it.o
                0x08001a7a                DebugMon_Handler
 .text.PendSV_Handler
                0x08001a88        0xe ./Core/Src/stm32f4xx_it.o
                0x08001a88                PendSV_Handler
 .text.SysTick_Handler
                0x08001a96        0xc ./Core/Src/stm32f4xx_it.o
                0x08001a96                SysTick_Handler
 .text.EXTI0_IRQHandler
                0x08001aa2        0xe ./Core/Src/stm32f4xx_it.o
                0x08001aa2                EXTI0_IRQHandler
 .text.DMA1_Stream5_IRQHandler
                0x08001ab0       0x14 ./Core/Src/stm32f4xx_it.o
                0x08001ab0                DMA1_Stream5_IRQHandler
 .text.OTG_FS_IRQHandler
                0x08001ac4       0x14 ./Core/Src/stm32f4xx_it.o
                0x08001ac4                OTG_FS_IRQHandler
 .text._sbrk    0x08001ad8       0x6c ./Core/Src/sysmem.o
                0x08001ad8                _sbrk
 .text.SystemInit
                0x08001b44       0x2c ./Core/Src/system_stm32f4xx.o
                0x08001b44                SystemInit
 .text.PlayerInit
                0x08001b70       0x30 ./Core/Src/waveplayer.o
                0x08001b70                PlayerInit
 .text.AUDIO_PLAYER_Start
                0x08001ba0       0xc0 ./Core/Src/waveplayer.o
                0x08001ba0                AUDIO_PLAYER_Start
 .text.AUDIO_PLAYER_Process
                0x08001c60      0x234 ./Core/Src/waveplayer.o
                0x08001c60                AUDIO_PLAYER_Process
 .text.AUDIO_OUT_TransferComplete_CallBack
                0x08001e94       0x28 ./Core/Src/waveplayer.o
                0x08001e94                AUDIO_OUT_TransferComplete_CallBack
 .text.AUDIO_OUT_HalfTransfer_CallBack
                0x08001ebc       0x28 ./Core/Src/waveplayer.o
                0x08001ebc                AUDIO_OUT_HalfTransfer_CallBack
 .text.Reset_Handler
                0x08001ee4       0x50 ./Core/Startup/startup_stm32f411vetx.o
                0x08001ee4                Reset_Handler
 .text.Default_Handler
                0x08001f34        0x2 ./Core/Startup/startup_stm32f411vetx.o
                0x08001f34                RTC_Alarm_IRQHandler
                0x08001f34                EXTI2_IRQHandler
                0x08001f34                SPI4_IRQHandler
                0x08001f34                TIM1_CC_IRQHandler
                0x08001f34                DMA2_Stream5_IRQHandler
                0x08001f34                PVD_IRQHandler
                0x08001f34                SDIO_IRQHandler
                0x08001f34                TAMP_STAMP_IRQHandler
                0x08001f34                EXTI3_IRQHandler
                0x08001f34                TIM1_UP_TIM10_IRQHandler
                0x08001f34                I2C3_ER_IRQHandler
                0x08001f34                I2C2_EV_IRQHandler
                0x08001f34                DMA1_Stream2_IRQHandler
                0x08001f34                FPU_IRQHandler
                0x08001f34                DMA2_Stream2_IRQHandler
                0x08001f34                SPI1_IRQHandler
                0x08001f34                TIM1_BRK_TIM9_IRQHandler
                0x08001f34                DMA2_Stream3_IRQHandler
                0x08001f34                USART6_IRQHandler
                0x08001f34                DMA2_Stream0_IRQHandler
                0x08001f34                TIM4_IRQHandler
                0x08001f34                I2C1_EV_IRQHandler
                0x08001f34                DMA1_Stream6_IRQHandler
                0x08001f34                DMA1_Stream1_IRQHandler
                0x08001f34                TIM3_IRQHandler
                0x08001f34                RCC_IRQHandler
                0x08001f34                Default_Handler
                0x08001f34                EXTI15_10_IRQHandler
                0x08001f34                ADC_IRQHandler
                0x08001f34                DMA1_Stream7_IRQHandler
                0x08001f34                SPI5_IRQHandler
                0x08001f34                TIM5_IRQHandler
                0x08001f34                DMA2_Stream7_IRQHandler
                0x08001f34                I2C3_EV_IRQHandler
                0x08001f34                EXTI9_5_IRQHandler
                0x08001f34                RTC_WKUP_IRQHandler
                0x08001f34                SPI2_IRQHandler
                0x08001f34                DMA1_Stream0_IRQHandler
                0x08001f34                EXTI4_IRQHandler
                0x08001f34                WWDG_IRQHandler
                0x08001f34                TIM2_IRQHandler
                0x08001f34                OTG_FS_WKUP_IRQHandler
                0x08001f34                TIM1_TRG_COM_TIM11_IRQHandler
                0x08001f34                EXTI1_IRQHandler
                0x08001f34                USART2_IRQHandler
                0x08001f34                I2C2_ER_IRQHandler
                0x08001f34                DMA2_Stream1_IRQHandler
                0x08001f34                FLASH_IRQHandler
                0x08001f34                DMA2_Stream4_IRQHandler
                0x08001f34                USART1_IRQHandler
                0x08001f34                SPI3_IRQHandler
                0x08001f34                DMA1_Stream4_IRQHandler
                0x08001f34                I2C1_ER_IRQHandler
                0x08001f34                DMA2_Stream6_IRQHandler
                0x08001f34                DMA1_Stream3_IRQHandler
 *fill*         0x08001f36        0x2 
 .text.HAL_Init
                0x08001f38       0x44 ./Drivers/STM32F4xx_HAL_Driver/Src/stm32f4xx_hal.o
                0x08001f38                HAL_Init
 .text.HAL_InitTick
                0x08001f7c       0x60 ./Drivers/STM32F4xx_HAL_Driver/Src/stm32f4xx_hal.o
                0x08001f7c                HAL_InitTick
 .text.HAL_IncTick
                0x08001fdc       0x28 ./Drivers/STM32F4xx_HAL_Driver/Src/stm32f4xx_hal.o
                0x08001fdc                HAL_IncTick
 .text.HAL_GetTick
                0x08002004       0x18 ./Drivers/STM32F4xx_HAL_Driver/Src/stm32f4xx_hal.o
                0x08002004                HAL_GetTick
 .text.HAL_Delay
                0x0800201c       0x48 ./Drivers/STM32F4xx_HAL_Driver/Src/stm32f4xx_hal.o
                0x0800201c                HAL_Delay
 .text.__NVIC_SetPriorityGrouping
                0x08002064       0x48 ./Drivers/STM32F4xx_HAL_Driver/Src/stm32f4xx_hal_cortex.o
 .text.__NVIC_GetPriorityGrouping
                0x080020ac       0x1c ./Drivers/STM32F4xx_HAL_Driver/Src/stm32f4xx_hal_cortex.o
 .text.__NVIC_EnableIRQ
                0x080020c8       0x3c ./Drivers/STM32F4xx_HAL_Driver/Src/stm32f4xx_hal_cortex.o
 .text.__NVIC_SetPriority
                0x08002104       0x54 ./Drivers/STM32F4xx_HAL_Driver/Src/stm32f4xx_hal_cortex.o
 .text.NVIC_EncodePriority
                0x08002158       0x66 ./Drivers/STM32F4xx_HAL_Driver/Src/stm32f4xx_hal_cortex.o
 *fill*         0x080021be        0x2 
 .text.SysTick_Config
                0x080021c0       0x44 ./Drivers/STM32F4xx_HAL_Driver/Src/stm32f4xx_hal_cortex.o
 .text.HAL_NVIC_SetPriorityGrouping
                0x08002204       0x16 ./Drivers/STM32F4xx_HAL_Driver/Src/stm32f4xx_hal_cortex.o
                0x08002204                HAL_NVIC_SetPriorityGrouping
 .text.HAL_NVIC_SetPriority
                0x0800221a       0x38 ./Drivers/STM32F4xx_HAL_Driver/Src/stm32f4xx_hal_cortex.o
                0x0800221a                HAL_NVIC_SetPriority
 .text.HAL_NVIC_EnableIRQ
                0x08002252       0x1c ./Drivers/STM32F4xx_HAL_Driver/Src/stm32f4xx_hal_cortex.o
                0x08002252                HAL_NVIC_EnableIRQ
 .text.HAL_SYSTICK_Config
                0x0800226e       0x18 ./Drivers/STM32F4xx_HAL_Driver/Src/stm32f4xx_hal_cortex.o
                0x0800226e                HAL_SYSTICK_Config
 *fill*         0x08002286        0x2 
 .text.HAL_DMA_Init
                0x08002288      0x15c ./Drivers/STM32F4xx_HAL_Driver/Src/stm32f4xx_hal_dma.o
                0x08002288                HAL_DMA_Init
 .text.HAL_DMA_DeInit
                0x080023e4       0xbc ./Drivers/STM32F4xx_HAL_Driver/Src/stm32f4xx_hal_dma.o
                0x080023e4                HAL_DMA_DeInit
 .text.HAL_DMA_Start_IT
                0x080024a0       0xb0 ./Drivers/STM32F4xx_HAL_Driver/Src/stm32f4xx_hal_dma.o
                0x080024a0                HAL_DMA_Start_IT
 .text.HAL_DMA_Abort
                0x08002550       0xe0 ./Drivers/STM32F4xx_HAL_Driver/Src/stm32f4xx_hal_dma.o
                0x08002550                HAL_DMA_Abort
 .text.HAL_DMA_IRQHandler
                0x08002630      0x314 ./Drivers/STM32F4xx_HAL_Driver/Src/stm32f4xx_hal_dma.o
                0x08002630                HAL_DMA_IRQHandler
 .text.DMA_SetConfig
                0x08002944       0x5c ./Drivers/STM32F4xx_HAL_Driver/Src/stm32f4xx_hal_dma.o
 .text.DMA_CalcBaseAndBitshift
                0x080029a0       0x6c ./Drivers/STM32F4xx_HAL_Driver/Src/stm32f4xx_hal_dma.o
 .text.DMA_CheckFifoParam
                0x08002a0c       0xf8 ./Drivers/STM32F4xx_HAL_Driver/Src/stm32f4xx_hal_dma.o
 .text.HAL_GPIO_Init
                0x08002b04      0x308 ./Drivers/STM32F4xx_HAL_Driver/Src/stm32f4xx_hal_gpio.o
                0x08002b04                HAL_GPIO_Init
 .text.HAL_GPIO_DeInit
                0x08002e0c      0x1c8 ./Drivers/STM32F4xx_HAL_Driver/Src/stm32f4xx_hal_gpio.o
                0x08002e0c                HAL_GPIO_DeInit
 .text.HAL_GPIO_WritePin
                0x08002fd4       0x32 ./Drivers/STM32F4xx_HAL_Driver/Src/stm32f4xx_hal_gpio.o
                0x08002fd4                HAL_GPIO_WritePin
 *fill*         0x08003006        0x2 
 .text.HAL_GPIO_EXTI_IRQHandler
                0x08003008       0x30 ./Drivers/STM32F4xx_HAL_Driver/Src/stm32f4xx_hal_gpio.o
                0x08003008                HAL_GPIO_EXTI_IRQHandler
 .text.HAL_HCD_Init
                0x08003038       0xc4 ./Drivers/STM32F4xx_HAL_Driver/Src/stm32f4xx_hal_hcd.o
                0x08003038                HAL_HCD_Init
 .text.HAL_HCD_HC_Init
                0x080030fc      0x130 ./Drivers/STM32F4xx_HAL_Driver/Src/stm32f4xx_hal_hcd.o
                0x080030fc                HAL_HCD_HC_Init
 .text.HAL_HCD_HC_Halt
                0x0800322c       0x46 ./Drivers/STM32F4xx_HAL_Driver/Src/stm32f4xx_hal_hcd.o
                0x0800322c                HAL_HCD_HC_Halt
 *fill*         0x08003272        0x2 
 .text.HAL_HCD_HC_SubmitRequest
                0x08003274      0x2e4 ./Drivers/STM32F4xx_HAL_Driver/Src/stm32f4xx_hal_hcd.o
                0x08003274                HAL_HCD_HC_SubmitRequest
 .text.HAL_HCD_IRQHandler
                0x08003558      0x208 ./Drivers/STM32F4xx_HAL_Driver/Src/stm32f4xx_hal_hcd.o
                0x08003558                HAL_HCD_IRQHandler
 .text.HAL_HCD_Start
                0x08003760       0x46 ./Drivers/STM32F4xx_HAL_Driver/Src/stm32f4xx_hal_hcd.o
                0x08003760                HAL_HCD_Start
 .text.HAL_HCD_Stop
                0x080037a6       0x3a ./Drivers/STM32F4xx_HAL_Driver/Src/stm32f4xx_hal_hcd.o
                0x080037a6                HAL_HCD_Stop
 .text.HAL_HCD_ResetPort
                0x080037e0       0x1c ./Drivers/STM32F4xx_HAL_Driver/Src/stm32f4xx_hal_hcd.o
                0x080037e0                HAL_HCD_ResetPort
 .text.HAL_HCD_HC_GetURBState
                0x080037fc       0x2a ./Drivers/STM32F4xx_HAL_Driver/Src/stm32f4xx_hal_hcd.o
                0x080037fc                HAL_HCD_HC_GetURBState
 .text.HAL_HCD_HC_GetXferCount
                0x08003826       0x2a ./Drivers/STM32F4xx_HAL_Driver/Src/stm32f4xx_hal_hcd.o
                0x08003826                HAL_HCD_HC_GetXferCount
 .text.HAL_HCD_GetCurrentFrame
                0x08003850       0x1c ./Drivers/STM32F4xx_HAL_Driver/Src/stm32f4xx_hal_hcd.o
                0x08003850                HAL_HCD_GetCurrentFrame
 .text.HAL_HCD_GetCurrentSpeed
                0x0800386c       0x1c ./Drivers/STM32F4xx_HAL_Driver/Src/stm32f4xx_hal_hcd.o
                0x0800386c                HAL_HCD_GetCurrentSpeed
 .text.HCD_HC_IN_IRQHandler
                0x08003888      0x86a ./Drivers/STM32F4xx_HAL_Driver/Src/stm32f4xx_hal_hcd.o
 .text.HCD_HC_OUT_IRQHandler
                0x080040f2      0x6ea ./Drivers/STM32F4xx_HAL_Driver/Src/stm32f4xx_hal_hcd.o
 .text.HCD_RXQLVL_IRQHandler
                0x080047dc      0x15c ./Drivers/STM32F4xx_HAL_Driver/Src/stm32f4xx_hal_hcd.o
 .text.HCD_Port_IRQHandler
                0x08004938       0xe6 ./Drivers/STM32F4xx_HAL_Driver/Src/stm32f4xx_hal_hcd.o
 *fill*         0x08004a1e        0x2 
 .text.HAL_I2C_Init
                0x08004a20      0x288 ./Drivers/STM32F4xx_HAL_Driver/Src/stm32f4xx_hal_i2c.o
                0x08004a20                HAL_I2C_Init
 .text.HAL_I2C_DeInit
                0x08004ca8       0x5e ./Drivers/STM32F4xx_HAL_Driver/Src/stm32f4xx_hal_i2c.o
                0x08004ca8                HAL_I2C_DeInit
 *fill*         0x08004d06        0x2 
 .text.HAL_I2C_Mem_Write
                0x08004d08      0x1f4 ./Drivers/STM32F4xx_HAL_Driver/Src/stm32f4xx_hal_i2c.o
                0x08004d08                HAL_I2C_Mem_Write
 .text.HAL_I2C_Mem_Read
                0x08004efc      0x44c ./Drivers/STM32F4xx_HAL_Driver/Src/stm32f4xx_hal_i2c.o
                0x08004efc                HAL_I2C_Mem_Read
 .text.HAL_I2C_GetState
                0x08005348       0x1c ./Drivers/STM32F4xx_HAL_Driver/Src/stm32f4xx_hal_i2c.o
                0x08005348                HAL_I2C_GetState
 .text.I2C_RequestMemoryWrite
                0x08005364      0x12c ./Drivers/STM32F4xx_HAL_Driver/Src/stm32f4xx_hal_i2c.o
 .text.I2C_RequestMemoryRead
                0x08005490      0x1d0 ./Drivers/STM32F4xx_HAL_Driver/Src/stm32f4xx_hal_i2c.o
 .text.I2C_WaitOnFlagUntilTimeout
                0x08005660       0xae ./Drivers/STM32F4xx_HAL_Driver/Src/stm32f4xx_hal_i2c.o
 .text.I2C_WaitOnMasterAddressFlagUntilTimeout
                0x0800570e       0xfe ./Drivers/STM32F4xx_HAL_Driver/Src/stm32f4xx_hal_i2c.o
 .text.I2C_WaitOnTXEFlagUntilTimeout
                0x0800580c       0x82 ./Drivers/STM32F4xx_HAL_Driver/Src/stm32f4xx_hal_i2c.o
 .text.I2C_WaitOnBTFFlagUntilTimeout
                0x0800588e       0x82 ./Drivers/STM32F4xx_HAL_Driver/Src/stm32f4xx_hal_i2c.o
 .text.I2C_WaitOnRXNEFlagUntilTimeout
                0x08005910       0xac ./Drivers/STM32F4xx_HAL_Driver/Src/stm32f4xx_hal_i2c.o
 .text.I2C_IsAcknowledgeFailed
                0x080059bc       0x5e ./Drivers/STM32F4xx_HAL_Driver/Src/stm32f4xx_hal_i2c.o
 *fill*         0x08005a1a        0x2 
 .text.HAL_I2S_Init
                0x08005a1c      0x280 ./Drivers/STM32F4xx_HAL_Driver/Src/stm32f4xx_hal_i2s.o
                0x08005a1c                HAL_I2S_Init
 .text.HAL_I2S_Transmit_DMA
                0x08005c9c      0x150 ./Drivers/STM32F4xx_HAL_Driver/Src/stm32f4xx_hal_i2s.o
                0x08005c9c                HAL_I2S_Transmit_DMA
 .text.HAL_I2S_DMAPause
                0x08005dec       0xc4 ./Drivers/STM32F4xx_HAL_Driver/Src/stm32f4xx_hal_i2s.o
                0x08005dec                HAL_I2S_DMAPause
 .text.HAL_I2S_DMAResume
                0x08005eb0      0x128 ./Drivers/STM32F4xx_HAL_Driver/Src/stm32f4xx_hal_i2s.o
                0x08005eb0                HAL_I2S_DMAResume
 .text.HAL_I2S_DMAStop
                0x08005fd8      0x3b4 ./Drivers/STM32F4xx_HAL_Driver/Src/stm32f4xx_hal_i2s.o
                0x08005fd8                HAL_I2S_DMAStop
 .text.HAL_I2S_RxCpltCallback
                0x0800638c       0x14 ./Drivers/STM32F4xx_HAL_Driver/Src/stm32f4xx_hal_i2s.o
                0x0800638c                HAL_I2S_RxCpltCallback
 .text.HAL_I2S_GetState
                0x080063a0       0x1c ./Drivers/STM32F4xx_HAL_Driver/Src/stm32f4xx_hal_i2s.o
                0x080063a0                HAL_I2S_GetState
 .text.I2S_DMATxCplt
                0x080063bc       0x42 ./Drivers/STM32F4xx_HAL_Driver/Src/stm32f4xx_hal_i2s.o
 .text.I2S_DMATxHalfCplt
                0x080063fe       0x1c ./Drivers/STM32F4xx_HAL_Driver/Src/stm32f4xx_hal_i2s.o
 .text.I2S_DMAError
                0x0800641a       0x4c ./Drivers/STM32F4xx_HAL_Driver/Src/stm32f4xx_hal_i2s.o
 .text.I2S_Transmit_IT
                0x08006466       0x5c ./Drivers/STM32F4xx_HAL_Driver/Src/stm32f4xx_hal_i2s.o
 .text.I2S_Receive_IT
                0x080064c2       0x5e ./Drivers/STM32F4xx_HAL_Driver/Src/stm32f4xx_hal_i2s.o
 .text.I2S_IRQHandler
                0x08006520      0x114 ./Drivers/STM32F4xx_HAL_Driver/Src/stm32f4xx_hal_i2s.o
 .text.I2S_WaitFlagStateUntilTimeout
                0x08006634       0x72 ./Drivers/STM32F4xx_HAL_Driver/Src/stm32f4xx_hal_i2s.o
 *fill*         0x080066a6        0x2 
 .text.HAL_I2SEx_FullDuplex_IRQHandler
                0x080066a8      0x2a8 ./Drivers/STM32F4xx_HAL_Driver/Src/stm32f4xx_hal_i2s_ex.o
                0x080066a8                HAL_I2SEx_FullDuplex_IRQHandler
 .text.HAL_I2SEx_TxRxCpltCallback
                0x08006950       0x14 ./Drivers/STM32F4xx_HAL_Driver/Src/stm32f4xx_hal_i2s_ex.o
                0x08006950                HAL_I2SEx_TxRxCpltCallback
 .text.I2SEx_TxISR_I2S
                0x08006964       0x62 ./Drivers/STM32F4xx_HAL_Driver/Src/stm32f4xx_hal_i2s_ex.o
 *fill*         0x080069c6        0x2 
 .text.I2SEx_TxISR_I2SExt
                0x080069c8       0x98 ./Drivers/STM32F4xx_HAL_Driver/Src/stm32f4xx_hal_i2s_ex.o
 .text.I2SEx_RxISR_I2S
                0x08006a60       0x64 ./Drivers/STM32F4xx_HAL_Driver/Src/stm32f4xx_hal_i2s_ex.o
 .text.I2SEx_RxISR_I2SExt
                0x08006ac4       0x98 ./Drivers/STM32F4xx_HAL_Driver/Src/stm32f4xx_hal_i2s_ex.o
 .text.HAL_RCC_OscConfig
                0x08006b5c      0x4dc ./Drivers/STM32F4xx_HAL_Driver/Src/stm32f4xx_hal_rcc.o
                0x08006b5c                HAL_RCC_OscConfig
 .text.HAL_RCC_ClockConfig
                0x08007038      0x1cc ./Drivers/STM32F4xx_HAL_Driver/Src/stm32f4xx_hal_rcc.o
                0x08007038                HAL_RCC_ClockConfig
 .text.HAL_RCC_GetSysClockFreq
                0x08007204      0x20c ./Drivers/STM32F4xx_HAL_Driver/Src/stm32f4xx_hal_rcc.o
                0x08007204                HAL_RCC_GetSysClockFreq
 .text.HAL_RCC_GetHCLKFreq
                0x08007410       0x18 ./Drivers/STM32F4xx_HAL_Driver/Src/stm32f4xx_hal_rcc.o
                0x08007410                HAL_RCC_GetHCLKFreq
 .text.HAL_RCC_GetPCLK1Freq
                0x08007428       0x28 ./Drivers/STM32F4xx_HAL_Driver/Src/stm32f4xx_hal_rcc.o
                0x08007428                HAL_RCC_GetPCLK1Freq
 .text.HAL_RCCEx_PeriphCLKConfig
                0x08007450      0x1e0 ./Drivers/STM32F4xx_HAL_Driver/Src/stm32f4xx_hal_rcc_ex.o
                0x08007450                HAL_RCCEx_PeriphCLKConfig
 .text.HAL_RCCEx_GetPeriphCLKConfig
                0x08007630       0x84 ./Drivers/STM32F4xx_HAL_Driver/Src/stm32f4xx_hal_rcc_ex.o
                0x08007630                HAL_RCCEx_GetPeriphCLKConfig
 .text.HAL_RCCEx_GetPeriphCLKFreq
                0x080076b4       0xc0 ./Drivers/STM32F4xx_HAL_Driver/Src/stm32f4xx_hal_rcc_ex.o
                0x080076b4                HAL_RCCEx_GetPeriphCLKFreq
 .text.USB_CoreInit
                0x08007774       0xc2 ./Drivers/STM32F4xx_HAL_Driver/Src/stm32f4xx_ll_usb.o
                0x08007774                USB_CoreInit
 .text.USB_EnableGlobalInt
                0x08007836       0x22 ./Drivers/STM32F4xx_HAL_Driver/Src/stm32f4xx_ll_usb.o
                0x08007836                USB_EnableGlobalInt
 .text.USB_DisableGlobalInt
                0x08007858       0x22 ./Drivers/STM32F4xx_HAL_Driver/Src/stm32f4xx_ll_usb.o
                0x08007858                USB_DisableGlobalInt
 .text.USB_SetCurrentMode
                0x0800787a       0x54 ./Drivers/STM32F4xx_HAL_Driver/Src/stm32f4xx_ll_usb.o
                0x0800787a                USB_SetCurrentMode
 *fill*         0x080078ce        0x2 
 .text.USB_FlushTxFifo
                0x080078d0       0x4c ./Drivers/STM32F4xx_HAL_Driver/Src/stm32f4xx_ll_usb.o
                0x080078d0                USB_FlushTxFifo
 .text.USB_FlushRxFifo
                0x0800791c       0x44 ./Drivers/STM32F4xx_HAL_Driver/Src/stm32f4xx_ll_usb.o
                0x0800791c                USB_FlushRxFifo
 .text.USB_WritePacket
                0x08007960       0x6a ./Drivers/STM32F4xx_HAL_Driver/Src/stm32f4xx_ll_usb.o
                0x08007960                USB_WritePacket
 .text.USB_ReadPacket
                0x080079ca       0x52 ./Drivers/STM32F4xx_HAL_Driver/Src/stm32f4xx_ll_usb.o
                0x080079ca                USB_ReadPacket
 .text.USB_ReadInterrupts
                0x08007a1c       0x26 ./Drivers/STM32F4xx_HAL_Driver/Src/stm32f4xx_ll_usb.o
                0x08007a1c                USB_ReadInterrupts
 .text.USB_GetMode
                0x08007a42       0x1c ./Drivers/STM32F4xx_HAL_Driver/Src/stm32f4xx_ll_usb.o
                0x08007a42                USB_GetMode
 *fill*         0x08007a5e        0x2 
 .text.USB_CoreReset
                0x08007a60       0x68 ./Drivers/STM32F4xx_HAL_Driver/Src/stm32f4xx_ll_usb.o
 .text.USB_HostInit
                0x08007ac8      0x178 ./Drivers/STM32F4xx_HAL_Driver/Src/stm32f4xx_ll_usb.o
                0x08007ac8                USB_HostInit
 .text.USB_InitFSLSPClkSel
                0x08007c40       0x74 ./Drivers/STM32F4xx_HAL_Driver/Src/stm32f4xx_ll_usb.o
                0x08007c40                USB_InitFSLSPClkSel
 .text.USB_ResetPort
                0x08007cb4       0x54 ./Drivers/STM32F4xx_HAL_Driver/Src/stm32f4xx_ll_usb.o
                0x08007cb4                USB_ResetPort
 .text.USB_DriveVbus
                0x08007d08       0x72 ./Drivers/STM32F4xx_HAL_Driver/Src/stm32f4xx_ll_usb.o
                0x08007d08                USB_DriveVbus
 .text.USB_GetHostSpeed
                0x08007d7a       0x2e ./Drivers/STM32F4xx_HAL_Driver/Src/stm32f4xx_ll_usb.o
                0x08007d7a                USB_GetHostSpeed
 .text.USB_GetCurrentFrame
                0x08007da8       0x22 ./Drivers/STM32F4xx_HAL_Driver/Src/stm32f4xx_ll_usb.o
                0x08007da8                USB_GetCurrentFrame
 *fill*         0x08007dca        0x2 
 .text.USB_HC_Init
                0x08007dcc      0x214 ./Drivers/STM32F4xx_HAL_Driver/Src/stm32f4xx_ll_usb.o
                0x08007dcc                USB_HC_Init
 .text.USB_HC_StartXfer
                0x08007fe0      0x288 ./Drivers/STM32F4xx_HAL_Driver/Src/stm32f4xx_ll_usb.o
                0x08007fe0                USB_HC_StartXfer
 .text.USB_HC_ReadInterrupt
                0x08008268       0x22 ./Drivers/STM32F4xx_HAL_Driver/Src/stm32f4xx_ll_usb.o
                0x08008268                USB_HC_ReadInterrupt
 .text.USB_HC_Halt
                0x0800828a      0x1fe ./Drivers/STM32F4xx_HAL_Driver/Src/stm32f4xx_ll_usb.o
                0x0800828a                USB_HC_Halt
 .text.USB_DoPing
                0x08008488       0x78 ./Drivers/STM32F4xx_HAL_Driver/Src/stm32f4xx_ll_usb.o
                0x08008488                USB_DoPing
 .text.USB_StopHost
                0x08008500      0x10c ./Drivers/STM32F4xx_HAL_Driver/Src/stm32f4xx_ll_usb.o
                0x08008500                USB_StopHost
 .text.MX_FATFS_Init
                0x0800860c       0x24 ./FATFS/App/fatfs.o
                0x0800860c                MX_FATFS_Init
 .text.get_fattime
                0x08008630       0x10 ./FATFS/App/fatfs.o
                0x08008630                get_fattime
 .text.USBH_initialize
                0x08008640       0x18 ./FATFS/Target/usbh_diskio.o
                0x08008640                USBH_initialize
 .text.USBH_status
                0x08008658       0x38 ./FATFS/Target/usbh_diskio.o
                0x08008658                USBH_status
 .text.USBH_read
                0x08008690       0x74 ./FATFS/Target/usbh_diskio.o
                0x08008690                USBH_read
 .text.USBH_write
                0x08008704       0x84 ./FATFS/Target/usbh_diskio.o
                0x08008704                USBH_write
 .text.USBH_ioctl
                0x08008788       0xd8 ./FATFS/Target/usbh_diskio.o
                0x08008788                USBH_ioctl
 .text.USBH_MSC_InterfaceInit
                0x08008860      0x216 ./Middlewares/ST/STM32_USB_Host_Library/Class/MSC/Src/usbh_msc.o
 .text.USBH_MSC_InterfaceDeInit
                0x08008a76       0x8c ./Middlewares/ST/STM32_USB_Host_Library/Class/MSC/Src/usbh_msc.o
 .text.USBH_MSC_ClassRequest
                0x08008b02       0xce ./Middlewares/ST/STM32_USB_Host_Library/Class/MSC/Src/usbh_msc.o
 .text.USBH_MSC_Process
                0x08008bd0      0x51c ./Middlewares/ST/STM32_USB_Host_Library/Class/MSC/Src/usbh_msc.o
 .text.USBH_MSC_SOFProcess
                0x080090ec       0x16 ./Middlewares/ST/STM32_USB_Host_Library/Class/MSC/Src/usbh_msc.o
 .text.USBH_MSC_RdWrProcess
                0x08009102      0x19e ./Middlewares/ST/STM32_USB_Host_Library/Class/MSC/Src/usbh_msc.o
 .text.USBH_MSC_UnitIsReady
                0x080092a0       0x4c ./Middlewares/ST/STM32_USB_Host_Library/Class/MSC/Src/usbh_msc.o
                0x080092a0                USBH_MSC_UnitIsReady
 .text.USBH_MSC_GetLUNInfo
                0x080092ec       0x48 ./Middlewares/ST/STM32_USB_Host_Library/Class/MSC/Src/usbh_msc.o
                0x080092ec                USBH_MSC_GetLUNInfo
 .text.USBH_MSC_Read
                0x08009334       0xd2 ./Middlewares/ST/STM32_USB_Host_Library/Class/MSC/Src/usbh_msc.o
                0x08009334                USBH_MSC_Read
 .text.USBH_MSC_Write
                0x08009406       0xd2 ./Middlewares/ST/STM32_USB_Host_Library/Class/MSC/Src/usbh_msc.o
                0x08009406                USBH_MSC_Write
 .text.USBH_MSC_BOT_REQ_Reset
                0x080094d8       0x3a ./Middlewares/ST/STM32_USB_Host_Library/Class/MSC/Src/usbh_msc_bot.o
                0x080094d8                USBH_MSC_BOT_REQ_Reset
 .text.USBH_MSC_BOT_REQ_GetMaxLUN
                0x08009512       0x3c ./Middlewares/ST/STM32_USB_Host_Library/Class/MSC/Src/usbh_msc_bot.o
                0x08009512                USBH_MSC_BOT_REQ_GetMaxLUN
 *fill*         0x0800954e        0x2 
 .text.USBH_MSC_BOT_Init
                0x08009550       0x44 ./Middlewares/ST/STM32_USB_Host_Library/Class/MSC/Src/usbh_msc_bot.o
                0x08009550                USBH_MSC_BOT_Init
 .text.USBH_MSC_BOT_Process
                0x08009594      0x39c ./Middlewares/ST/STM32_USB_Host_Library/Class/MSC/Src/usbh_msc_bot.o
                0x08009594                USBH_MSC_BOT_Process
 .text.USBH_MSC_BOT_Abort
                0x08009930       0x58 ./Middlewares/ST/STM32_USB_Host_Library/Class/MSC/Src/usbh_msc_bot.o
 .text.USBH_MSC_DecodeCSW
                0x08009988       0x88 ./Middlewares/ST/STM32_USB_Host_Library/Class/MSC/Src/usbh_msc_bot.o
 .text.USBH_MSC_SCSI_TestUnitReady
                0x08009a10       0x86 ./Middlewares/ST/STM32_USB_Host_Library/Class/MSC/Src/usbh_msc_scsi.o
                0x08009a10                USBH_MSC_SCSI_TestUnitReady
 .text.USBH_MSC_SCSI_ReadCapacity
                0x08009a96       0xf4 ./Middlewares/ST/STM32_USB_Host_Library/Class/MSC/Src/usbh_msc_scsi.o
                0x08009a96                USBH_MSC_SCSI_ReadCapacity
 .text.USBH_MSC_SCSI_Inquiry
                0x08009b8a      0x14a ./Middlewares/ST/STM32_USB_Host_Library/Class/MSC/Src/usbh_msc_scsi.o
                0x08009b8a                USBH_MSC_SCSI_Inquiry
 .text.USBH_MSC_SCSI_RequestSense
                0x08009cd4       0xf2 ./Middlewares/ST/STM32_USB_Host_Library/Class/MSC/Src/usbh_msc_scsi.o
                0x08009cd4                USBH_MSC_SCSI_RequestSense
 .text.USBH_MSC_SCSI_Write
                0x08009dc6       0xd6 ./Middlewares/ST/STM32_USB_Host_Library/Class/MSC/Src/usbh_msc_scsi.o
                0x08009dc6                USBH_MSC_SCSI_Write
 .text.USBH_MSC_SCSI_Read
                0x08009e9c       0xd6 ./Middlewares/ST/STM32_USB_Host_Library/Class/MSC/Src/usbh_msc_scsi.o
                0x08009e9c                USBH_MSC_SCSI_Read
 .text.USBH_Init
                0x08009f72       0x74 ./Middlewares/ST/STM32_USB_Host_Library/Core/Src/usbh_core.o
                0x08009f72                USBH_Init
 .text.DeInitStateMachine
                0x08009fe6       0xa8 ./Middlewares/ST/STM32_USB_Host_Library/Core/Src/usbh_core.o
 .text.USBH_RegisterClass
                0x0800a08e       0x54 ./Middlewares/ST/STM32_USB_Host_Library/Core/Src/usbh_core.o
                0x0800a08e                USBH_RegisterClass
 .text.USBH_SelectInterface
                0x0800a0e2       0x38 ./Middlewares/ST/STM32_USB_Host_Library/Core/Src/usbh_core.o
                0x0800a0e2                USBH_SelectInterface
 .text.USBH_FindInterface
                0x0800a11a       0x8c ./Middlewares/ST/STM32_USB_Host_Library/Core/Src/usbh_core.o
                0x0800a11a                USBH_FindInterface
 .text.USBH_Start
                0x0800a1a6       0x20 ./Middlewares/ST/STM32_USB_Host_Library/Core/Src/usbh_core.o
                0x0800a1a6                USBH_Start
 *fill*         0x0800a1c6        0x2 
 .text.USBH_Process
                0x0800a1c8      0x3bc ./Middlewares/ST/STM32_USB_Host_Library/Core/Src/usbh_core.o
                0x0800a1c8                USBH_Process
 .text.USBH_HandleEnum
                0x0800a584      0x3c0 ./Middlewares/ST/STM32_USB_Host_Library/Core/Src/usbh_core.o
 .text.USBH_LL_SetTimer
                0x0800a944       0x1e ./Middlewares/ST/STM32_USB_Host_Library/Core/Src/usbh_core.o
                0x0800a944                USBH_LL_SetTimer
 .text.USBH_LL_IncTimer
                0x0800a962       0x24 ./Middlewares/ST/STM32_USB_Host_Library/Core/Src/usbh_core.o
                0x0800a962                USBH_LL_IncTimer
 .text.USBH_HandleSof
                0x0800a986       0x30 ./Middlewares/ST/STM32_USB_Host_Library/Core/Src/usbh_core.o
 .text.USBH_LL_PortEnabled
                0x0800a9b6       0x1c ./Middlewares/ST/STM32_USB_Host_Library/Core/Src/usbh_core.o
                0x0800a9b6                USBH_LL_PortEnabled
 .text.USBH_LL_PortDisabled
                0x0800a9d2       0x1c ./Middlewares/ST/STM32_USB_Host_Library/Core/Src/usbh_core.o
                0x0800a9d2                USBH_LL_PortDisabled
 .text.USBH_LL_Connect
                0x0800a9ee       0x2e ./Middlewares/ST/STM32_USB_Host_Library/Core/Src/usbh_core.o
                0x0800a9ee                USBH_LL_Connect
 .text.USBH_LL_Disconnect
                0x0800aa1c       0x48 ./Middlewares/ST/STM32_USB_Host_Library/Core/Src/usbh_core.o
                0x0800aa1c                USBH_LL_Disconnect
 .text.USBH_Get_DevDesc
                0x0800aa64       0x50 ./Middlewares/ST/STM32_USB_Host_Library/Core/Src/usbh_ctlreq.o
                0x0800aa64                USBH_Get_DevDesc
 .text.USBH_Get_CfgDesc
                0x0800aab4       0x48 ./Middlewares/ST/STM32_USB_Host_Library/Core/Src/usbh_ctlreq.o
                0x0800aab4                USBH_Get_CfgDesc
 .text.USBH_Get_StringDesc
                0x0800aafc       0x56 ./Middlewares/ST/STM32_USB_Host_Library/Core/Src/usbh_ctlreq.o
                0x0800aafc                USBH_Get_StringDesc
 .text.USBH_GetDescriptor
                0x0800ab52       0x6a ./Middlewares/ST/STM32_USB_Host_Library/Core/Src/usbh_ctlreq.o
                0x0800ab52                USBH_GetDescriptor
 .text.USBH_SetAddress
                0x0800abbc       0x48 ./Middlewares/ST/STM32_USB_Host_Library/Core/Src/usbh_ctlreq.o
                0x0800abbc                USBH_SetAddress
 .text.USBH_SetCfg
                0x0800ac04       0x46 ./Middlewares/ST/STM32_USB_Host_Library/Core/Src/usbh_ctlreq.o
                0x0800ac04                USBH_SetCfg
 .text.USBH_SetFeature
                0x0800ac4a       0x48 ./Middlewares/ST/STM32_USB_Host_Library/Core/Src/usbh_ctlreq.o
                0x0800ac4a                USBH_SetFeature
 .text.USBH_ClrFeature
                0x0800ac92       0x48 ./Middlewares/ST/STM32_USB_Host_Library/Core/Src/usbh_ctlreq.o
                0x0800ac92                USBH_ClrFeature
 .text.USBH_ParseDevDesc
                0x0800acda       0xd8 ./Middlewares/ST/STM32_USB_Host_Library/Core/Src/usbh_ctlreq.o
 .text.USBH_ParseCfgDesc
                0x0800adb2      0x142 ./Middlewares/ST/STM32_USB_Host_Library/Core/Src/usbh_ctlreq.o
 .text.USBH_ParseInterfaceDesc
                0x0800aef4       0x5e ./Middlewares/ST/STM32_USB_Host_Library/Core/Src/usbh_ctlreq.o
 .text.USBH_ParseEPDesc
                0x0800af52       0x58 ./Middlewares/ST/STM32_USB_Host_Library/Core/Src/usbh_ctlreq.o
 .text.USBH_ParseStringDesc
                0x0800afaa       0x66 ./Middlewares/ST/STM32_USB_Host_Library/Core/Src/usbh_ctlreq.o
 .text.USBH_GetNextDesc
                0x0800b010       0x34 ./Middlewares/ST/STM32_USB_Host_Library/Core/Src/usbh_ctlreq.o
                0x0800b010                USBH_GetNextDesc
 .text.USBH_CtlReq
                0x0800b044       0x7a ./Middlewares/ST/STM32_USB_Host_Library/Core/Src/usbh_ctlreq.o
                0x0800b044                USBH_CtlReq
 *fill*         0x0800b0be        0x2 
 .text.USBH_HandleControl
                0x0800b0c0      0x2e8 ./Middlewares/ST/STM32_USB_Host_Library/Core/Src/usbh_ctlreq.o
 .text.USBH_CtlSendSetup
                0x0800b3a8       0x34 ./Middlewares/ST/STM32_USB_Host_Library/Core/Src/usbh_ioreq.o
                0x0800b3a8                USBH_CtlSendSetup
 .text.USBH_CtlSendData
                0x0800b3dc       0x4a ./Middlewares/ST/STM32_USB_Host_Library/Core/Src/usbh_ioreq.o
                0x0800b3dc                USBH_CtlSendData
 .text.USBH_CtlReceiveData
                0x0800b426       0x3c ./Middlewares/ST/STM32_USB_Host_Library/Core/Src/usbh_ioreq.o
                0x0800b426                USBH_CtlReceiveData
 .text.USBH_BulkSendData
                0x0800b462       0x4a ./Middlewares/ST/STM32_USB_Host_Library/Core/Src/usbh_ioreq.o
                0x0800b462                USBH_BulkSendData
 .text.USBH_BulkReceiveData
                0x0800b4ac       0x3c ./Middlewares/ST/STM32_USB_Host_Library/Core/Src/usbh_ioreq.o
                0x0800b4ac                USBH_BulkReceiveData
 .text.USBH_OpenPipe
                0x0800b4e8       0x3e ./Middlewares/ST/STM32_USB_Host_Library/Core/Src/usbh_pipes.o
                0x0800b4e8                USBH_OpenPipe
 .text.USBH_ClosePipe
                0x0800b526       0x20 ./Middlewares/ST/STM32_USB_Host_Library/Core/Src/usbh_pipes.o
                0x0800b526                USBH_ClosePipe
 .text.USBH_AllocPipe
                0x0800b546       0x42 ./Middlewares/ST/STM32_USB_Host_Library/Core/Src/usbh_pipes.o
                0x0800b546                USBH_AllocPipe
 .text.USBH_FreePipe
                0x0800b588       0x3c ./Middlewares/ST/STM32_USB_Host_Library/Core/Src/usbh_pipes.o
                0x0800b588                USBH_FreePipe
 .text.USBH_GetFreePipe
                0x0800b5c4       0x48 ./Middlewares/ST/STM32_USB_Host_Library/Core/Src/usbh_pipes.o
 .text.disk_status
                0x0800b60c       0x34 ./Middlewares/Third_Party/FatFs/src/diskio.o
                0x0800b60c                disk_status
 .text.disk_initialize
                0x0800b640       0x4c ./Middlewares/Third_Party/FatFs/src/diskio.o
                0x0800b640                disk_initialize
 .text.disk_read
                0x0800b68c       0x40 ./Middlewares/Third_Party/FatFs/src/diskio.o
                0x0800b68c                disk_read
 .text.disk_write
                0x0800b6cc       0x40 ./Middlewares/Third_Party/FatFs/src/diskio.o
                0x0800b6cc                disk_write
 .text.disk_ioctl
                0x0800b70c       0x3c ./Middlewares/Third_Party/FatFs/src/diskio.o
                0x0800b70c                disk_ioctl
 .text.ld_word  0x0800b748       0x30 ./Middlewares/Third_Party/FatFs/src/ff.o
 .text.ld_dword
                0x0800b778       0x46 ./Middlewares/Third_Party/FatFs/src/ff.o
 .text.st_word  0x0800b7be       0x36 ./Middlewares/Third_Party/FatFs/src/ff.o
 .text.st_dword
                0x0800b7f4       0x58 ./Middlewares/Third_Party/FatFs/src/ff.o
 .text.mem_cpy  0x0800b84c       0x42 ./Middlewares/Third_Party/FatFs/src/ff.o
 .text.mem_set  0x0800b88e       0x36 ./Middlewares/Third_Party/FatFs/src/ff.o
 .text.mem_cmp  0x0800b8c4       0x4e ./Middlewares/Third_Party/FatFs/src/ff.o
 .text.chk_chr  0x0800b912       0x36 ./Middlewares/Third_Party/FatFs/src/ff.o
 .text.chk_lock
                0x0800b948       0xb8 ./Middlewares/Third_Party/FatFs/src/ff.o
 .text.enq_lock
                0x0800ba00       0x44 ./Middlewares/Third_Party/FatFs/src/ff.o
 .text.inc_lock
                0x0800ba44      0x11c ./Middlewares/Third_Party/FatFs/src/ff.o
 .text.dec_lock
                0x0800bb60       0x78 ./Middlewares/Third_Party/FatFs/src/ff.o
 .text.clear_lock
                0x0800bbd8       0x48 ./Middlewares/Third_Party/FatFs/src/ff.o
 .text.sync_window
                0x0800bc20       0x88 ./Middlewares/Third_Party/FatFs/src/ff.o
 .text.move_window
                0x0800bca8       0x5a ./Middlewares/Third_Party/FatFs/src/ff.o
 *fill*         0x0800bd02        0x2 
 .text.sync_fs  0x0800bd04       0xdc ./Middlewares/Third_Party/FatFs/src/ff.o
 .text.clust2sect
                0x0800bde0       0x3e ./Middlewares/Third_Party/FatFs/src/ff.o
 .text.get_fat  0x0800be1e      0x14e ./Middlewares/Third_Party/FatFs/src/ff.o
 .text.put_fat  0x0800bf6c      0x1d4 ./Middlewares/Third_Party/FatFs/src/ff.o
 .text.remove_chain
                0x0800c140       0xca ./Middlewares/Third_Party/FatFs/src/ff.o
 .text.create_chain
                0x0800c20a      0x130 ./Middlewares/Third_Party/FatFs/src/ff.o
 .text.clmt_clust
                0x0800c33a       0x68 ./Middlewares/Third_Party/FatFs/src/ff.o
 .text.dir_sdi  0x0800c3a2       0xf6 ./Middlewares/Third_Party/FatFs/src/ff.o
 .text.dir_next
                0x0800c498      0x18a ./Middlewares/Third_Party/FatFs/src/ff.o
 .text.dir_alloc
                0x0800c622       0x8e ./Middlewares/Third_Party/FatFs/src/ff.o
 .text.ld_clust
                0x0800c6b0       0x3e ./Middlewares/Third_Party/FatFs/src/ff.o
 .text.st_clust
                0x0800c6ee       0x40 ./Middlewares/Third_Party/FatFs/src/ff.o
 *fill*         0x0800c72e        0x2 
 .text.cmp_lfn  0x0800c730       0xe0 ./Middlewares/Third_Party/FatFs/src/ff.o
 .text.pick_lfn
                0x0800c810       0xc8 ./Middlewares/Third_Party/FatFs/src/ff.o
 .text.put_lfn  0x0800c8d8       0xd0 ./Middlewares/Third_Party/FatFs/src/ff.o
 .text.gen_numname
                0x0800c9a8      0x11c ./Middlewares/Third_Party/FatFs/src/ff.o
 .text.sum_sfn  0x0800cac4       0x42 ./Middlewares/Third_Party/FatFs/src/ff.o
 .text.dir_read
                0x0800cb06      0x14e ./Middlewares/Third_Party/FatFs/src/ff.o
 .text.dir_find
                0x0800cc54      0x180 ./Middlewares/Third_Party/FatFs/src/ff.o
 .text.dir_register
                0x0800cdd4      0x1f0 ./Middlewares/Third_Party/FatFs/src/ff.o
 .text.get_fileinfo
                0x0800cfc4      0x1bc ./Middlewares/Third_Party/FatFs/src/ff.o
 .text.create_name
                0x0800d180      0x370 ./Middlewares/Third_Party/FatFs/src/ff.o
 .text.follow_path
                0x0800d4f0       0xe2 ./Middlewares/Third_Party/FatFs/src/ff.o
 .text.get_ldnumber
                0x0800d5d2       0x88 ./Middlewares/Third_Party/FatFs/src/ff.o
 *fill*         0x0800d65a        0x2 
 .text.check_fs
                0x0800d65c       0xac ./Middlewares/Third_Party/FatFs/src/ff.o
 .text.find_volume
                0x0800d708      0x4a0 ./Middlewares/Third_Party/FatFs/src/ff.o
 .text.validate
                0x0800dba8       0x6a ./Middlewares/Third_Party/FatFs/src/ff.o
 *fill*         0x0800dc12        0x2 
 .text.f_mount  0x0800dc14       0x8c ./Middlewares/Third_Party/FatFs/src/ff.o
                0x0800dc14                f_mount
 .text.f_open   0x0800dca0      0x374 ./Middlewares/Third_Party/FatFs/src/ff.o
                0x0800dca0                f_open
 .text.f_read   0x0800e014      0x27e ./Middlewares/Third_Party/FatFs/src/ff.o
                0x0800e014                f_read
 .text.f_sync   0x0800e292       0xfc ./Middlewares/Third_Party/FatFs/src/ff.o
                0x0800e292                f_sync
 .text.f_close  0x0800e38e       0x54 ./Middlewares/Third_Party/FatFs/src/ff.o
                0x0800e38e                f_close
 .text.f_lseek  0x0800e3e2      0x412 ./Middlewares/Third_Party/FatFs/src/ff.o
                0x0800e3e2                f_lseek
 .text.f_opendir
                0x0800e7f4       0xe6 ./Middlewares/Third_Party/FatFs/src/ff.o
                0x0800e7f4                f_opendir
 .text.f_closedir
                0x0800e8da       0x4c ./Middlewares/Third_Party/FatFs/src/ff.o
                0x0800e8da                f_closedir
 .text.f_readdir
                0x0800e926       0x7a ./Middlewares/Third_Party/FatFs/src/ff.o
                0x0800e926                f_readdir
 .text.FATFS_LinkDriverEx
                0x0800e9a0       0x98 ./Middlewares/Third_Party/FatFs/src/ff_gen_drv.o
                0x0800e9a0                FATFS_LinkDriverEx
 .text.FATFS_LinkDriver
                0x0800ea38       0x1e ./Middlewares/Third_Party/FatFs/src/ff_gen_drv.o
                0x0800ea38                FATFS_LinkDriver
 *fill*         0x0800ea56        0x2 
 .text.ff_convert
                0x0800ea58       0x78 ./Middlewares/Third_Party/FatFs/src/option/ccsbcs.o
                0x0800ea58                ff_convert
 .text.ff_wtoupper
                0x0800ead0      0x114 ./Middlewares/Third_Party/FatFs/src/option/ccsbcs.o
                0x0800ead0                ff_wtoupper
 .text.MX_USB_HOST_Init
                0x0800ebe4       0x4c ./USB_HOST/App/usb_host.o
                0x0800ebe4                MX_USB_HOST_Init
 .text.MX_USB_HOST_Process
                0x0800ec30       0x14 ./USB_HOST/App/usb_host.o
                0x0800ec30                MX_USB_HOST_Process
 .text.USBH_UserProcess
                0x0800ec44       0x5c ./USB_HOST/App/usb_host.o
 .text.HAL_HCD_MspInit
                0x0800eca0       0xc4 ./USB_HOST/Target/usbh_conf.o
                0x0800eca0                HAL_HCD_MspInit
 .text.HAL_HCD_SOF_Callback
                0x0800ed64       0x1c ./USB_HOST/Target/usbh_conf.o
                0x0800ed64                HAL_HCD_SOF_Callback
 .text.HAL_HCD_Connect_Callback
                0x0800ed80       0x1c ./USB_HOST/Target/usbh_conf.o
                0x0800ed80                HAL_HCD_Connect_Callback
 .text.HAL_HCD_Disconnect_Callback
                0x0800ed9c       0x1c ./USB_HOST/Target/usbh_conf.o
                0x0800ed9c                HAL_HCD_Disconnect_Callback
 .text.HAL_HCD_HC_NotifyURBChange_Callback
                0x0800edb8       0x1c ./USB_HOST/Target/usbh_conf.o
                0x0800edb8                HAL_HCD_HC_NotifyURBChange_Callback
 .text.HAL_HCD_PortEnabled_Callback
                0x0800edd4       0x1c ./USB_HOST/Target/usbh_conf.o
                0x0800edd4                HAL_HCD_PortEnabled_Callback
 .text.HAL_HCD_PortDisabled_Callback
                0x0800edf0       0x1c ./USB_HOST/Target/usbh_conf.o
                0x0800edf0                HAL_HCD_PortDisabled_Callback
 .text.USBH_LL_Init
                0x0800ee0c       0x78 ./USB_HOST/Target/usbh_conf.o
                0x0800ee0c                USBH_LL_Init
 .text.USBH_LL_Start
                0x0800ee84       0x36 ./USB_HOST/Target/usbh_conf.o
                0x0800ee84                USBH_LL_Start
 .text.USBH_LL_Stop
                0x0800eeba       0x36 ./USB_HOST/Target/usbh_conf.o
                0x0800eeba                USBH_LL_Stop
 .text.USBH_LL_GetSpeed
                0x0800eef0       0x4e ./USB_HOST/Target/usbh_conf.o
                0x0800eef0                USBH_LL_GetSpeed
 .text.USBH_LL_ResetPort
                0x0800ef3e       0x36 ./USB_HOST/Target/usbh_conf.o
                0x0800ef3e                USBH_LL_ResetPort
 .text.USBH_LL_GetLastXferSize
                0x0800ef74       0x26 ./USB_HOST/Target/usbh_conf.o
                0x0800ef74                USBH_LL_GetLastXferSize
 .text.USBH_LL_OpenPipe
                0x0800ef9a       0x5e ./USB_HOST/Target/usbh_conf.o
                0x0800ef9a                USBH_LL_OpenPipe
 .text.USBH_LL_ClosePipe
                0x0800eff8       0x3e ./USB_HOST/Target/usbh_conf.o
                0x0800eff8                USBH_LL_ClosePipe
 .text.USBH_LL_SubmitURB
                0x0800f036       0x62 ./USB_HOST/Target/usbh_conf.o
                0x0800f036                USBH_LL_SubmitURB
 .text.USBH_LL_GetURBState
                0x0800f098       0x26 ./USB_HOST/Target/usbh_conf.o
                0x0800f098                USBH_LL_GetURBState
 .text.USBH_LL_DriverVBUS
                0x0800f0be       0x2e ./USB_HOST/Target/usbh_conf.o
                0x0800f0be                USBH_LL_DriverVBUS
 .text.USBH_LL_SetToggle
                0x0800f0ec       0x66 ./USB_HOST/Target/usbh_conf.o
                0x0800f0ec                USBH_LL_SetToggle
 .text.USBH_LL_GetToggle
                0x0800f152       0x66 ./USB_HOST/Target/usbh_conf.o
                0x0800f152                USBH_LL_GetToggle
 .text.USBH_Delay
                0x0800f1b8       0x16 ./USB_HOST/Target/usbh_conf.o
                0x0800f1b8                USBH_Delay
 *fill*         0x0800f1ce        0x2 
 .text.USBH_Get_USB_Status
                0x0800f1d0       0x58 ./USB_HOST/Target/usbh_conf.o
                0x0800f1d0                USBH_Get_USB_Status
 .text.MX_DriverVbusFS
                0x0800f228       0x38 ./USB_HOST/Target/usbh_platform.o
                0x0800f228                MX_DriverVbusFS
 .text.malloc   0x0800f260       0x10 C:/ST/STM32CubeIDE_1.16.1/STM32CubeIDE/plugins/com.st.stm32cube.ide.mcu.externaltools.gnu-tools-for-stm32.12.3.rel1.win32_1.0.200.202406191623/tools/bin/../lib/gcc/arm-none-eabi/12.3.1/../../../../arm-none-eabi/lib/thumb/v7e-m+fp/hard\libc_nano.a(libc_a-malloc.o)
                0x0800f260                malloc
 .text.free     0x0800f270       0x10 C:/ST/STM32CubeIDE_1.16.1/STM32CubeIDE/plugins/com.st.stm32cube.ide.mcu.externaltools.gnu-tools-for-stm32.12.3.rel1.win32_1.0.200.202406191623/tools/bin/../lib/gcc/arm-none-eabi/12.3.1/../../../../arm-none-eabi/lib/thumb/v7e-m+fp/hard\libc_nano.a(libc_a-malloc.o)
                0x0800f270                free
 .text.sbrk_aligned
                0x0800f280       0x44 C:/ST/STM32CubeIDE_1.16.1/STM32CubeIDE/plugins/com.st.stm32cube.ide.mcu.externaltools.gnu-tools-for-stm32.12.3.rel1.win32_1.0.200.202406191623/tools/bin/../lib/gcc/arm-none-eabi/12.3.1/../../../../arm-none-eabi/lib/thumb/v7e-m+fp/hard\libc_nano.a(libc_a-mallocr.o)
 .text._malloc_r
                0x0800f2c4      0x100 C:/ST/STM32CubeIDE_1.16.1/STM32CubeIDE/plugins/com.st.stm32cube.ide.mcu.externaltools.gnu-tools-for-stm32.12.3.rel1.win32_1.0.200.202406191623/tools/bin/../lib/gcc/arm-none-eabi/12.3.1/../../../../arm-none-eabi/lib/thumb/v7e-m+fp/hard\libc_nano.a(libc_a-mallocr.o)
                0x0800f2c4                _malloc_r
 .text.__malloc_lock
                0x0800f3c4        0xc C:/ST/STM32CubeIDE_1.16.1/STM32CubeIDE/plugins/com.st.stm32cube.ide.mcu.externaltools.gnu-tools-for-stm32.12.3.rel1.win32_1.0.200.202406191623/tools/bin/../lib/gcc/arm-none-eabi/12.3.1/../../../../arm-none-eabi/lib/thumb/v7e-m+fp/hard\libc_nano.a(libc_a-mlock.o)
                0x0800f3c4                __malloc_lock
 .text.__malloc_unlock
                0x0800f3d0        0xc C:/ST/STM32CubeIDE_1.16.1/STM32CubeIDE/plugins/com.st.stm32cube.ide.mcu.externaltools.gnu-tools-for-stm32.12.3.rel1.win32_1.0.200.202406191623/tools/bin/../lib/gcc/arm-none-eabi/12.3.1/../../../../arm-none-eabi/lib/thumb/v7e-m+fp/hard\libc_nano.a(libc_a-mlock.o)
                0x0800f3d0                __malloc_unlock
 .text.memset   0x0800f3dc       0x10 C:/ST/STM32CubeIDE_1.16.1/STM32CubeIDE/plugins/com.st.stm32cube.ide.mcu.externaltools.gnu-tools-for-stm32.12.3.rel1.win32_1.0.200.202406191623/tools/bin/../lib/gcc/arm-none-eabi/12.3.1/../../../../arm-none-eabi/lib/thumb/v7e-m+fp/hard\libc_nano.a(libc_a-memset.o)
                0x0800f3dc                memset
 .text.strncpy  0x0800f3ec       0x26 C:/ST/STM32CubeIDE_1.16.1/STM32CubeIDE/plugins/com.st.stm32cube.ide.mcu.externaltools.gnu-tools-for-stm32.12.3.rel1.win32_1.0.200.202406191623/tools/bin/../lib/gcc/arm-none-eabi/12.3.1/../../../../arm-none-eabi/lib/thumb/v7e-m+fp/hard\libc_nano.a(libc_a-strncpy.o)
                0x0800f3ec                strncpy
 .text.strstr   0x0800f412       0x2c C:/ST/STM32CubeIDE_1.16.1/STM32CubeIDE/plugins/com.st.stm32cube.ide.mcu.externaltools.gnu-tools-for-stm32.12.3.rel1.win32_1.0.200.202406191623/tools/bin/../lib/gcc/arm-none-eabi/12.3.1/../../../../arm-none-eabi/lib/thumb/v7e-m+fp/hard\libc_nano.a(libc_a-strstr.o)
                0x0800f412                strstr
 *fill*         0x0800f43e        0x2 
 .text._sbrk_r  0x0800f440       0x20 C:/ST/STM32CubeIDE_1.16.1/STM32CubeIDE/plugins/com.st.stm32cube.ide.mcu.externaltools.gnu-tools-for-stm32.12.3.rel1.win32_1.0.200.202406191623/tools/bin/../lib/gcc/arm-none-eabi/12.3.1/../../../../arm-none-eabi/lib/thumb/v7e-m+fp/hard\libc_nano.a(libc_a-sbrkr.o)
                0x0800f440                _sbrk_r
 .text.__errno  0x0800f460        0xc C:/ST/STM32CubeIDE_1.16.1/STM32CubeIDE/plugins/com.st.stm32cube.ide.mcu.externaltools.gnu-tools-for-stm32.12.3.rel1.win32_1.0.200.202406191623/tools/bin/../lib/gcc/arm-none-eabi/12.3.1/../../../../arm-none-eabi/lib/thumb/v7e-m+fp/hard\libc_nano.a(libc_a-errno.o)
                0x0800f460                __errno
 .text.__libc_init_array
                0x0800f46c       0x48 C:/ST/STM32CubeIDE_1.16.1/STM32CubeIDE/plugins/com.st.stm32cube.ide.mcu.externaltools.gnu-tools-for-stm32.12.3.rel1.win32_1.0.200.202406191623/tools/bin/../lib/gcc/arm-none-eabi/12.3.1/../../../../arm-none-eabi/lib/thumb/v7e-m+fp/hard\libc_nano.a(libc_a-init.o)
                0x0800f46c                __libc_init_array
 .text.__retarget_lock_acquire_recursive
                0x0800f4b4        0x2 C:/ST/STM32CubeIDE_1.16.1/STM32CubeIDE/plugins/com.st.stm32cube.ide.mcu.externaltools.gnu-tools-for-stm32.12.3.rel1.win32_1.0.200.202406191623/tools/bin/../lib/gcc/arm-none-eabi/12.3.1/../../../../arm-none-eabi/lib/thumb/v7e-m+fp/hard\libc_nano.a(libc_a-lock.o)
                0x0800f4b4                __retarget_lock_acquire_recursive
 .text.__retarget_lock_release_recursive
                0x0800f4b6        0x2 C:/ST/STM32CubeIDE_1.16.1/STM32CubeIDE/plugins/com.st.stm32cube.ide.mcu.externaltools.gnu-tools-for-stm32.12.3.rel1.win32_1.0.200.202406191623/tools/bin/../lib/gcc/arm-none-eabi/12.3.1/../../../../arm-none-eabi/lib/thumb/v7e-m+fp/hard\libc_nano.a(libc_a-lock.o)
                0x0800f4b6                __retarget_lock_release_recursive
 .text.memcpy   0x0800f4b8       0x1c C:/ST/STM32CubeIDE_1.16.1/STM32CubeIDE/plugins/com.st.stm32cube.ide.mcu.externaltools.gnu-tools-for-stm32.12.3.rel1.win32_1.0.200.202406191623/tools/bin/../lib/gcc/arm-none-eabi/12.3.1/../../../../arm-none-eabi/lib/thumb/v7e-m+fp/hard\libc_nano.a(libc_a-memcpy-stub.o)
                0x0800f4b8                memcpy
 .text._free_r  0x0800f4d4       0x94 C:/ST/STM32CubeIDE_1.16.1/STM32CubeIDE/plugins/com.st.stm32cube.ide.mcu.externaltools.gnu-tools-for-stm32.12.3.rel1.win32_1.0.200.202406191623/tools/bin/../lib/gcc/arm-none-eabi/12.3.1/../../../../arm-none-eabi/lib/thumb/v7e-m+fp/hard\libc_nano.a(libc_a-freer.o)
                0x0800f4d4                _free_r
 *(.glue_7)
 .glue_7        0x0800f568        0x0 linker stubs
 *(.glue_7t)
 .glue_7t       0x0800f568        0x0 linker stubs
 *(.eh_frame)
 .eh_frame      0x0800f568        0x0 C:/ST/STM32CubeIDE_1.16.1/STM32CubeIDE/plugins/com.st.stm32cube.ide.mcu.externaltools.gnu-tools-for-stm32.12.3.rel1.win32_1.0.200.202406191623/tools/bin/../lib/gcc/arm-none-eabi/12.3.1/thumb/v7e-m+fp/hard/crtbegin.o
 *(.init)
 .init          0x0800f568        0x4 C:/ST/STM32CubeIDE_1.16.1/STM32CubeIDE/plugins/com.st.stm32cube.ide.mcu.externaltools.gnu-tools-for-stm32.12.3.rel1.win32_1.0.200.202406191623/tools/bin/../lib/gcc/arm-none-eabi/12.3.1/thumb/v7e-m+fp/hard/crti.o
                0x0800f568                _init
 .init          0x0800f56c        0x8 C:/ST/STM32CubeIDE_1.16.1/STM32CubeIDE/plugins/com.st.stm32cube.ide.mcu.externaltools.gnu-tools-for-stm32.12.3.rel1.win32_1.0.200.202406191623/tools/bin/../lib/gcc/arm-none-eabi/12.3.1/thumb/v7e-m+fp/hard/crtn.o
 *(.fini)
 .fini          0x0800f574        0x4 C:/ST/STM32CubeIDE_1.16.1/STM32CubeIDE/plugins/com.st.stm32cube.ide.mcu.externaltools.gnu-tools-for-stm32.12.3.rel1.win32_1.0.200.202406191623/tools/bin/../lib/gcc/arm-none-eabi/12.3.1/thumb/v7e-m+fp/hard/crti.o
                0x0800f574                _fini
 .fini          0x0800f578        0x8 C:/ST/STM32CubeIDE_1.16.1/STM32CubeIDE/plugins/com.st.stm32cube.ide.mcu.externaltools.gnu-tools-for-stm32.12.3.rel1.win32_1.0.200.202406191623/tools/bin/../lib/gcc/arm-none-eabi/12.3.1/thumb/v7e-m+fp/hard/crtn.o
                0x0800f580                        . = ALIGN (0x4)
                0x0800f580                        _etext = .

.vfp11_veneer   0x0800f580        0x0
 .vfp11_veneer  0x0800f580        0x0 linker stubs

.v4_bx          0x0800f580        0x0
 .v4_bx         0x0800f580        0x0 linker stubs

.iplt           0x0800f580        0x0
 .iplt          0x0800f580        0x0 C:/ST/STM32CubeIDE_1.16.1/STM32CubeIDE/plugins/com.st.stm32cube.ide.mcu.externaltools.gnu-tools-for-stm32.12.3.rel1.win32_1.0.200.202406191623/tools/bin/../lib/gcc/arm-none-eabi/12.3.1/thumb/v7e-m+fp/hard/crtbegin.o

.rodata         0x0800f580      0x528
                0x0800f580                        . = ALIGN (0x4)
 *(.rodata)
 .rodata        0x0800f580        0x8 ./Core/Src/File_Handling.o
 .rodata        0x0800f588        0x4 ./Middlewares/ST/STM32_USB_Host_Library/Class/MSC/Src/usbh_msc.o
 .rodata        0x0800f58c       0x48 ./Middlewares/Third_Party/FatFs/src/ff.o
 *(.rodata*)
 .rodata.I2SFreq
                0x0800f5d4       0x20 ./Core/Src/AUDIO.o
                0x0800f5d4                I2SFreq
 .rodata.I2SPLLN
                0x0800f5f4       0x20 ./Core/Src/AUDIO.o
                0x0800f5f4                I2SPLLN
 .rodata.I2SPLLR
                0x0800f614       0x20 ./Core/Src/AUDIO.o
                0x0800f614                I2SPLLR
 .rodata.AHBPrescTable
                0x0800f634       0x10 ./Core/Src/system_stm32f4xx.o
                0x0800f634                AHBPrescTable
 .rodata.APBPrescTable
                0x0800f644        0x8 ./Core/Src/system_stm32f4xx.o
                0x0800f644                APBPrescTable
 .rodata.flagBitshiftOffset.0
                0x0800f64c        0x8 ./Drivers/STM32F4xx_HAL_Driver/Src/stm32f4xx_hal_dma.o
 .rodata.USBH_Driver
                0x0800f654       0x14 ./FATFS/Target/usbh_diskio.o
                0x0800f654                USBH_Driver
 .rodata.ExCvt  0x0800f668       0x80 ./Middlewares/Third_Party/FatFs/src/ff.o
 .rodata.LfnOfs
                0x0800f6e8        0xd ./Middlewares/Third_Party/FatFs/src/ff.o
 *fill*         0x0800f6f5        0x3 
 .rodata.Tbl    0x0800f6f8      0x100 ./Middlewares/Third_Party/FatFs/src/option/ccsbcs.o
 .rodata.cvt1.1
                0x0800f7f8      0x1f2 ./Middlewares/Third_Party/FatFs/src/option/ccsbcs.o
 *fill*         0x0800f9ea        0x2 
 .rodata.cvt2.0
                0x0800f9ec       0xbc ./Middlewares/Third_Party/FatFs/src/option/ccsbcs.o
                0x0800faa8                        . = ALIGN (0x4)

.ARM.extab      0x0800faa8        0x0
                0x0800faa8                        . = ALIGN (0x4)
 *(.ARM.extab* .gnu.linkonce.armextab.*)
                0x0800faa8                        . = ALIGN (0x4)

.ARM            0x0800faa8        0x8
                0x0800faa8                        . = ALIGN (0x4)
                0x0800faa8                        __exidx_start = .
 *(.ARM.exidx*)
 .ARM.exidx     0x0800faa8        0x8 C:/ST/STM32CubeIDE_1.16.1/STM32CubeIDE/plugins/com.st.stm32cube.ide.mcu.externaltools.gnu-tools-for-stm32.12.3.rel1.win32_1.0.200.202406191623/tools/bin/../lib/gcc/arm-none-eabi/12.3.1/thumb/v7e-m+fp/hard\libgcc.a(_udivmoddi4.o)
                0x0800fab0                        __exidx_end = .
                0x0800fab0                        . = ALIGN (0x4)

.rel.dyn        0x0800fab0        0x0
 .rel.iplt      0x0800fab0        0x0 C:/ST/STM32CubeIDE_1.16.1/STM32CubeIDE/plugins/com.st.stm32cube.ide.mcu.externaltools.gnu-tools-for-stm32.12.3.rel1.win32_1.0.200.202406191623/tools/bin/../lib/gcc/arm-none-eabi/12.3.1/thumb/v7e-m+fp/hard/crtbegin.o

.preinit_array  0x0800fab0        0x0
                0x0800fab0                        . = ALIGN (0x4)
                0x0800fab0                        PROVIDE (__preinit_array_start = .)
 *(.preinit_array*)
                0x0800fab0                        PROVIDE (__preinit_array_end = .)
                0x0800fab0                        . = ALIGN (0x4)

.init_array     0x0800fab0        0x4
                0x0800fab0                        . = ALIGN (0x4)
                0x0800fab0                        PROVIDE (__init_array_start = .)
 *(SORT_BY_NAME(.init_array.*))
 *(.init_array*)
 .init_array    0x0800fab0        0x4 C:/ST/STM32CubeIDE_1.16.1/STM32CubeIDE/plugins/com.st.stm32cube.ide.mcu.externaltools.gnu-tools-for-stm32.12.3.rel1.win32_1.0.200.202406191623/tools/bin/../lib/gcc/arm-none-eabi/12.3.1/thumb/v7e-m+fp/hard/crtbegin.o
                0x0800fab4                        PROVIDE (__init_array_end = .)
                0x0800fab4                        . = ALIGN (0x4)

.fini_array     0x0800fab4        0x4
                0x0800fab4                        . = ALIGN (0x4)
                [!provide]                        PROVIDE (__fini_array_start = .)
 *(SORT_BY_NAME(.fini_array.*))
 *(.fini_array*)
 .fini_array    0x0800fab4        0x4 C:/ST/STM32CubeIDE_1.16.1/STM32CubeIDE/plugins/com.st.stm32cube.ide.mcu.externaltools.gnu-tools-for-stm32.12.3.rel1.win32_1.0.200.202406191623/tools/bin/../lib/gcc/arm-none-eabi/12.3.1/thumb/v7e-m+fp/hard/crtbegin.o
                [!provide]                        PROVIDE (__fini_array_end = .)
                0x0800fab8                        . = ALIGN (0x4)
                0x0800fab8                        _sidata = LOADADDR (.data)

.data           0x20000000       0xb8 load address 0x0800fab8
                0x20000000                        . = ALIGN (0x4)
                0x20000000                        _sdata = .
 *(.data)
 *(.data*)
 .data.I2cxTimeout
                0x20000000        0x4 ./Core/Src/AUDIO_LINK.o
                0x20000000                I2cxTimeout
 .data.cs43l22_drv
                0x20000004       0x30 ./Core/Src/cs43l22.o
                0x20000004                cs43l22_drv
 .data.Is_cs43l22_Stop
                0x20000034        0x1 ./Core/Src/cs43l22.o
 *fill*         0x20000035        0x3 
 .data.SystemCoreClock
                0x20000038        0x4 ./Core/Src/system_stm32f4xx.o
                0x20000038                SystemCoreClock
 .data.uwVolume
                0x2000003c        0x4 ./Core/Src/waveplayer.o
 .data.uwTickPrio
                0x20000040        0x4 ./Drivers/STM32F4xx_HAL_Driver/Src/stm32f4xx_hal.o
                0x20000040                uwTickPrio
 .data.uwTickFreq
                0x20000044        0x1 ./Drivers/STM32F4xx_HAL_Driver/Src/stm32f4xx_hal.o
                0x20000044                uwTickFreq
 *fill*         0x20000045        0x3 
 .data.USBH_msc
                0x20000048       0x20 ./Middlewares/ST/STM32_USB_Host_Library/Class/MSC/Src/usbh_msc.o
                0x20000048                USBH_msc
 .data._impure_ptr
                0x20000068        0x4 C:/ST/STM32CubeIDE_1.16.1/STM32CubeIDE/plugins/com.st.stm32cube.ide.mcu.externaltools.gnu-tools-for-stm32.12.3.rel1.win32_1.0.200.202406191623/tools/bin/../lib/gcc/arm-none-eabi/12.3.1/../../../../arm-none-eabi/lib/thumb/v7e-m+fp/hard\libc_nano.a(libc_a-impure.o)
                0x20000068                _impure_ptr
 .data._impure_data
                0x2000006c       0x4c C:/ST/STM32CubeIDE_1.16.1/STM32CubeIDE/plugins/com.st.stm32cube.ide.mcu.externaltools.gnu-tools-for-stm32.12.3.rel1.win32_1.0.200.202406191623/tools/bin/../lib/gcc/arm-none-eabi/12.3.1/../../../../arm-none-eabi/lib/thumb/v7e-m+fp/hard\libc_nano.a(libc_a-impure.o)
                0x2000006c                _impure_data
 *(.RamFunc)
 *(.RamFunc*)
                0x200000b8                        . = ALIGN (0x4)
                0x200000b8                        _edata = .

.igot.plt       0x200000b8        0x0 load address 0x0800fb70
 .igot.plt      0x200000b8        0x0 C:/ST/STM32CubeIDE_1.16.1/STM32CubeIDE/plugins/com.st.stm32cube.ide.mcu.externaltools.gnu-tools-for-stm32.12.3.rel1.win32_1.0.200.202406191623/tools/bin/../lib/gcc/arm-none-eabi/12.3.1/thumb/v7e-m+fp/hard/crtbegin.o
                0x200000b8                        . = ALIGN (0x4)

.bss            0x200000b8     0x24cc load address 0x0800fb70
                0x200000b8                        _sbss = .
                0x200000b8                        __bss_start__ = _sbss
 *(.bss)
 .bss           0x200000b8       0x1c C:/ST/STM32CubeIDE_1.16.1/STM32CubeIDE/plugins/com.st.stm32cube.ide.mcu.externaltools.gnu-tools-for-stm32.12.3.rel1.win32_1.0.200.202406191623/tools/bin/../lib/gcc/arm-none-eabi/12.3.1/thumb/v7e-m+fp/hard/crtbegin.o
 *(.bss*)
 .bss.pAudioDrv
                0x200000d4        0x4 ./Core/Src/AUDIO.o
 .bss.hAudioOutI2s
                0x200000d8       0x48 ./Core/Src/AUDIO.o
                0x200000d8                hAudioOutI2s
 .bss.hdma_i2sTx.0
                0x20000120       0x60 ./Core/Src/AUDIO.o
 .bss.I2cHandle
                0x20000180       0x54 ./Core/Src/AUDIO_LINK.o
 .bss.fresult   0x200001d4        0x1 ./Core/Src/File_Handling.o
                0x200001d4                fresult
 *fill*         0x200001d5        0x1 
 .bss.NumObs    0x200001d6        0x2 ./Core/Src/File_Handling.o
                0x200001d6                NumObs
 .bss.OutputDev
                0x200001d8        0x1 ./Core/Src/cs43l22.o
                0x200001d8                OutputDev
 *fill*         0x200001d9        0x3 
 .bss.hi2c1     0x200001dc       0x54 ./Core/Src/main.o
                0x200001dc                hi2c1
 .bss.hi2s3     0x20000230       0x48 ./Core/Src/main.o
                0x20000230                hi2s3
 .bss.hdma_spi3_tx
                0x20000278       0x60 ./Core/Src/main.o
                0x20000278                hdma_spi3_tx
 .bss.IsFinished
                0x200002d8        0x4 ./Core/Src/main.o
                0x200002d8                IsFinished
 .bss.__sbrk_heap_end
                0x200002dc        0x4 ./Core/Src/sysmem.o
 .bss.BufferCtl
                0x200002e0     0x1008 ./Core/Src/waveplayer.o
 .bss.AudioState
                0x200012e8        0x1 ./Core/Src/waveplayer.o
                0x200012e8                AudioState
 *fill*         0x200012e9        0x1 
 .bss.FilePos   0x200012ea        0x2 ./Core/Src/waveplayer.o
 .bss.FileList  0x200012ec      0x3da ./Core/Src/waveplayer.o
                0x200012ec                FileList
 *fill*         0x200016c6        0x2 
 .bss.WaveFormat
                0x200016c8       0x2c ./Core/Src/waveplayer.o
                0x200016c8                WaveFormat
 .bss.WavFile   0x200016f4      0x230 ./Core/Src/waveplayer.o
                0x200016f4                WavFile
 .bss.uwTick    0x20001924        0x4 ./Drivers/STM32F4xx_HAL_Driver/Src/stm32f4xx_hal.o
                0x20001924                uwTick
 .bss.tmpreg.0  0x20001928        0x4 ./Drivers/STM32F4xx_HAL_Driver/Src/stm32f4xx_ll_usb.o
 .bss.retUSBH   0x2000192c        0x1 ./FATFS/App/fatfs.o
                0x2000192c                retUSBH
 *fill*         0x2000192d        0x3 
 .bss.USBHPath  0x20001930        0x4 ./FATFS/App/fatfs.o
                0x20001930                USBHPath
 .bss.USBHFatFS
                0x20001934      0x234 ./FATFS/App/fatfs.o
                0x20001934                USBHFatFS
 .bss.FatFs     0x20001b68        0x4 ./Middlewares/Third_Party/FatFs/src/ff.o
 .bss.Fsid      0x20001b6c        0x2 ./Middlewares/Third_Party/FatFs/src/ff.o
 *fill*         0x20001b6e        0x2 
 .bss.Files     0x20001b70       0x20 ./Middlewares/Third_Party/FatFs/src/ff.o
 .bss.LfnBuf    0x20001b90      0x200 ./Middlewares/Third_Party/FatFs/src/ff.o
 .bss.disk      0x20001d90        0xc ./Middlewares/Third_Party/FatFs/src/ff_gen_drv.o
                0x20001d90                disk
 .bss.hUsbHostFS
                0x20001d9c      0x3d8 ./USB_HOST/App/usb_host.o
                0x20001d9c                hUsbHostFS
 .bss.Appli_state
                0x20002174        0x1 ./USB_HOST/App/usb_host.o
                0x20002174                Appli_state
 *fill*         0x20002175        0x3 
 .bss.hhcd_USB_OTG_FS
                0x20002178      0x2c4 ./USB_HOST/Target/usbh_conf.o
                0x20002178                hhcd_USB_OTG_FS
 .bss.__malloc_sbrk_start
                0x2000243c        0x4 C:/ST/STM32CubeIDE_1.16.1/STM32CubeIDE/plugins/com.st.stm32cube.ide.mcu.externaltools.gnu-tools-for-stm32.12.3.rel1.win32_1.0.200.202406191623/tools/bin/../lib/gcc/arm-none-eabi/12.3.1/../../../../arm-none-eabi/lib/thumb/v7e-m+fp/hard\libc_nano.a(libc_a-mallocr.o)
                0x2000243c                __malloc_sbrk_start
 .bss.__malloc_free_list
                0x20002440        0x4 C:/ST/STM32CubeIDE_1.16.1/STM32CubeIDE/plugins/com.st.stm32cube.ide.mcu.externaltools.gnu-tools-for-stm32.12.3.rel1.win32_1.0.200.202406191623/tools/bin/../lib/gcc/arm-none-eabi/12.3.1/../../../../arm-none-eabi/lib/thumb/v7e-m+fp/hard\libc_nano.a(libc_a-mallocr.o)
                0x20002440                __malloc_free_list
 .bss.__sf      0x20002444      0x138 C:/ST/STM32CubeIDE_1.16.1/STM32CubeIDE/plugins/com.st.stm32cube.ide.mcu.externaltools.gnu-tools-for-stm32.12.3.rel1.win32_1.0.200.202406191623/tools/bin/../lib/gcc/arm-none-eabi/12.3.1/../../../../arm-none-eabi/lib/thumb/v7e-m+fp/hard\libc_nano.a(libc_a-findfp.o)
                0x20002444                __sf
 .bss.errno     0x2000257c        0x4 C:/ST/STM32CubeIDE_1.16.1/STM32CubeIDE/plugins/com.st.stm32cube.ide.mcu.externaltools.gnu-tools-for-stm32.12.3.rel1.win32_1.0.200.202406191623/tools/bin/../lib/gcc/arm-none-eabi/12.3.1/../../../../arm-none-eabi/lib/thumb/v7e-m+fp/hard\libc_nano.a(libc_a-reent.o)
                0x2000257c                errno
 .bss.__lock___malloc_recursive_mutex
                0x20002580        0x1 C:/ST/STM32CubeIDE_1.16.1/STM32CubeIDE/plugins/com.st.stm32cube.ide.mcu.externaltools.gnu-tools-for-stm32.12.3.rel1.win32_1.0.200.202406191623/tools/bin/../lib/gcc/arm-none-eabi/12.3.1/../../../../arm-none-eabi/lib/thumb/v7e-m+fp/hard\libc_nano.a(libc_a-lock.o)
                0x20002580                __lock___malloc_recursive_mutex
 *(COMMON)
                0x20002584                        . = ALIGN (0x4)
 *fill*         0x20002581        0x3 
                0x20002584                        _ebss = .
                0x20002584                        __bss_end__ = _ebss

._user_heap_stack
                0x20002584      0x604 load address 0x0800fb70
                0x20002588                        . = ALIGN (0x8)
 *fill*         0x20002584        0x4 
                [!provide]                        PROVIDE (end = .)
                0x20002588                        PROVIDE (_end = .)
                0x20002788                        . = (. + _Min_Heap_Size)
 *fill*         0x20002588      0x200 
                0x20002b88                        . = (. + _Min_Stack_Size)
 *fill*         0x20002788      0x400 
                0x20002b88                        . = ALIGN (0x8)

/DISCARD/
 libc.a(*)
 libm.a(*)
 libgcc.a(*)

.ARM.attributes
                0x00000000       0x30
 *(.ARM.attributes)
 .ARM.attributes
                0x00000000       0x22 C:/ST/STM32CubeIDE_1.16.1/STM32CubeIDE/plugins/com.st.stm32cube.ide.mcu.externaltools.gnu-tools-for-stm32.12.3.rel1.win32_1.0.200.202406191623/tools/bin/../lib/gcc/arm-none-eabi/12.3.1/thumb/v7e-m+fp/hard/crti.o
 .ARM.attributes
                0x00000022       0x34 C:/ST/STM32CubeIDE_1.16.1/STM32CubeIDE/plugins/com.st.stm32cube.ide.mcu.externaltools.gnu-tools-for-stm32.12.3.rel1.win32_1.0.200.202406191623/tools/bin/../lib/gcc/arm-none-eabi/12.3.1/thumb/v7e-m+fp/hard/crtbegin.o
 .ARM.attributes
                0x00000056       0x34 ./Core/Src/AUDIO.o
 .ARM.attributes
                0x0000008a       0x34 ./Core/Src/AUDIO_LINK.o
 .ARM.attributes
                0x000000be       0x34 ./Core/Src/File_Handling.o
 .ARM.attributes
                0x000000f2       0x34 ./Core/Src/cs43l22.o
 .ARM.attributes
                0x00000126       0x34 ./Core/Src/main.o
 .ARM.attributes
                0x0000015a       0x34 ./Core/Src/stm32f4xx_hal_msp.o
 .ARM.attributes
                0x0000018e       0x34 ./Core/Src/stm32f4xx_it.o
 .ARM.attributes
                0x000001c2       0x34 ./Core/Src/sysmem.o
 .ARM.attributes
                0x000001f6       0x34 ./Core/Src/system_stm32f4xx.o
 .ARM.attributes
                0x0000022a       0x34 ./Core/Src/waveplayer.o
 .ARM.attributes
                0x0000025e       0x21 ./Core/Startup/startup_stm32f411vetx.o
 .ARM.attributes
                0x0000027f       0x34 ./Drivers/STM32F4xx_HAL_Driver/Src/stm32f4xx_hal.o
 .ARM.attributes
                0x000002b3       0x34 ./Drivers/STM32F4xx_HAL_Driver/Src/stm32f4xx_hal_cortex.o
 .ARM.attributes
                0x000002e7       0x34 ./Drivers/STM32F4xx_HAL_Driver/Src/stm32f4xx_hal_dma.o
 .ARM.attributes
                0x0000031b       0x34 ./Drivers/STM32F4xx_HAL_Driver/Src/stm32f4xx_hal_gpio.o
 .ARM.attributes
                0x0000034f       0x34 ./Drivers/STM32F4xx_HAL_Driver/Src/stm32f4xx_hal_hcd.o
 .ARM.attributes
                0x00000383       0x34 ./Drivers/STM32F4xx_HAL_Driver/Src/stm32f4xx_hal_i2c.o
 .ARM.attributes
                0x000003b7       0x34 ./Drivers/STM32F4xx_HAL_Driver/Src/stm32f4xx_hal_i2s.o
 .ARM.attributes
                0x000003eb       0x34 ./Drivers/STM32F4xx_HAL_Driver/Src/stm32f4xx_hal_i2s_ex.o
 .ARM.attributes
                0x0000041f       0x34 ./Drivers/STM32F4xx_HAL_Driver/Src/stm32f4xx_hal_rcc.o
 .ARM.attributes
                0x00000453       0x34 ./Drivers/STM32F4xx_HAL_Driver/Src/stm32f4xx_hal_rcc_ex.o
 .ARM.attributes
                0x00000487       0x34 ./Drivers/STM32F4xx_HAL_Driver/Src/stm32f4xx_ll_usb.o
 .ARM.attributes
                0x000004bb       0x34 ./FATFS/App/fatfs.o
 .ARM.attributes
                0x000004ef       0x34 ./FATFS/Target/usbh_diskio.o
 .ARM.attributes
                0x00000523       0x34 ./Middlewares/ST/STM32_USB_Host_Library/Class/MSC/Src/usbh_msc.o
 .ARM.attributes
                0x00000557       0x34 ./Middlewares/ST/STM32_USB_Host_Library/Class/MSC/Src/usbh_msc_bot.o
 .ARM.attributes
                0x0000058b       0x34 ./Middlewares/ST/STM32_USB_Host_Library/Class/MSC/Src/usbh_msc_scsi.o
 .ARM.attributes
                0x000005bf       0x34 ./Middlewares/ST/STM32_USB_Host_Library/Core/Src/usbh_core.o
 .ARM.attributes
                0x000005f3       0x34 ./Middlewares/ST/STM32_USB_Host_Library/Core/Src/usbh_ctlreq.o
 .ARM.attributes
                0x00000627       0x34 ./Middlewares/ST/STM32_USB_Host_Library/Core/Src/usbh_ioreq.o
 .ARM.attributes
                0x0000065b       0x34 ./Middlewares/ST/STM32_USB_Host_Library/Core/Src/usbh_pipes.o
 .ARM.attributes
                0x0000068f       0x34 ./Middlewares/Third_Party/FatFs/src/diskio.o
 .ARM.attributes
                0x000006c3       0x34 ./Middlewares/Third_Party/FatFs/src/ff.o
 .ARM.attributes
                0x000006f7       0x34 ./Middlewares/Third_Party/FatFs/src/ff_gen_drv.o
 .ARM.attributes
                0x0000072b       0x34 ./Middlewares/Third_Party/FatFs/src/option/ccsbcs.o
 .ARM.attributes
                0x0000075f       0x34 ./USB_HOST/App/usb_host.o
 .ARM.attributes
                0x00000793       0x34 ./USB_HOST/Target/usbh_conf.o
 .ARM.attributes
                0x000007c7       0x34 ./USB_HOST/Target/usbh_platform.o
 .ARM.attributes
                0x000007fb       0x34 C:/ST/STM32CubeIDE_1.16.1/STM32CubeIDE/plugins/com.st.stm32cube.ide.mcu.externaltools.gnu-tools-for-stm32.12.3.rel1.win32_1.0.200.202406191623/tools/bin/../lib/gcc/arm-none-eabi/12.3.1/../../../../arm-none-eabi/lib/thumb/v7e-m+fp/hard\libc_nano.a(libc_a-malloc.o)
 .ARM.attributes
                0x0000082f       0x34 C:/ST/STM32CubeIDE_1.16.1/STM32CubeIDE/plugins/com.st.stm32cube.ide.mcu.externaltools.gnu-tools-for-stm32.12.3.rel1.win32_1.0.200.202406191623/tools/bin/../lib/gcc/arm-none-eabi/12.3.1/../../../../arm-none-eabi/lib/thumb/v7e-m+fp/hard\libc_nano.a(libc_a-mallocr.o)
 .ARM.attributes
                0x00000863       0x34 C:/ST/STM32CubeIDE_1.16.1/STM32CubeIDE/plugins/com.st.stm32cube.ide.mcu.externaltools.gnu-tools-for-stm32.12.3.rel1.win32_1.0.200.202406191623/tools/bin/../lib/gcc/arm-none-eabi/12.3.1/../../../../arm-none-eabi/lib/thumb/v7e-m+fp/hard\libc_nano.a(libc_a-mlock.o)
 .ARM.attributes
                0x00000897       0x34 C:/ST/STM32CubeIDE_1.16.1/STM32CubeIDE/plugins/com.st.stm32cube.ide.mcu.externaltools.gnu-tools-for-stm32.12.3.rel1.win32_1.0.200.202406191623/tools/bin/../lib/gcc/arm-none-eabi/12.3.1/../../../../arm-none-eabi/lib/thumb/v7e-m+fp/hard\libc_nano.a(libc_a-findfp.o)
 .ARM.attributes
                0x000008cb       0x34 C:/ST/STM32CubeIDE_1.16.1/STM32CubeIDE/plugins/com.st.stm32cube.ide.mcu.externaltools.gnu-tools-for-stm32.12.3.rel1.win32_1.0.200.202406191623/tools/bin/../lib/gcc/arm-none-eabi/12.3.1/../../../../arm-none-eabi/lib/thumb/v7e-m+fp/hard\libc_nano.a(libc_a-memset.o)
 .ARM.attributes
                0x000008ff       0x34 C:/ST/STM32CubeIDE_1.16.1/STM32CubeIDE/plugins/com.st.stm32cube.ide.mcu.externaltools.gnu-tools-for-stm32.12.3.rel1.win32_1.0.200.202406191623/tools/bin/../lib/gcc/arm-none-eabi/12.3.1/../../../../arm-none-eabi/lib/thumb/v7e-m+fp/hard\libc_nano.a(libc_a-strncpy.o)
 .ARM.attributes
                0x00000933       0x34 C:/ST/STM32CubeIDE_1.16.1/STM32CubeIDE/plugins/com.st.stm32cube.ide.mcu.externaltools.gnu-tools-for-stm32.12.3.rel1.win32_1.0.200.202406191623/tools/bin/../lib/gcc/arm-none-eabi/12.3.1/../../../../arm-none-eabi/lib/thumb/v7e-m+fp/hard\libc_nano.a(libc_a-strstr.o)
 .ARM.attributes
                0x00000967       0x34 C:/ST/STM32CubeIDE_1.16.1/STM32CubeIDE/plugins/com.st.stm32cube.ide.mcu.externaltools.gnu-tools-for-stm32.12.3.rel1.win32_1.0.200.202406191623/tools/bin/../lib/gcc/arm-none-eabi/12.3.1/../../../../arm-none-eabi/lib/thumb/v7e-m+fp/hard\libc_nano.a(libc_a-reent.o)
 .ARM.attributes
                0x0000099b       0x34 C:/ST/STM32CubeIDE_1.16.1/STM32CubeIDE/plugins/com.st.stm32cube.ide.mcu.externaltools.gnu-tools-for-stm32.12.3.rel1.win32_1.0.200.202406191623/tools/bin/../lib/gcc/arm-none-eabi/12.3.1/../../../../arm-none-eabi/lib/thumb/v7e-m+fp/hard\libc_nano.a(libc_a-impure.o)
 .ARM.attributes
                0x000009cf       0x34 C:/ST/STM32CubeIDE_1.16.1/STM32CubeIDE/plugins/com.st.stm32cube.ide.mcu.externaltools.gnu-tools-for-stm32.12.3.rel1.win32_1.0.200.202406191623/tools/bin/../lib/gcc/arm-none-eabi/12.3.1/../../../../arm-none-eabi/lib/thumb/v7e-m+fp/hard\libc_nano.a(libc_a-sbrkr.o)
 .ARM.attributes
                0x00000a03       0x34 C:/ST/STM32CubeIDE_1.16.1/STM32CubeIDE/plugins/com.st.stm32cube.ide.mcu.externaltools.gnu-tools-for-stm32.12.3.rel1.win32_1.0.200.202406191623/tools/bin/../lib/gcc/arm-none-eabi/12.3.1/../../../../arm-none-eabi/lib/thumb/v7e-m+fp/hard\libc_nano.a(libc_a-errno.o)
 .ARM.attributes
                0x00000a37       0x34 C:/ST/STM32CubeIDE_1.16.1/STM32CubeIDE/plugins/com.st.stm32cube.ide.mcu.externaltools.gnu-tools-for-stm32.12.3.rel1.win32_1.0.200.202406191623/tools/bin/../lib/gcc/arm-none-eabi/12.3.1/../../../../arm-none-eabi/lib/thumb/v7e-m+fp/hard\libc_nano.a(libc_a-init.o)
 .ARM.attributes
                0x00000a6b       0x34 C:/ST/STM32CubeIDE_1.16.1/STM32CubeIDE/plugins/com.st.stm32cube.ide.mcu.externaltools.gnu-tools-for-stm32.12.3.rel1.win32_1.0.200.202406191623/tools/bin/../lib/gcc/arm-none-eabi/12.3.1/../../../../arm-none-eabi/lib/thumb/v7e-m+fp/hard\libc_nano.a(libc_a-lock.o)
 .ARM.attributes
                0x00000a9f       0x34 C:/ST/STM32CubeIDE_1.16.1/STM32CubeIDE/plugins/com.st.stm32cube.ide.mcu.externaltools.gnu-tools-for-stm32.12.3.rel1.win32_1.0.200.202406191623/tools/bin/../lib/gcc/arm-none-eabi/12.3.1/../../../../arm-none-eabi/lib/thumb/v7e-m+fp/hard\libc_nano.a(libc_a-memcpy-stub.o)
 .ARM.attributes
                0x00000ad3       0x34 C:/ST/STM32CubeIDE_1.16.1/STM32CubeIDE/plugins/com.st.stm32cube.ide.mcu.externaltools.gnu-tools-for-stm32.12.3.rel1.win32_1.0.200.202406191623/tools/bin/../lib/gcc/arm-none-eabi/12.3.1/../../../../arm-none-eabi/lib/thumb/v7e-m+fp/hard\libc_nano.a(libc_a-freer.o)
 .ARM.attributes
                0x00000b07       0x22 C:/ST/STM32CubeIDE_1.16.1/STM32CubeIDE/plugins/com.st.stm32cube.ide.mcu.externaltools.gnu-tools-for-stm32.12.3.rel1.win32_1.0.200.202406191623/tools/bin/../lib/gcc/arm-none-eabi/12.3.1/thumb/v7e-m+fp/hard\libgcc.a(_aeabi_uldivmod.o)
 .ARM.attributes
                0x00000b29       0x34 C:/ST/STM32CubeIDE_1.16.1/STM32CubeIDE/plugins/com.st.stm32cube.ide.mcu.externaltools.gnu-tools-for-stm32.12.3.rel1.win32_1.0.200.202406191623/tools/bin/../lib/gcc/arm-none-eabi/12.3.1/thumb/v7e-m+fp/hard\libgcc.a(_udivmoddi4.o)
 .ARM.attributes
                0x00000b5d       0x22 C:/ST/STM32CubeIDE_1.16.1/STM32CubeIDE/plugins/com.st.stm32cube.ide.mcu.externaltools.gnu-tools-for-stm32.12.3.rel1.win32_1.0.200.202406191623/tools/bin/../lib/gcc/arm-none-eabi/12.3.1/thumb/v7e-m+fp/hard\libgcc.a(_dvmd_tls.o)
 .ARM.attributes
                0x00000b7f       0x22 C:/ST/STM32CubeIDE_1.16.1/STM32CubeIDE/plugins/com.st.stm32cube.ide.mcu.externaltools.gnu-tools-for-stm32.12.3.rel1.win32_1.0.200.202406191623/tools/bin/../lib/gcc/arm-none-eabi/12.3.1/thumb/v7e-m+fp/hard/crtn.o
OUTPUT(TUT_F4_AUDIO_I2S.elf elf32-littlearm)
LOAD linker stubs
LOAD C:/ST/STM32CubeIDE_1.16.1/STM32CubeIDE/plugins/com.st.stm32cube.ide.mcu.externaltools.gnu-tools-for-stm32.12.3.rel1.win32_1.0.200.202406191623/tools/bin/../lib/gcc/arm-none-eabi/12.3.1/../../../../arm-none-eabi/lib/thumb/v7e-m+fp/hard\libc.a
LOAD C:/ST/STM32CubeIDE_1.16.1/STM32CubeIDE/plugins/com.st.stm32cube.ide.mcu.externaltools.gnu-tools-for-stm32.12.3.rel1.win32_1.0.200.202406191623/tools/bin/../lib/gcc/arm-none-eabi/12.3.1/../../../../arm-none-eabi/lib/thumb/v7e-m+fp/hard\libm.a